Component: ARM Compiler 6.16 Tool: armlink [5dfeaa00]

==============================================================================

Section Cross References

    main.o(.text.main) refers to clocks.o(.text.Clocks_Init) for Clocks_Init
    main.o(.text.main) refers to keypad.o(.text.keyPad_Init) for keyPad_Init
    main.o(.text.main) refers to systick.o(.text.SysTick_Init) for SysTick_Init
    main.o(.text.main) refers to lcd.o(.text.LCD_Init) for LCD_Init
    main.o(.text.main) refers to lcd.o(.text.LCD_Clear) for LCD_Clear
    main.o(.text.main) refers to lcd.o(.text.LCD_Write_String) for LCD_Write_String
    main.o(.text.main) refers to lcd.o(.text.LCD_Set_Cursor) for LCD_Set_Cursor
    main.o(.text.main) refers to main.o(.data.data) for data
    main.o(.text.main) refers to main.o(.bss.keyPad_char) for keyPad_char
    main.o(.text.main) refers to keypad.o(.text.get_keyPadChar) for get_keyPadChar
    main.o(.text.main) refers to keypad.o(.text.registerKeyPress) for registerKeyPress
    main.o(.ARM.exidx.text.main) refers to main.o(.text.main) for [Anonymous Symbol]
    keypad.o(.text.keyPad_Init) refers to gpio.o(.text.GPIO_Reset) for GPIO_Reset
    keypad.o(.text.keyPad_Init) refers to gpio.o(.text.GPIO_Output_Init) for GPIO_Output_Init
    keypad.o(.text.keyPad_Init) refers to gpio.o(.text.GPIO_Input_Init_Reg) for GPIO_Input_Init_Reg
    keypad.o(.ARM.exidx.text.keyPad_Init) refers to keypad.o(.text.keyPad_Init) for [Anonymous Symbol]
    keypad.o(.text.get_keyPadChar) refers to keypad.o(.rodata.cst4) for keyPadRowPin
    keypad.o(.text.get_keyPadChar) refers to keypad.o(.text.activateColumn) for activateColumn
    keypad.o(.text.get_keyPadChar) refers to gpio.o(.text.GPIO_Input_Read) for GPIO_Input_Read
    keypad.o(.text.get_keyPadChar) refers to systick.o(.text.SysTick_DelayMs) for SysTick_DelayMs
    keypad.o(.ARM.exidx.text.get_keyPadChar) refers to keypad.o(.text.get_keyPadChar) for [Anonymous Symbol]
    keypad.o(.text.activateColumn) refers to gpio.o(.text.GPIO_Output_Clear_Reg) for GPIO_Output_Clear_Reg
    keypad.o(.text.activateColumn) refers to gpio.o(.text.GPIO_Output_Reg_Write) for GPIO_Output_Reg_Write
    keypad.o(.ARM.exidx.text.activateColumn) refers to keypad.o(.text.activateColumn) for [Anonymous Symbol]
    keypad.o(.ARM.exidx.text.registerKeyPress) refers to keypad.o(.text.registerKeyPress) for [Anonymous Symbol]
    lcd.o(.text.LCD_Init) refers to gpio.o(.text.GPIO_Output_Init) for GPIO_Output_Init
    lcd.o(.text.LCD_Init) refers to systick.o(.text.SysTick_DelayMs) for SysTick_DelayMs
    lcd.o(.text.LCD_Init) refers to lcd.o(.text.LCD_Write) for LCD_Write
    lcd.o(.ARM.exidx.text.LCD_Init) refers to lcd.o(.text.LCD_Init) for [Anonymous Symbol]
    lcd.o(.text.LCD_Write) refers to gpio.o(.text.GPIO_Output_Write) for GPIO_Output_Write
    lcd.o(.text.LCD_Write) refers to gpio.o(.text.GPIO_Output_Clear_Reg) for GPIO_Output_Clear_Reg
    lcd.o(.text.LCD_Write) refers to gpio.o(.text.GPIO_Output_Reg_Write) for GPIO_Output_Reg_Write
    lcd.o(.text.LCD_Write) refers to systick.o(.text.SysTick_DelayMs) for SysTick_DelayMs
    lcd.o(.ARM.exidx.text.LCD_Write) refers to lcd.o(.text.LCD_Write) for [Anonymous Symbol]
    lcd.o(.text.LCD_Write_Data) refers to lcd.o(.text.LCD_Write) for LCD_Write
    lcd.o(.ARM.exidx.text.LCD_Write_Data) refers to lcd.o(.text.LCD_Write_Data) for [Anonymous Symbol]
    lcd.o(.text.LCD_Write_String) refers to lcd.o(.text.LCD_Write_Data) for LCD_Write_Data
    lcd.o(.ARM.exidx.text.LCD_Write_String) refers to lcd.o(.text.LCD_Write_String) for [Anonymous Symbol]
    lcd.o(.text.LCD_Clear) refers to lcd.o(.text.LCD_Write) for LCD_Write
    lcd.o(.ARM.exidx.text.LCD_Clear) refers to lcd.o(.text.LCD_Clear) for [Anonymous Symbol]
    lcd.o(.text.LCD_Set_Cursor) refers to lcd.o(.rodata.ddramAddr) for ddramAddr
    lcd.o(.text.LCD_Set_Cursor) refers to lcd.o(.text.LCD_Write) for LCD_Write
    lcd.o(.ARM.exidx.text.LCD_Set_Cursor) refers to lcd.o(.text.LCD_Set_Cursor) for [Anonymous Symbol]
    clocks.o(.ARM.exidx.text.Clocks_Init) refers to clocks.o(.text.Clocks_Init) for [Anonymous Symbol]
    gpio.o(.ARM.exidx.text.GPIO_Reset) refers to gpio.o(.text.GPIO_Reset) for [Anonymous Symbol]
    gpio.o(.ARM.exidx.text.GPIO_Input_Init) refers to gpio.o(.text.GPIO_Input_Init) for [Anonymous Symbol]
    gpio.o(.ARM.exidx.text.GPIO_Input_Init_Reg) refers to gpio.o(.text.GPIO_Input_Init_Reg) for [Anonymous Symbol]
    gpio.o(.ARM.exidx.text.GPIO_Output_Init) refers to gpio.o(.text.GPIO_Output_Init) for [Anonymous Symbol]
    gpio.o(.ARM.exidx.text.GPIO_Output_Write) refers to gpio.o(.text.GPIO_Output_Write) for [Anonymous Symbol]
    gpio.o(.ARM.exidx.text.GPIO_Output_Clear_Reg) refers to gpio.o(.text.GPIO_Output_Clear_Reg) for [Anonymous Symbol]
    gpio.o(.ARM.exidx.text.GPIO_Output_Reg_Write) refers to gpio.o(.text.GPIO_Output_Reg_Write) for [Anonymous Symbol]
    gpio.o(.ARM.exidx.text.GPIO_Input_Read) refers to gpio.o(.text.GPIO_Input_Read) for [Anonymous Symbol]
    gpio.o(.ARM.exidx.text.GPIO_Output_Read) refers to gpio.o(.text.GPIO_Output_Read) for [Anonymous Symbol]
    systick.o(.ARM.exidx.text.SysTick_Init) refers to systick.o(.text.SysTick_Init) for [Anonymous Symbol]
    systick.o(.text.SysTick_GetTick) refers to systick.o(.bss.numberOfTicks) for numberOfTicks
    systick.o(.ARM.exidx.text.SysTick_GetTick) refers to systick.o(.text.SysTick_GetTick) for [Anonymous Symbol]
    systick.o(.text.SysTick_DelayMs) refers to systick.o(.bss.numberOfTicks) for numberOfTicks
    systick.o(.ARM.exidx.text.SysTick_DelayMs) refers to systick.o(.text.SysTick_DelayMs) for [Anonymous Symbol]
    systick.o(.text.SysTick_Timer_Done_Counting) refers to systick.o(.text.SysTick_GetTick) for SysTick_GetTick
    systick.o(.ARM.exidx.text.SysTick_Timer_Done_Counting) refers to systick.o(.text.SysTick_Timer_Done_Counting) for [Anonymous Symbol]
    systick.o(.text.SysTick_Handler) refers to systick.o(.bss.numberOfTicks) for numberOfTicks
    systick.o(.ARM.exidx.text.SysTick_Handler) refers to systick.o(.text.SysTick_Handler) for [Anonymous Symbol]
    startup_stm32f10x_md.o(STACK) refers (Special) to heapauxi.o(.text) for __use_two_region_memory
    startup_stm32f10x_md.o(HEAP) refers (Special) to heapauxi.o(.text) for __use_two_region_memory
    startup_stm32f10x_md.o(RESET) refers (Special) to heapauxi.o(.text) for __use_two_region_memory
    startup_stm32f10x_md.o(RESET) refers to startup_stm32f10x_md.o(STACK) for __initial_sp
    startup_stm32f10x_md.o(RESET) refers to startup_stm32f10x_md.o(.text) for Reset_Handler
    startup_stm32f10x_md.o(RESET) refers to systick.o(.text.SysTick_Handler) for SysTick_Handler
    startup_stm32f10x_md.o(.text) refers (Special) to heapauxi.o(.text) for __use_two_region_memory
    startup_stm32f10x_md.o(.text) refers to system_stm32f10x.o(.text.SystemInit) for SystemInit
    startup_stm32f10x_md.o(.text) refers to __main.o(!!!main) for __main
    startup_stm32f10x_md.o(.text) refers to startup_stm32f10x_md.o(HEAP) for Heap_Mem
    startup_stm32f10x_md.o(.text) refers to startup_stm32f10x_md.o(STACK) for Stack_Mem
    system_stm32f10x.o(.text.SystemInit) refers to system_stm32f10x.o(.text.SetSysClock) for SetSysClock
    system_stm32f10x.o(.ARM.exidx.text.SystemInit) refers to system_stm32f10x.o(.text.SystemInit) for [Anonymous Symbol]
    system_stm32f10x.o(.text.SetSysClock) refers to system_stm32f10x.o(.text.SetSysClockTo72) for SetSysClockTo72
    system_stm32f10x.o(.ARM.exidx.text.SetSysClock) refers to system_stm32f10x.o(.text.SetSysClock) for [Anonymous Symbol]
    system_stm32f10x.o(.text.SystemCoreClockUpdate) refers to system_stm32f10x.o(.data.SystemCoreClock) for SystemCoreClock
    system_stm32f10x.o(.text.SystemCoreClockUpdate) refers to system_stm32f10x.o(.rodata.AHBPrescTable) for AHBPrescTable
    system_stm32f10x.o(.ARM.exidx.text.SystemCoreClockUpdate) refers to system_stm32f10x.o(.text.SystemCoreClockUpdate) for [Anonymous Symbol]
    system_stm32f10x.o(.ARM.exidx.text.SetSysClockTo72) refers to system_stm32f10x.o(.text.SetSysClockTo72) for [Anonymous Symbol]
    __main.o(!!!main) refers to __rtentry.o(.ARM.Collect$$rtentry$$00000000) for __rt_entry
    __rtentry.o(.ARM.Collect$$rtentry$$00000000) refers (Special) to __rtentry2.o(.ARM.Collect$$rtentry$$0000000A) for __rt_entry_li
    __rtentry.o(.ARM.Collect$$rtentry$$00000000) refers (Special) to __rtentry2.o(.ARM.Collect$$rtentry$$0000000D) for __rt_entry_main
    __rtentry.o(.ARM.Collect$$rtentry$$00000000) refers (Special) to __rtentry2.o(.ARM.Collect$$rtentry$$0000000C) for __rt_entry_postli_1
    __rtentry.o(.ARM.Collect$$rtentry$$00000000) refers (Special) to __rtentry2.o(.ARM.Collect$$rtentry$$00000009) for __rt_entry_postsh_1
    __rtentry.o(.ARM.Collect$$rtentry$$00000000) refers (Special) to __rtentry2.o(.ARM.Collect$$rtentry$$00000002) for __rt_entry_presh_1
    __rtentry.o(.ARM.Collect$$rtentry$$00000000) refers (Special) to __rtentry4.o(.ARM.Collect$$rtentry$$00000004) for __rt_entry_sh
    __rtentry2.o(.ARM.Collect$$rtentry$$00000008) refers to boardinit2.o(.text) for _platform_post_stackheap_init
    __rtentry2.o(.ARM.Collect$$rtentry$$0000000A) refers to libinit.o(.ARM.Collect$$libinit$$00000000) for __rt_lib_init
    __rtentry2.o(.ARM.Collect$$rtentry$$0000000B) refers to boardinit3.o(.text) for _platform_post_lib_init
    __rtentry2.o(.ARM.Collect$$rtentry$$0000000D) refers to main.o(.text.main) for main
    __rtentry2.o(.ARM.Collect$$rtentry$$0000000D) refers to exit.o(.text) for exit
    __rtentry2.o(.ARM.exidx) refers to __rtentry2.o(.ARM.Collect$$rtentry$$00000001) for .ARM.Collect$$rtentry$$00000001
    __rtentry2.o(.ARM.exidx) refers to __rtentry2.o(.ARM.Collect$$rtentry$$00000008) for .ARM.Collect$$rtentry$$00000008
    __rtentry2.o(.ARM.exidx) refers to __rtentry2.o(.ARM.Collect$$rtentry$$0000000A) for .ARM.Collect$$rtentry$$0000000A
    __rtentry2.o(.ARM.exidx) refers to __rtentry2.o(.ARM.Collect$$rtentry$$0000000B) for .ARM.Collect$$rtentry$$0000000B
    __rtentry2.o(.ARM.exidx) refers to __rtentry2.o(.ARM.Collect$$rtentry$$0000000D) for .ARM.Collect$$rtentry$$0000000D
    __rtentry4.o(.ARM.Collect$$rtentry$$00000004) refers to sys_stackheap_outer.o(.text) for __user_setup_stackheap
    __rtentry4.o(.ARM.exidx) refers to __rtentry4.o(.ARM.Collect$$rtentry$$00000004) for .ARM.Collect$$rtentry$$00000004
    sys_stackheap_outer.o(.text) refers to libspace.o(.text) for __user_perproc_libspace
    sys_stackheap_outer.o(.text) refers to startup_stm32f10x_md.o(.text) for __user_initial_stackheap
    exit.o(.text) refers to rtexit.o(.ARM.Collect$$rtexit$$00000000) for __rt_exit
    libinit.o(.ARM.Collect$$libinit$$00000000) refers (Special) to libinit2.o(.ARM.Collect$$libinit$$0000002E) for __rt_lib_init_alloca_1
    libinit.o(.ARM.Collect$$libinit$$00000000) refers (Special) to libinit2.o(.ARM.Collect$$libinit$$0000002C) for __rt_lib_init_argv_1
    libinit.o(.ARM.Collect$$libinit$$00000000) refers (Special) to libinit2.o(.ARM.Collect$$libinit$$0000001B) for __rt_lib_init_atexit_1
    libinit.o(.ARM.Collect$$libinit$$00000000) refers (Special) to libinit2.o(.ARM.Collect$$libinit$$00000021) for __rt_lib_init_clock_1
    libinit.o(.ARM.Collect$$libinit$$00000000) refers (Special) to libinit2.o(.ARM.Collect$$libinit$$00000032) for __rt_lib_init_cpp_1
    libinit.o(.ARM.Collect$$libinit$$00000000) refers (Special) to libinit2.o(.ARM.Collect$$libinit$$00000030) for __rt_lib_init_exceptions_1
    libinit.o(.ARM.Collect$$libinit$$00000000) refers (Special) to libinit2.o(.ARM.Collect$$libinit$$00000002) for __rt_lib_init_fp_1
    libinit.o(.ARM.Collect$$libinit$$00000000) refers (Special) to libinit2.o(.ARM.Collect$$libinit$$0000001F) for __rt_lib_init_fp_trap_1
    libinit.o(.ARM.Collect$$libinit$$00000000) refers (Special) to libinit2.o(.ARM.Collect$$libinit$$00000023) for __rt_lib_init_getenv_1
    libinit.o(.ARM.Collect$$libinit$$00000000) refers (Special) to libinit2.o(.ARM.Collect$$libinit$$0000000A) for __rt_lib_init_heap_1
    libinit.o(.ARM.Collect$$libinit$$00000000) refers (Special) to libinit2.o(.ARM.Collect$$libinit$$00000011) for __rt_lib_init_lc_collate_1
    libinit.o(.ARM.Collect$$libinit$$00000000) refers (Special) to libinit2.o(.ARM.Collect$$libinit$$00000013) for __rt_lib_init_lc_ctype_1
    libinit.o(.ARM.Collect$$libinit$$00000000) refers (Special) to libinit2.o(.ARM.Collect$$libinit$$00000015) for __rt_lib_init_lc_monetary_1
    libinit.o(.ARM.Collect$$libinit$$00000000) refers (Special) to libinit2.o(.ARM.Collect$$libinit$$00000017) for __rt_lib_init_lc_numeric_1
    libinit.o(.ARM.Collect$$libinit$$00000000) refers (Special) to libinit2.o(.ARM.Collect$$libinit$$00000019) for __rt_lib_init_lc_time_1
    libinit.o(.ARM.Collect$$libinit$$00000000) refers (Special) to libinit2.o(.ARM.Collect$$libinit$$00000004) for __rt_lib_init_preinit_1
    libinit.o(.ARM.Collect$$libinit$$00000000) refers (Special) to libinit2.o(.ARM.Collect$$libinit$$0000000E) for __rt_lib_init_rand_1
    libinit.o(.ARM.Collect$$libinit$$00000000) refers (Special) to libinit2.o(.ARM.Collect$$libinit$$00000033) for __rt_lib_init_return
    libinit.o(.ARM.Collect$$libinit$$00000000) refers (Special) to libinit2.o(.ARM.Collect$$libinit$$0000001D) for __rt_lib_init_signal_1
    libinit.o(.ARM.Collect$$libinit$$00000000) refers (Special) to libinit2.o(.ARM.Collect$$libinit$$00000025) for __rt_lib_init_stdio_1
    libinit.o(.ARM.Collect$$libinit$$00000000) refers (Special) to libinit2.o(.ARM.Collect$$libinit$$0000000C) for __rt_lib_init_user_alloc_1
    libspace.o(.text) refers to libspace.o(.bss) for __libspace_start
    rtexit.o(.ARM.Collect$$rtexit$$00000000) refers (Special) to rtexit2.o(.ARM.Collect$$rtexit$$00000004) for __rt_exit_exit
    rtexit.o(.ARM.Collect$$rtexit$$00000000) refers (Special) to rtexit2.o(.ARM.Collect$$rtexit$$00000003) for __rt_exit_ls
    rtexit.o(.ARM.Collect$$rtexit$$00000000) refers (Special) to rtexit2.o(.ARM.Collect$$rtexit$$00000002) for __rt_exit_prels_1
    rtexit.o(.ARM.exidx) refers (Special) to rtexit2.o(.ARM.Collect$$rtexit$$00000004) for __rt_exit_exit
    rtexit.o(.ARM.exidx) refers (Special) to rtexit2.o(.ARM.Collect$$rtexit$$00000003) for __rt_exit_ls
    rtexit.o(.ARM.exidx) refers (Special) to rtexit2.o(.ARM.Collect$$rtexit$$00000002) for __rt_exit_prels_1
    rtexit.o(.ARM.exidx) refers to rtexit.o(.ARM.Collect$$rtexit$$00000000) for .ARM.Collect$$rtexit$$00000000
    libinit2.o(.ARM.Collect$$libinit$$00000010) refers to libinit2.o(.ARM.Collect$$libinit$$0000000F) for .ARM.Collect$$libinit$$0000000F
    libinit2.o(.ARM.Collect$$libinit$$00000012) refers to libinit2.o(.ARM.Collect$$libinit$$0000000F) for .ARM.Collect$$libinit$$0000000F
    libinit2.o(.ARM.Collect$$libinit$$00000014) refers to libinit2.o(.ARM.Collect$$libinit$$0000000F) for .ARM.Collect$$libinit$$0000000F
    libinit2.o(.ARM.Collect$$libinit$$00000016) refers to libinit2.o(.ARM.Collect$$libinit$$0000000F) for .ARM.Collect$$libinit$$0000000F
    libinit2.o(.ARM.Collect$$libinit$$00000018) refers to libinit2.o(.ARM.Collect$$libinit$$0000000F) for .ARM.Collect$$libinit$$0000000F
    libinit2.o(.ARM.Collect$$libinit$$00000026) refers to argv_veneer.o(.emb_text) for __ARM_argv_veneer
    libinit2.o(.ARM.Collect$$libinit$$00000027) refers to argv_veneer.o(.emb_text) for __ARM_argv_veneer
    rtexit2.o(.ARM.Collect$$rtexit$$00000003) refers to libshutdown.o(.ARM.Collect$$libshutdown$$00000000) for __rt_lib_shutdown
    rtexit2.o(.ARM.Collect$$rtexit$$00000004) refers to sys_exit.o(.text) for _sys_exit
    rtexit2.o(.ARM.exidx) refers to rtexit2.o(.ARM.Collect$$rtexit$$00000001) for .ARM.Collect$$rtexit$$00000001
    rtexit2.o(.ARM.exidx) refers to rtexit2.o(.ARM.Collect$$rtexit$$00000003) for .ARM.Collect$$rtexit$$00000003
    rtexit2.o(.ARM.exidx) refers to rtexit2.o(.ARM.Collect$$rtexit$$00000004) for .ARM.Collect$$rtexit$$00000004
    argv_veneer.o(.emb_text) refers to no_argv.o(.text) for __ARM_get_argv
    sys_exit.o(.text) refers (Special) to use_no_semi.o(.text) for __I$use$semihosting
    sys_exit.o(.text) refers (Special) to indicate_semi.o(.text) for __semihosting_library_function
    sys_exit_hlt.o(.text) refers (Special) to use_no_semi.o(.text) for __I$use$semihosting
    sys_exit_hlt.o(.text) refers (Special) to indicate_semi.o(.text) for __semihosting_library_function
    _get_argv_nomalloc.o(.text) refers (Special) to hrguard.o(.text) for __heap_region$guard
    _get_argv_nomalloc.o(.text) refers to defsig_rtmem_outer.o(.text) for __rt_SIGRTMEM
    _get_argv_nomalloc.o(.text) refers to sys_command.o(.text) for _sys_command_string
    libshutdown.o(.ARM.Collect$$libshutdown$$00000000) refers (Special) to libshutdown2.o(.ARM.Collect$$libshutdown$$00000002) for __rt_lib_shutdown_cpp_1
    libshutdown.o(.ARM.Collect$$libshutdown$$00000000) refers (Special) to libshutdown2.o(.ARM.Collect$$libshutdown$$00000007) for __rt_lib_shutdown_fp_trap_1
    libshutdown.o(.ARM.Collect$$libshutdown$$00000000) refers (Special) to libshutdown2.o(.ARM.Collect$$libshutdown$$0000000F) for __rt_lib_shutdown_heap_1
    libshutdown.o(.ARM.Collect$$libshutdown$$00000000) refers (Special) to libshutdown2.o(.ARM.Collect$$libshutdown$$00000010) for __rt_lib_shutdown_return
    libshutdown.o(.ARM.Collect$$libshutdown$$00000000) refers (Special) to libshutdown2.o(.ARM.Collect$$libshutdown$$0000000A) for __rt_lib_shutdown_signal_1
    libshutdown.o(.ARM.Collect$$libshutdown$$00000000) refers (Special) to libshutdown2.o(.ARM.Collect$$libshutdown$$00000004) for __rt_lib_shutdown_stdio_1
    libshutdown.o(.ARM.Collect$$libshutdown$$00000000) refers (Special) to libshutdown2.o(.ARM.Collect$$libshutdown$$0000000C) for __rt_lib_shutdown_user_alloc_1
    sys_command.o(.text) refers (Special) to use_no_semi.o(.text) for __I$use$semihosting
    sys_command.o(.text) refers (Special) to indicate_semi.o(.text) for __semihosting_library_function
    sys_command_hlt.o(.text) refers (Special) to use_no_semi.o(.text) for __I$use$semihosting
    sys_command_hlt.o(.text) refers (Special) to indicate_semi.o(.text) for __semihosting_library_function
    defsig_rtmem_outer.o(.text) refers to defsig_rtmem_inner.o(.text) for __rt_SIGRTMEM_inner
    defsig_rtmem_outer.o(.text) refers to defsig_exit.o(.text) for __sig_exit
    defsig_rtmem_formal.o(.text) refers to rt_raise.o(.text) for __rt_raise
    rt_raise.o(.text) refers to __raise.o(.text) for __raise
    rt_raise.o(.text) refers to sys_exit.o(.text) for _sys_exit
    defsig_exit.o(.text) refers to sys_exit.o(.text) for _sys_exit
    defsig_rtmem_inner.o(.text) refers to defsig_general.o(.text) for __default_signal_display
    __raise.o(.text) refers to defsig.o(CL$$defsig) for __default_signal_handler
    defsig_general.o(.text) refers to sys_wrch.o(.text) for _ttywrch
    sys_wrch.o(.text) refers (Special) to use_no_semi.o(.text) for __I$use$semihosting
    sys_wrch.o(.text) refers (Special) to indicate_semi.o(.text) for __semihosting_library_function
    sys_wrch_hlt.o(.text) refers (Special) to use_no_semi.o(.text) for __I$use$semihosting
    sys_wrch_hlt.o(.text) refers (Special) to indicate_semi.o(.text) for __semihosting_library_function
    defsig.o(CL$$defsig) refers to defsig_rtmem_inner.o(.text) for __rt_SIGRTMEM_inner
    defsig_abrt_inner.o(.text) refers to defsig_general.o(.text) for __default_signal_display
    defsig_fpe_inner.o(.text) refers to defsig_general.o(.text) for __default_signal_display
    defsig_rtred_inner.o(.text) refers to defsig_general.o(.text) for __default_signal_display
    defsig_stak_inner.o(.text) refers to defsig_general.o(.text) for __default_signal_display
    defsig_pvfn_inner.o(.text) refers to defsig_general.o(.text) for __default_signal_display
    defsig_cppl_inner.o(.text) refers to defsig_general.o(.text) for __default_signal_display
    defsig_segv_inner.o(.text) refers to defsig_general.o(.text) for __default_signal_display
    defsig_other.o(.text) refers to defsig_general.o(.text) for __default_signal_display


==============================================================================

Removing Unused input sections from the image.

    Removing main.o(.text), (0 bytes).
    Removing main.o(.ARM.exidx.text.main), (8 bytes).
    Removing main.o(.ARM.use_no_argv), (4 bytes).
    Removing keypad.o(.text), (0 bytes).
    Removing keypad.o(.ARM.exidx.text.keyPad_Init), (8 bytes).
    Removing keypad.o(.ARM.exidx.text.get_keyPadChar), (8 bytes).
    Removing keypad.o(.ARM.exidx.text.activateColumn), (8 bytes).
    Removing keypad.o(.ARM.exidx.text.registerKeyPress), (8 bytes).
    Removing lcd.o(.text), (0 bytes).
    Removing lcd.o(.ARM.exidx.text.LCD_Init), (8 bytes).
    Removing lcd.o(.ARM.exidx.text.LCD_Write), (8 bytes).
    Removing lcd.o(.ARM.exidx.text.LCD_Write_Data), (8 bytes).
    Removing lcd.o(.ARM.exidx.text.LCD_Write_String), (8 bytes).
    Removing lcd.o(.ARM.exidx.text.LCD_Clear), (8 bytes).
    Removing lcd.o(.ARM.exidx.text.LCD_Set_Cursor), (8 bytes).
    Removing clocks.o(.text), (0 bytes).
    Removing clocks.o(.ARM.exidx.text.Clocks_Init), (8 bytes).
    Removing gpio.o(.text), (0 bytes).
    Removing gpio.o(.ARM.exidx.text.GPIO_Reset), (8 bytes).
    Removing gpio.o(.text.GPIO_Input_Init), (44 bytes).
    Removing gpio.o(.ARM.exidx.text.GPIO_Input_Init), (8 bytes).
    Removing gpio.o(.ARM.exidx.text.GPIO_Input_Init_Reg), (8 bytes).
    Removing gpio.o(.ARM.exidx.text.GPIO_Output_Init), (8 bytes).
    Removing gpio.o(.ARM.exidx.text.GPIO_Output_Write), (8 bytes).
    Removing gpio.o(.ARM.exidx.text.GPIO_Output_Clear_Reg), (8 bytes).
    Removing gpio.o(.ARM.exidx.text.GPIO_Output_Reg_Write), (8 bytes).
    Removing gpio.o(.ARM.exidx.text.GPIO_Input_Read), (8 bytes).
    Removing gpio.o(.text.GPIO_Output_Read), (10 bytes).
    Removing gpio.o(.ARM.exidx.text.GPIO_Output_Read), (8 bytes).
    Removing systick.o(.text), (0 bytes).
    Removing systick.o(.ARM.exidx.text.SysTick_Init), (8 bytes).
    Removing systick.o(.text.SysTick_GetTick), (12 bytes).
    Removing systick.o(.ARM.exidx.text.SysTick_GetTick), (8 bytes).
    Removing systick.o(.ARM.exidx.text.SysTick_DelayMs), (8 bytes).
    Removing systick.o(.text.SysTick_Timer_Done_Counting), (24 bytes).
    Removing systick.o(.ARM.exidx.text.SysTick_Timer_Done_Counting), (8 bytes).
    Removing systick.o(.ARM.exidx.text.SysTick_Handler), (8 bytes).
    Removing system_stm32f10x.o(.text), (0 bytes).
    Removing system_stm32f10x.o(.ARM.exidx.text.SystemInit), (8 bytes).
    Removing system_stm32f10x.o(.ARM.exidx.text.SetSysClock), (8 bytes).
    Removing system_stm32f10x.o(.text.SystemCoreClockUpdate), (110 bytes).
    Removing system_stm32f10x.o(.ARM.exidx.text.SystemCoreClockUpdate), (8 bytes).
    Removing system_stm32f10x.o(.ARM.exidx.text.SetSysClockTo72), (8 bytes).
    Removing system_stm32f10x.o(.data.SystemCoreClock), (4 bytes).
    Removing system_stm32f10x.o(.rodata.AHBPrescTable), (16 bytes).

45 unused section(s) (total 464 bytes) removed from the image.

==============================================================================

Image Symbol Table

    Local Symbols

    Symbol Name                              Value     Ov Type        Size  Object(Section)

    ../clib/angel/boardlib.s                 0x00000000   Number         0  boardinit1.o ABSOLUTE
    ../clib/angel/boardlib.s                 0x00000000   Number         0  boardinit2.o ABSOLUTE
    ../clib/angel/boardlib.s                 0x00000000   Number         0  boardinit3.o ABSOLUTE
    ../clib/angel/boardlib.s                 0x00000000   Number         0  boardshut.o ABSOLUTE
    ../clib/angel/handlers.s                 0x00000000   Number         0  __scatter_copy.o ABSOLUTE
    ../clib/angel/handlers.s                 0x00000000   Number         0  __scatter_zi.o ABSOLUTE
    ../clib/angel/kernel.s                   0x00000000   Number         0  __rtentry.o ABSOLUTE
    ../clib/angel/kernel.s                   0x00000000   Number         0  __rtentry2.o ABSOLUTE
    ../clib/angel/kernel.s                   0x00000000   Number         0  __rtentry4.o ABSOLUTE
    ../clib/angel/kernel.s                   0x00000000   Number         0  rtexit.o ABSOLUTE
    ../clib/angel/kernel.s                   0x00000000   Number         0  rtexit2.o ABSOLUTE
    ../clib/angel/rt.s                       0x00000000   Number         0  rt_raise.o ABSOLUTE
    ../clib/angel/scatter.s                  0x00000000   Number         0  __scatter.o ABSOLUTE
    ../clib/angel/startup.s                  0x00000000   Number         0  __main.o ABSOLUTE
    ../clib/angel/sys.s                      0x00000000   Number         0  sys_stackheap_outer.o ABSOLUTE
    ../clib/angel/sys.s                      0x00000000   Number         0  libspace.o ABSOLUTE
    ../clib/angel/sys.s                      0x00000000   Number         0  use_no_semi.o ABSOLUTE
    ../clib/angel/sys.s                      0x00000000   Number         0  indicate_semi.o ABSOLUTE
    ../clib/angel/sysapp.c                   0x00000000   Number         0  sys_exit.o ABSOLUTE
    ../clib/angel/sysapp.c                   0x00000000   Number         0  sys_exit_hlt.o ABSOLUTE
    ../clib/angel/sysapp.c                   0x00000000   Number         0  sys_command.o ABSOLUTE
    ../clib/angel/sysapp.c                   0x00000000   Number         0  sys_command_hlt.o ABSOLUTE
    ../clib/angel/sysapp.c                   0x00000000   Number         0  sys_wrch.o ABSOLUTE
    ../clib/angel/sysapp.c                   0x00000000   Number         0  sys_wrch_hlt.o ABSOLUTE
    ../clib/armsys.c                         0x00000000   Number         0  argv_veneer.o ABSOLUTE
    ../clib/armsys.c                         0x00000000   Number         0  argv_veneer.o ABSOLUTE
    ../clib/armsys.c                         0x00000000   Number         0  _get_argv_nomalloc.o ABSOLUTE
    ../clib/armsys.c                         0x00000000   Number         0  no_argv.o ABSOLUTE
    ../clib/heapalloc.c                      0x00000000   Number         0  hrguard.o ABSOLUTE
    ../clib/heapaux.c                        0x00000000   Number         0  heapauxi.o ABSOLUTE
    ../clib/libinit.s                        0x00000000   Number         0  libinit.o ABSOLUTE
    ../clib/libinit.s                        0x00000000   Number         0  libinit2.o ABSOLUTE
    ../clib/libinit.s                        0x00000000   Number         0  libshutdown.o ABSOLUTE
    ../clib/libinit.s                        0x00000000   Number         0  libshutdown2.o ABSOLUTE
    ../clib/signal.c                         0x00000000   Number         0  defsig_rtmem_outer.o ABSOLUTE
    ../clib/signal.c                         0x00000000   Number         0  defsig_rtmem_formal.o ABSOLUTE
    ../clib/signal.c                         0x00000000   Number         0  defsig_exit.o ABSOLUTE
    ../clib/signal.c                         0x00000000   Number         0  defsig_rtmem_inner.o ABSOLUTE
    ../clib/signal.c                         0x00000000   Number         0  __raise.o ABSOLUTE
    ../clib/signal.c                         0x00000000   Number         0  defsig_general.o ABSOLUTE
    ../clib/signal.c                         0x00000000   Number         0  defsig_abrt_inner.o ABSOLUTE
    ../clib/signal.c                         0x00000000   Number         0  defsig_fpe_inner.o ABSOLUTE
    ../clib/signal.c                         0x00000000   Number         0  defsig_rtred_inner.o ABSOLUTE
    ../clib/signal.c                         0x00000000   Number         0  defsig_stak_inner.o ABSOLUTE
    ../clib/signal.c                         0x00000000   Number         0  defsig_pvfn_inner.o ABSOLUTE
    ../clib/signal.c                         0x00000000   Number         0  defsig_cppl_inner.o ABSOLUTE
    ../clib/signal.c                         0x00000000   Number         0  defsig_segv_inner.o ABSOLUTE
    ../clib/signal.c                         0x00000000   Number         0  defsig_other.o ABSOLUTE
    ../clib/signal.s                         0x00000000   Number         0  defsig.o ABSOLUTE
    ../clib/stdlib.c                         0x00000000   Number         0  exit.o ABSOLUTE
    ../fplib/fpinit.s                        0x00000000   Number         0  fpinit.o ABSOLUTE
    ../fplib/fpinit_empty.s                  0x00000000   Number         0  fpinit_empty.o ABSOLUTE
    RTE/Device/STM32F103C8/startup_stm32f10x_md.s 0x00000000   Number         0  startup_stm32f10x_md.o ABSOLUTE
    clocks.c                                 0x00000000   Number         0  clocks.o ABSOLUTE
    dc.s                                     0x00000000   Number         0  dc.o ABSOLUTE
    gpio.c                                   0x00000000   Number         0  gpio.o ABSOLUTE
    keypad.c                                 0x00000000   Number         0  keypad.o ABSOLUTE
    lcd.c                                    0x00000000   Number         0  lcd.o ABSOLUTE
    main.c                                   0x00000000   Number         0  main.o ABSOLUTE
    system_stm32f10x.c                       0x00000000   Number         0  system_stm32f10x.o ABSOLUTE
    systick.c                                0x00000000   Number         0  systick.o ABSOLUTE
    RESET                                    0x08000000   Section      236  startup_stm32f10x_md.o(RESET)
    !!!main                                  0x080000ec   Section        8  __main.o(!!!main)
    !!!scatter                               0x080000f4   Section       52  __scatter.o(!!!scatter)
    !!handler_copy                           0x08000128   Section       26  __scatter_copy.o(!!handler_copy)
    !!handler_zi                             0x08000144   Section       28  __scatter_zi.o(!!handler_zi)
    .ARM.Collect$$libinit$$00000000          0x08000160   Section        2  libinit.o(.ARM.Collect$$libinit$$00000000)
    .ARM.Collect$$libinit$$00000002          0x08000162   Section        0  libinit2.o(.ARM.Collect$$libinit$$00000002)
    .ARM.Collect$$libinit$$00000004          0x08000162   Section        0  libinit2.o(.ARM.Collect$$libinit$$00000004)
    .ARM.Collect$$libinit$$0000000A          0x08000162   Section        0  libinit2.o(.ARM.Collect$$libinit$$0000000A)
    .ARM.Collect$$libinit$$0000000C          0x08000162   Section        0  libinit2.o(.ARM.Collect$$libinit$$0000000C)
    .ARM.Collect$$libinit$$0000000E          0x08000162   Section        0  libinit2.o(.ARM.Collect$$libinit$$0000000E)
    .ARM.Collect$$libinit$$00000011          0x08000162   Section        0  libinit2.o(.ARM.Collect$$libinit$$00000011)
    .ARM.Collect$$libinit$$00000013          0x08000162   Section        0  libinit2.o(.ARM.Collect$$libinit$$00000013)
    .ARM.Collect$$libinit$$00000015          0x08000162   Section        0  libinit2.o(.ARM.Collect$$libinit$$00000015)
    .ARM.Collect$$libinit$$00000017          0x08000162   Section        0  libinit2.o(.ARM.Collect$$libinit$$00000017)
    .ARM.Collect$$libinit$$00000019          0x08000162   Section        0  libinit2.o(.ARM.Collect$$libinit$$00000019)
    .ARM.Collect$$libinit$$0000001B          0x08000162   Section        0  libinit2.o(.ARM.Collect$$libinit$$0000001B)
    .ARM.Collect$$libinit$$0000001D          0x08000162   Section        0  libinit2.o(.ARM.Collect$$libinit$$0000001D)
    .ARM.Collect$$libinit$$0000001F          0x08000162   Section        0  libinit2.o(.ARM.Collect$$libinit$$0000001F)
    .ARM.Collect$$libinit$$00000021          0x08000162   Section        0  libinit2.o(.ARM.Collect$$libinit$$00000021)
    .ARM.Collect$$libinit$$00000023          0x08000162   Section        0  libinit2.o(.ARM.Collect$$libinit$$00000023)
    .ARM.Collect$$libinit$$00000025          0x08000162   Section        0  libinit2.o(.ARM.Collect$$libinit$$00000025)
    .ARM.Collect$$libinit$$0000002C          0x08000162   Section        0  libinit2.o(.ARM.Collect$$libinit$$0000002C)
    .ARM.Collect$$libinit$$0000002E          0x08000162   Section        0  libinit2.o(.ARM.Collect$$libinit$$0000002E)
    .ARM.Collect$$libinit$$00000030          0x08000162   Section        0  libinit2.o(.ARM.Collect$$libinit$$00000030)
    .ARM.Collect$$libinit$$00000032          0x08000162   Section        0  libinit2.o(.ARM.Collect$$libinit$$00000032)
    .ARM.Collect$$libinit$$00000033          0x08000162   Section        2  libinit2.o(.ARM.Collect$$libinit$$00000033)
    .ARM.Collect$$libshutdown$$00000000      0x08000164   Section        2  libshutdown.o(.ARM.Collect$$libshutdown$$00000000)
    .ARM.Collect$$libshutdown$$00000002      0x08000166   Section        0  libshutdown2.o(.ARM.Collect$$libshutdown$$00000002)
    .ARM.Collect$$libshutdown$$00000004      0x08000166   Section        0  libshutdown2.o(.ARM.Collect$$libshutdown$$00000004)
    .ARM.Collect$$libshutdown$$00000007      0x08000166   Section        0  libshutdown2.o(.ARM.Collect$$libshutdown$$00000007)
    .ARM.Collect$$libshutdown$$0000000A      0x08000166   Section        0  libshutdown2.o(.ARM.Collect$$libshutdown$$0000000A)
    .ARM.Collect$$libshutdown$$0000000C      0x08000166   Section        0  libshutdown2.o(.ARM.Collect$$libshutdown$$0000000C)
    .ARM.Collect$$libshutdown$$0000000F      0x08000166   Section        0  libshutdown2.o(.ARM.Collect$$libshutdown$$0000000F)
    .ARM.Collect$$libshutdown$$00000010      0x08000166   Section        2  libshutdown2.o(.ARM.Collect$$libshutdown$$00000010)
    .ARM.Collect$$rtentry$$00000000          0x08000168   Section        0  __rtentry.o(.ARM.Collect$$rtentry$$00000000)
    .ARM.Collect$$rtentry$$00000002          0x08000168   Section        0  __rtentry2.o(.ARM.Collect$$rtentry$$00000002)
    .ARM.Collect$$rtentry$$00000004          0x08000168   Section        6  __rtentry4.o(.ARM.Collect$$rtentry$$00000004)
    .ARM.Collect$$rtentry$$00000009          0x0800016e   Section        0  __rtentry2.o(.ARM.Collect$$rtentry$$00000009)
    .ARM.Collect$$rtentry$$0000000A          0x0800016e   Section        4  __rtentry2.o(.ARM.Collect$$rtentry$$0000000A)
    .ARM.Collect$$rtentry$$0000000C          0x08000172   Section        0  __rtentry2.o(.ARM.Collect$$rtentry$$0000000C)
    .ARM.Collect$$rtentry$$0000000D          0x08000172   Section        8  __rtentry2.o(.ARM.Collect$$rtentry$$0000000D)
    .ARM.Collect$$rtexit$$00000000           0x0800017a   Section        2  rtexit.o(.ARM.Collect$$rtexit$$00000000)
    .ARM.Collect$$rtexit$$00000002           0x0800017c   Section        0  rtexit2.o(.ARM.Collect$$rtexit$$00000002)
    .ARM.Collect$$rtexit$$00000003           0x0800017c   Section        4  rtexit2.o(.ARM.Collect$$rtexit$$00000003)
    .ARM.Collect$$rtexit$$00000004           0x08000180   Section        6  rtexit2.o(.ARM.Collect$$rtexit$$00000004)
    .text                                    0x08000188   Section       64  startup_stm32f10x_md.o(.text)
    .text                                    0x080001c8   Section        0  heapauxi.o(.text)
    .text                                    0x080001ce   Section       74  sys_stackheap_outer.o(.text)
    .text                                    0x08000218   Section        0  exit.o(.text)
    .text                                    0x0800022c   Section        8  libspace.o(.text)
    .text                                    0x08000234   Section        0  sys_exit.o(.text)
    .text                                    0x08000240   Section        2  use_no_semi.o(.text)
    .text                                    0x08000242   Section        0  indicate_semi.o(.text)
    [Anonymous Symbol]                       0x08000244   Section        0  clocks.o(.text.Clocks_Init)
    [Anonymous Symbol]                       0x08000288   Section        0  gpio.o(.text.GPIO_Input_Init_Reg)
    [Anonymous Symbol]                       0x080002b0   Section        0  gpio.o(.text.GPIO_Input_Read)
    [Anonymous Symbol]                       0x080002bc   Section        0  gpio.o(.text.GPIO_Output_Clear_Reg)
    [Anonymous Symbol]                       0x080002c8   Section        0  gpio.o(.text.GPIO_Output_Init)
    [Anonymous Symbol]                       0x080002dc   Section        0  gpio.o(.text.GPIO_Output_Reg_Write)
    [Anonymous Symbol]                       0x080002e4   Section        0  gpio.o(.text.GPIO_Output_Write)
    [Anonymous Symbol]                       0x08000300   Section        0  gpio.o(.text.GPIO_Reset)
    [Anonymous Symbol]                       0x08000364   Section        0  lcd.o(.text.LCD_Clear)
    [Anonymous Symbol]                       0x08000370   Section        0  lcd.o(.text.LCD_Init)
    [Anonymous Symbol]                       0x080003e8   Section        0  lcd.o(.text.LCD_Set_Cursor)
    LCD_Write                                0x08000415   Thumb Code   146  lcd.o(.text.LCD_Write)
    [Anonymous Symbol]                       0x08000414   Section        0  lcd.o(.text.LCD_Write)
    [Anonymous Symbol]                       0x080004a8   Section        0  lcd.o(.text.LCD_Write_Data)
    [Anonymous Symbol]                       0x080004b4   Section        0  lcd.o(.text.LCD_Write_String)
    SetSysClock                              0x080004d1   Thumb Code     8  system_stm32f10x.o(.text.SetSysClock)
    [Anonymous Symbol]                       0x080004d0   Section        0  system_stm32f10x.o(.text.SetSysClock)
    SetSysClockTo72                          0x080004d9   Thumb Code   190  system_stm32f10x.o(.text.SetSysClockTo72)
    [Anonymous Symbol]                       0x080004d8   Section        0  system_stm32f10x.o(.text.SetSysClockTo72)
    [Anonymous Symbol]                       0x08000598   Section        0  systick.o(.text.SysTick_DelayMs)
    [Anonymous Symbol]                       0x080005b0   Section        0  systick.o(.text.SysTick_Handler)
    [Anonymous Symbol]                       0x080005c0   Section        0  systick.o(.text.SysTick_Init)
    [Anonymous Symbol]                       0x080005dc   Section        0  system_stm32f10x.o(.text.SystemInit)
    activateColumn                           0x08000635   Thumb Code    48  keypad.o(.text.activateColumn)
    [Anonymous Symbol]                       0x08000634   Section        0  keypad.o(.text.activateColumn)
    [Anonymous Symbol]                       0x08000684   Section        0  keypad.o(.text.get_keyPadChar)
    KEYPAD                                   0x08000708   Number         0  keypad.o(.text.get_keyPadChar)
    [Anonymous Symbol]                       0x08000718   Section        0  keypad.o(.text.keyPad_Init)
    [Anonymous Symbol]                       0x08000768   Section        0  main.o(.text.main)
    [Anonymous Symbol]                       0x080007d0   Section        0  keypad.o(.text.registerKeyPress)
    keyPadRowPin                             0x080007f2   Data           4  keypad.o(.rodata.cst4)
    [Anonymous Symbol]                       0x080007f2   Section        0  keypad.o(.rodata.cst4)
    .bss                                     0x20000008   Section       96  libspace.o(.bss)
    numberOfTicks                            0x2000006c   Data           4  systick.o(.bss.numberOfTicks)
    [Anonymous Symbol]                       0x2000006c   Section        0  systick.o(.bss.numberOfTicks)
    Heap_Mem                                 0x20000070   Data         512  startup_stm32f10x_md.o(HEAP)
    HEAP                                     0x20000070   Section      512  startup_stm32f10x_md.o(HEAP)
    Stack_Mem                                0x20000270   Data        1024  startup_stm32f10x_md.o(STACK)
    STACK                                    0x20000270   Section     1024  startup_stm32f10x_md.o(STACK)
    __initial_sp                             0x20000670   Data           0  startup_stm32f10x_md.o(STACK)

    Global Symbols

    Symbol Name                              Value     Ov Type        Size  Object(Section)

    BuildAttributes$$THM_ISAv4$P$D$K$B$S$PE$A:L22UL41UL21$X:L11$S22US41US21$IEEE1$IW$~IW$USESV6$~STKCKD$USESV7$~SHL$OTIME$ROPI$EBA8$UX$STANDARDLIB$REQ8$PRES8$EABIv2 0x00000000   Number         0  anon$$obj.o ABSOLUTE
    __fp_init_empty                          0x00000000   Number         0  fpinit_empty.o ABSOLUTE
    __ARM_exceptions_init                     - Undefined Weak Reference
    __alloca_initialize                       - Undefined Weak Reference
    __arm_preinit_                            - Undefined Weak Reference
    __cpp_initialize__aeabi_                  - Undefined Weak Reference
    __cxa_finalize                            - Undefined Weak Reference
    __rt_locale                               - Undefined Weak Reference
    __sigvec_lookup                           - Undefined Weak Reference
    _atexit_init                              - Undefined Weak Reference
    _call_atexit_fns                          - Undefined Weak Reference
    _clock_init                               - Undefined Weak Reference
    _fp_trap_init                             - Undefined Weak Reference
    _fp_trap_shutdown                         - Undefined Weak Reference
    _get_lc_collate                           - Undefined Weak Reference
    _get_lc_ctype                             - Undefined Weak Reference
    _get_lc_monetary                          - Undefined Weak Reference
    _get_lc_numeric                           - Undefined Weak Reference
    _get_lc_time                              - Undefined Weak Reference
    _getenv_init                              - Undefined Weak Reference
    _handle_redirection                       - Undefined Weak Reference
    _init_alloc                               - Undefined Weak Reference
    _init_user_alloc                          - Undefined Weak Reference
    _initio                                   - Undefined Weak Reference
    _rand_init                                - Undefined Weak Reference
    _signal_finish                            - Undefined Weak Reference
    _signal_init                              - Undefined Weak Reference
    _terminate_alloc                          - Undefined Weak Reference
    _terminate_user_alloc                     - Undefined Weak Reference
    _terminateio                              - Undefined Weak Reference
    __Vectors_Size                           0x000000ec   Number         0  startup_stm32f10x_md.o ABSOLUTE
    __Vectors                                0x08000000   Data           4  startup_stm32f10x_md.o(RESET)
    __Vectors_End                            0x080000ec   Data           0  startup_stm32f10x_md.o(RESET)
    __main                                   0x080000ed   Thumb Code     8  __main.o(!!!main)
    __scatterload                            0x080000f5   Thumb Code     0  __scatter.o(!!!scatter)
    __scatterload_rt2                        0x080000f5   Thumb Code    44  __scatter.o(!!!scatter)
    __scatterload_rt2_thumb_only             0x080000f5   Thumb Code     0  __scatter.o(!!!scatter)
    __scatterload_null                       0x08000103   Thumb Code     0  __scatter.o(!!!scatter)
    __scatterload_copy                       0x08000129   Thumb Code    26  __scatter_copy.o(!!handler_copy)
    __scatterload_zeroinit                   0x08000145   Thumb Code    28  __scatter_zi.o(!!handler_zi)
    __rt_lib_init                            0x08000161   Thumb Code     0  libinit.o(.ARM.Collect$$libinit$$00000000)
    __rt_lib_init_alloca_1                   0x08000163   Thumb Code     0  libinit2.o(.ARM.Collect$$libinit$$0000002E)
    __rt_lib_init_argv_1                     0x08000163   Thumb Code     0  libinit2.o(.ARM.Collect$$libinit$$0000002C)
    __rt_lib_init_atexit_1                   0x08000163   Thumb Code     0  libinit2.o(.ARM.Collect$$libinit$$0000001B)
    __rt_lib_init_clock_1                    0x08000163   Thumb Code     0  libinit2.o(.ARM.Collect$$libinit$$00000021)
    __rt_lib_init_cpp_1                      0x08000163   Thumb Code     0  libinit2.o(.ARM.Collect$$libinit$$00000032)
    __rt_lib_init_exceptions_1               0x08000163   Thumb Code     0  libinit2.o(.ARM.Collect$$libinit$$00000030)
    __rt_lib_init_fp_1                       0x08000163   Thumb Code     0  libinit2.o(.ARM.Collect$$libinit$$00000002)
    __rt_lib_init_fp_trap_1                  0x08000163   Thumb Code     0  libinit2.o(.ARM.Collect$$libinit$$0000001F)
    __rt_lib_init_getenv_1                   0x08000163   Thumb Code     0  libinit2.o(.ARM.Collect$$libinit$$00000023)
    __rt_lib_init_heap_1                     0x08000163   Thumb Code     0  libinit2.o(.ARM.Collect$$libinit$$0000000A)
    __rt_lib_init_lc_collate_1               0x08000163   Thumb Code     0  libinit2.o(.ARM.Collect$$libinit$$00000011)
    __rt_lib_init_lc_ctype_1                 0x08000163   Thumb Code     0  libinit2.o(.ARM.Collect$$libinit$$00000013)
    __rt_lib_init_lc_monetary_1              0x08000163   Thumb Code     0  libinit2.o(.ARM.Collect$$libinit$$00000015)
    __rt_lib_init_lc_numeric_1               0x08000163   Thumb Code     0  libinit2.o(.ARM.Collect$$libinit$$00000017)
    __rt_lib_init_lc_time_1                  0x08000163   Thumb Code     0  libinit2.o(.ARM.Collect$$libinit$$00000019)
    __rt_lib_init_preinit_1                  0x08000163   Thumb Code     0  libinit2.o(.ARM.Collect$$libinit$$00000004)
    __rt_lib_init_rand_1                     0x08000163   Thumb Code     0  libinit2.o(.ARM.Collect$$libinit$$0000000E)
    __rt_lib_init_return                     0x08000163   Thumb Code     0  libinit2.o(.ARM.Collect$$libinit$$00000033)
    __rt_lib_init_signal_1                   0x08000163   Thumb Code     0  libinit2.o(.ARM.Collect$$libinit$$0000001D)
    __rt_lib_init_stdio_1                    0x08000163   Thumb Code     0  libinit2.o(.ARM.Collect$$libinit$$00000025)
    __rt_lib_init_user_alloc_1               0x08000163   Thumb Code     0  libinit2.o(.ARM.Collect$$libinit$$0000000C)
    __rt_lib_shutdown                        0x08000165   Thumb Code     0  libshutdown.o(.ARM.Collect$$libshutdown$$00000000)
    __rt_lib_shutdown_cpp_1                  0x08000167   Thumb Code     0  libshutdown2.o(.ARM.Collect$$libshutdown$$00000002)
    __rt_lib_shutdown_fp_trap_1              0x08000167   Thumb Code     0  libshutdown2.o(.ARM.Collect$$libshutdown$$00000007)
    __rt_lib_shutdown_heap_1                 0x08000167   Thumb Code     0  libshutdown2.o(.ARM.Collect$$libshutdown$$0000000F)
    __rt_lib_shutdown_return                 0x08000167   Thumb Code     0  libshutdown2.o(.ARM.Collect$$libshutdown$$00000010)
    __rt_lib_shutdown_signal_1               0x08000167   Thumb Code     0  libshutdown2.o(.ARM.Collect$$libshutdown$$0000000A)
    __rt_lib_shutdown_stdio_1                0x08000167   Thumb Code     0  libshutdown2.o(.ARM.Collect$$libshutdown$$00000004)
    __rt_lib_shutdown_user_alloc_1           0x08000167   Thumb Code     0  libshutdown2.o(.ARM.Collect$$libshutdown$$0000000C)
    __rt_entry                               0x08000169   Thumb Code     0  __rtentry.o(.ARM.Collect$$rtentry$$00000000)
    __rt_entry_presh_1                       0x08000169   Thumb Code     0  __rtentry2.o(.ARM.Collect$$rtentry$$00000002)
    __rt_entry_sh                            0x08000169   Thumb Code     0  __rtentry4.o(.ARM.Collect$$rtentry$$00000004)
    __rt_entry_li                            0x0800016f   Thumb Code     0  __rtentry2.o(.ARM.Collect$$rtentry$$0000000A)
    __rt_entry_postsh_1                      0x0800016f   Thumb Code     0  __rtentry2.o(.ARM.Collect$$rtentry$$00000009)
    __rt_entry_main                          0x08000173   Thumb Code     0  __rtentry2.o(.ARM.Collect$$rtentry$$0000000D)
    __rt_entry_postli_1                      0x08000173   Thumb Code     0  __rtentry2.o(.ARM.Collect$$rtentry$$0000000C)
    __rt_exit                                0x0800017b   Thumb Code     0  rtexit.o(.ARM.Collect$$rtexit$$00000000)
    __rt_exit_ls                             0x0800017d   Thumb Code     0  rtexit2.o(.ARM.Collect$$rtexit$$00000003)
    __rt_exit_prels_1                        0x0800017d   Thumb Code     0  rtexit2.o(.ARM.Collect$$rtexit$$00000002)
    __rt_exit_exit                           0x08000181   Thumb Code     0  rtexit2.o(.ARM.Collect$$rtexit$$00000004)
    Reset_Handler                            0x08000189   Thumb Code     8  startup_stm32f10x_md.o(.text)
    NMI_Handler                              0x08000191   Thumb Code     2  startup_stm32f10x_md.o(.text)
    HardFault_Handler                        0x08000193   Thumb Code     2  startup_stm32f10x_md.o(.text)
    MemManage_Handler                        0x08000195   Thumb Code     2  startup_stm32f10x_md.o(.text)
    BusFault_Handler                         0x08000197   Thumb Code     2  startup_stm32f10x_md.o(.text)
    UsageFault_Handler                       0x08000199   Thumb Code     2  startup_stm32f10x_md.o(.text)
    SVC_Handler                              0x0800019b   Thumb Code     2  startup_stm32f10x_md.o(.text)
    DebugMon_Handler                         0x0800019d   Thumb Code     2  startup_stm32f10x_md.o(.text)
    PendSV_Handler                           0x0800019f   Thumb Code     2  startup_stm32f10x_md.o(.text)
    ADC1_2_IRQHandler                        0x080001a3   Thumb Code     0  startup_stm32f10x_md.o(.text)
    CAN1_RX1_IRQHandler                      0x080001a3   Thumb Code     0  startup_stm32f10x_md.o(.text)
    CAN1_SCE_IRQHandler                      0x080001a3   Thumb Code     0  startup_stm32f10x_md.o(.text)
    DMA1_Channel1_IRQHandler                 0x080001a3   Thumb Code     0  startup_stm32f10x_md.o(.text)
    DMA1_Channel2_IRQHandler                 0x080001a3   Thumb Code     0  startup_stm32f10x_md.o(.text)
    DMA1_Channel3_IRQHandler                 0x080001a3   Thumb Code     0  startup_stm32f10x_md.o(.text)
    DMA1_Channel4_IRQHandler                 0x080001a3   Thumb Code     0  startup_stm32f10x_md.o(.text)
    DMA1_Channel5_IRQHandler                 0x080001a3   Thumb Code     0  startup_stm32f10x_md.o(.text)
    DMA1_Channel6_IRQHandler                 0x080001a3   Thumb Code     0  startup_stm32f10x_md.o(.text)
    DMA1_Channel7_IRQHandler                 0x080001a3   Thumb Code     0  startup_stm32f10x_md.o(.text)
    EXTI0_IRQHandler                         0x080001a3   Thumb Code     0  startup_stm32f10x_md.o(.text)
    EXTI15_10_IRQHandler                     0x080001a3   Thumb Code     0  startup_stm32f10x_md.o(.text)
    EXTI1_IRQHandler                         0x080001a3   Thumb Code     0  startup_stm32f10x_md.o(.text)
    EXTI2_IRQHandler                         0x080001a3   Thumb Code     0  startup_stm32f10x_md.o(.text)
    EXTI3_IRQHandler                         0x080001a3   Thumb Code     0  startup_stm32f10x_md.o(.text)
    EXTI4_IRQHandler                         0x080001a3   Thumb Code     0  startup_stm32f10x_md.o(.text)
    EXTI9_5_IRQHandler                       0x080001a3   Thumb Code     0  startup_stm32f10x_md.o(.text)
    FLASH_IRQHandler                         0x080001a3   Thumb Code     0  startup_stm32f10x_md.o(.text)
    I2C1_ER_IRQHandler                       0x080001a3   Thumb Code     0  startup_stm32f10x_md.o(.text)
    I2C1_EV_IRQHandler                       0x080001a3   Thumb Code     0  startup_stm32f10x_md.o(.text)
    I2C2_ER_IRQHandler                       0x080001a3   Thumb Code     0  startup_stm32f10x_md.o(.text)
    I2C2_EV_IRQHandler                       0x080001a3   Thumb Code     0  startup_stm32f10x_md.o(.text)
    PVD_IRQHandler                           0x080001a3   Thumb Code     0  startup_stm32f10x_md.o(.text)
    RCC_IRQHandler                           0x080001a3   Thumb Code     0  startup_stm32f10x_md.o(.text)
    RTCAlarm_IRQHandler                      0x080001a3   Thumb Code     0  startup_stm32f10x_md.o(.text)
    RTC_IRQHandler                           0x080001a3   Thumb Code     0  startup_stm32f10x_md.o(.text)
    SPI1_IRQHandler                          0x080001a3   Thumb Code     0  startup_stm32f10x_md.o(.text)
    SPI2_IRQHandler                          0x080001a3   Thumb Code     0  startup_stm32f10x_md.o(.text)
    TAMPER_IRQHandler                        0x080001a3   Thumb Code     0  startup_stm32f10x_md.o(.text)
    TIM1_BRK_IRQHandler                      0x080001a3   Thumb Code     0  startup_stm32f10x_md.o(.text)
    TIM1_CC_IRQHandler                       0x080001a3   Thumb Code     0  startup_stm32f10x_md.o(.text)
    TIM1_TRG_COM_IRQHandler                  0x080001a3   Thumb Code     0  startup_stm32f10x_md.o(.text)
    TIM1_UP_IRQHandler                       0x080001a3   Thumb Code     0  startup_stm32f10x_md.o(.text)
    TIM2_IRQHandler                          0x080001a3   Thumb Code     0  startup_stm32f10x_md.o(.text)
    TIM3_IRQHandler                          0x080001a3   Thumb Code     0  startup_stm32f10x_md.o(.text)
    TIM4_IRQHandler                          0x080001a3   Thumb Code     0  startup_stm32f10x_md.o(.text)
    USART1_IRQHandler                        0x080001a3   Thumb Code     0  startup_stm32f10x_md.o(.text)
    USART2_IRQHandler                        0x080001a3   Thumb Code     0  startup_stm32f10x_md.o(.text)
    USART3_IRQHandler                        0x080001a3   Thumb Code     0  startup_stm32f10x_md.o(.text)
    USBWakeUp_IRQHandler                     0x080001a3   Thumb Code     0  startup_stm32f10x_md.o(.text)
    USB_HP_CAN1_TX_IRQHandler                0x080001a3   Thumb Code     0  startup_stm32f10x_md.o(.text)
    USB_LP_CAN1_RX0_IRQHandler               0x080001a3   Thumb Code     0  startup_stm32f10x_md.o(.text)
    WWDG_IRQHandler                          0x080001a3   Thumb Code     0  startup_stm32f10x_md.o(.text)
    __user_initial_stackheap                 0x080001a5   Thumb Code     0  startup_stm32f10x_md.o(.text)
    __use_two_region_memory                  0x080001c9   Thumb Code     2  heapauxi.o(.text)
    __rt_heap_escrow$2region                 0x080001cb   Thumb Code     2  heapauxi.o(.text)
    __rt_heap_expand$2region                 0x080001cd   Thumb Code     2  heapauxi.o(.text)
    __user_setup_stackheap                   0x080001cf   Thumb Code    74  sys_stackheap_outer.o(.text)
    exit                                     0x08000219   Thumb Code    18  exit.o(.text)
    __user_libspace                          0x0800022d   Thumb Code     8  libspace.o(.text)
    __user_perproc_libspace                  0x0800022d   Thumb Code     0  libspace.o(.text)
    __user_perthread_libspace                0x0800022d   Thumb Code     0  libspace.o(.text)
    _sys_exit                                0x08000235   Thumb Code     8  sys_exit.o(.text)
    __I$use$semihosting                      0x08000241   Thumb Code     0  use_no_semi.o(.text)
    __use_no_semihosting_swi                 0x08000241   Thumb Code     2  use_no_semi.o(.text)
    __semihosting_library_function           0x08000243   Thumb Code     0  indicate_semi.o(.text)
    Clocks_Init                              0x08000245   Thumb Code    66  clocks.o(.text.Clocks_Init)
    GPIO_Input_Init_Reg                      0x08000289   Thumb Code    40  gpio.o(.text.GPIO_Input_Init_Reg)
    GPIO_Input_Read                          0x080002b1   Thumb Code    10  gpio.o(.text.GPIO_Input_Read)
    GPIO_Output_Clear_Reg                    0x080002bd   Thumb Code    10  gpio.o(.text.GPIO_Output_Clear_Reg)
    GPIO_Output_Init                         0x080002c9   Thumb Code    20  gpio.o(.text.GPIO_Output_Init)
    GPIO_Output_Reg_Write                    0x080002dd   Thumb Code     8  gpio.o(.text.GPIO_Output_Reg_Write)
    GPIO_Output_Write                        0x080002e5   Thumb Code    28  gpio.o(.text.GPIO_Output_Write)
    GPIO_Reset                               0x08000301   Thumb Code    98  gpio.o(.text.GPIO_Reset)
    LCD_Clear                                0x08000365   Thumb Code    12  lcd.o(.text.LCD_Clear)
    LCD_Init                                 0x08000371   Thumb Code   118  lcd.o(.text.LCD_Init)
    LCD_Set_Cursor                           0x080003e9   Thumb Code    42  lcd.o(.text.LCD_Set_Cursor)
    LCD_Write_Data                           0x080004a9   Thumb Code    12  lcd.o(.text.LCD_Write_Data)
    LCD_Write_String                         0x080004b5   Thumb Code    28  lcd.o(.text.LCD_Write_String)
    SysTick_DelayMs                          0x08000599   Thumb Code    22  systick.o(.text.SysTick_DelayMs)
    SysTick_Handler                          0x080005b1   Thumb Code    16  systick.o(.text.SysTick_Handler)
    SysTick_Init                             0x080005c1   Thumb Code    28  systick.o(.text.SysTick_Init)
    SystemInit                               0x080005dd   Thumb Code    86  system_stm32f10x.o(.text.SystemInit)
    get_keyPadChar                           0x08000685   Thumb Code   132  keypad.o(.text.get_keyPadChar)
    keyPad_Init                              0x08000719   Thumb Code    78  keypad.o(.text.keyPad_Init)
    main                                     0x08000769   Thumb Code    92  main.o(.text.main)
    registerKeyPress                         0x080007d1   Thumb Code    34  keypad.o(.text.registerKeyPress)
    ddramAddr                                0x080007f6   Data          32  lcd.o(.rodata.ddramAddr)
    Region$$Table$$Base                      0x08000818   Number         0  anon$$obj.o(Region$$Table)
    Region$$Table$$Limit                     0x08000838   Number         0  anon$$obj.o(Region$$Table)
    data                                     0x20000000   Data           3  main.o(.data.data)
    __libspace_start                         0x20000008   Data          96  libspace.o(.bss)
    __temporary_stack_top$libspace           0x20000068   Data           0  libspace.o(.bss)
    keyPad_char                              0x20000068   Data           1  main.o(.bss.keyPad_char)



==============================================================================

Memory Map of the image

  Image Entry point : 0x08000189

  Load Region LR_1 (Base: 0x08000000, Size: 0x0000083c, Max: 0xffffffff, ABSOLUTE)

    Execution Region ER_RO (Exec base: 0x08000000, Load base: 0x08000000, Size: 0x00000838, Max: 0xffffffff, ABSOLUTE)

    Exec Addr    Load Addr    Size         Type   Attr      Idx    E Section Name        Object

    0x08000000   0x08000000   0x000000ec   Data   RO          105    RESET               startup_stm32f10x_md.o
    0x080000ec   0x080000ec   0x00000008   Code   RO          134  * !!!main             c_w.l(__main.o)
    0x080000f4   0x080000f4   0x00000034   Code   RO          297    !!!scatter          c_w.l(__scatter.o)
    0x08000128   0x08000128   0x0000001a   Code   RO          299    !!handler_copy      c_w.l(__scatter_copy.o)
    0x08000142   0x08000142   0x00000002   PAD
    0x08000144   0x08000144   0x0000001c   Code   RO          301    !!handler_zi        c_w.l(__scatter_zi.o)
    0x08000160   0x08000160   0x00000002   Code   RO          161    .ARM.Collect$$libinit$$00000000  c_w.l(libinit.o)
    0x08000162   0x08000162   0x00000000   Code   RO          168    .ARM.Collect$$libinit$$00000002  c_w.l(libinit2.o)
    0x08000162   0x08000162   0x00000000   Code   RO          170    .ARM.Collect$$libinit$$00000004  c_w.l(libinit2.o)
    0x08000162   0x08000162   0x00000000   Code   RO          173    .ARM.Collect$$libinit$$0000000A  c_w.l(libinit2.o)
    0x08000162   0x08000162   0x00000000   Code   RO          175    .ARM.Collect$$libinit$$0000000C  c_w.l(libinit2.o)
    0x08000162   0x08000162   0x00000000   Code   RO          177    .ARM.Collect$$libinit$$0000000E  c_w.l(libinit2.o)
    0x08000162   0x08000162   0x00000000   Code   RO          180    .ARM.Collect$$libinit$$00000011  c_w.l(libinit2.o)
    0x08000162   0x08000162   0x00000000   Code   RO          182    .ARM.Collect$$libinit$$00000013  c_w.l(libinit2.o)
    0x08000162   0x08000162   0x00000000   Code   RO          184    .ARM.Collect$$libinit$$00000015  c_w.l(libinit2.o)
    0x08000162   0x08000162   0x00000000   Code   RO          186    .ARM.Collect$$libinit$$00000017  c_w.l(libinit2.o)
    0x08000162   0x08000162   0x00000000   Code   RO          188    .ARM.Collect$$libinit$$00000019  c_w.l(libinit2.o)
    0x08000162   0x08000162   0x00000000   Code   RO          190    .ARM.Collect$$libinit$$0000001B  c_w.l(libinit2.o)
    0x08000162   0x08000162   0x00000000   Code   RO          192    .ARM.Collect$$libinit$$0000001D  c_w.l(libinit2.o)
    0x08000162   0x08000162   0x00000000   Code   RO          194    .ARM.Collect$$libinit$$0000001F  c_w.l(libinit2.o)
    0x08000162   0x08000162   0x00000000   Code   RO          196    .ARM.Collect$$libinit$$00000021  c_w.l(libinit2.o)
    0x08000162   0x08000162   0x00000000   Code   RO          198    .ARM.Collect$$libinit$$00000023  c_w.l(libinit2.o)
    0x08000162   0x08000162   0x00000000   Code   RO          200    .ARM.Collect$$libinit$$00000025  c_w.l(libinit2.o)
    0x08000162   0x08000162   0x00000000   Code   RO          204    .ARM.Collect$$libinit$$0000002C  c_w.l(libinit2.o)
    0x08000162   0x08000162   0x00000000   Code   RO          206    .ARM.Collect$$libinit$$0000002E  c_w.l(libinit2.o)
    0x08000162   0x08000162   0x00000000   Code   RO          208    .ARM.Collect$$libinit$$00000030  c_w.l(libinit2.o)
    0x08000162   0x08000162   0x00000000   Code   RO          210    .ARM.Collect$$libinit$$00000032  c_w.l(libinit2.o)
    0x08000162   0x08000162   0x00000002   Code   RO          211    .ARM.Collect$$libinit$$00000033  c_w.l(libinit2.o)
    0x08000164   0x08000164   0x00000002   Code   RO          233    .ARM.Collect$$libshutdown$$00000000  c_w.l(libshutdown.o)
    0x08000166   0x08000166   0x00000000   Code   RO          248    .ARM.Collect$$libshutdown$$00000002  c_w.l(libshutdown2.o)
    0x08000166   0x08000166   0x00000000   Code   RO          250    .ARM.Collect$$libshutdown$$00000004  c_w.l(libshutdown2.o)
    0x08000166   0x08000166   0x00000000   Code   RO          253    .ARM.Collect$$libshutdown$$00000007  c_w.l(libshutdown2.o)
    0x08000166   0x08000166   0x00000000   Code   RO          256    .ARM.Collect$$libshutdown$$0000000A  c_w.l(libshutdown2.o)
    0x08000166   0x08000166   0x00000000   Code   RO          258    .ARM.Collect$$libshutdown$$0000000C  c_w.l(libshutdown2.o)
    0x08000166   0x08000166   0x00000000   Code   RO          261    .ARM.Collect$$libshutdown$$0000000F  c_w.l(libshutdown2.o)
    0x08000166   0x08000166   0x00000002   Code   RO          262    .ARM.Collect$$libshutdown$$00000010  c_w.l(libshutdown2.o)
    0x08000168   0x08000168   0x00000000   Code   RO          136    .ARM.Collect$$rtentry$$00000000  c_w.l(__rtentry.o)
    0x08000168   0x08000168   0x00000000   Code   RO          138    .ARM.Collect$$rtentry$$00000002  c_w.l(__rtentry2.o)
    0x08000168   0x08000168   0x00000006   Code   RO          150    .ARM.Collect$$rtentry$$00000004  c_w.l(__rtentry4.o)
    0x0800016e   0x0800016e   0x00000000   Code   RO          140    .ARM.Collect$$rtentry$$00000009  c_w.l(__rtentry2.o)
    0x0800016e   0x0800016e   0x00000004   Code   RO          141    .ARM.Collect$$rtentry$$0000000A  c_w.l(__rtentry2.o)
    0x08000172   0x08000172   0x00000000   Code   RO          143    .ARM.Collect$$rtentry$$0000000C  c_w.l(__rtentry2.o)
    0x08000172   0x08000172   0x00000008   Code   RO          144    .ARM.Collect$$rtentry$$0000000D  c_w.l(__rtentry2.o)
    0x0800017a   0x0800017a   0x00000002   Code   RO          165    .ARM.Collect$$rtexit$$00000000  c_w.l(rtexit.o)
    0x0800017c   0x0800017c   0x00000000   Code   RO          213    .ARM.Collect$$rtexit$$00000002  c_w.l(rtexit2.o)
    0x0800017c   0x0800017c   0x00000004   Code   RO          214    .ARM.Collect$$rtexit$$00000003  c_w.l(rtexit2.o)
    0x08000180   0x08000180   0x00000006   Code   RO          215    .ARM.Collect$$rtexit$$00000004  c_w.l(rtexit2.o)
    0x08000186   0x08000186   0x00000002   PAD
    0x08000188   0x08000188   0x00000040   Code   RO          106  * .text               startup_stm32f10x_md.o
    0x080001c8   0x080001c8   0x00000006   Code   RO          132    .text               c_w.l(heapauxi.o)
    0x080001ce   0x080001ce   0x0000004a   Code   RO          152    .text               c_w.l(sys_stackheap_outer.o)
    0x08000218   0x08000218   0x00000012   Code   RO          154    .text               c_w.l(exit.o)
    0x0800022a   0x0800022a   0x00000002   PAD
    0x0800022c   0x0800022c   0x00000008   Code   RO          162    .text               c_w.l(libspace.o)
    0x08000234   0x08000234   0x0000000c   Code   RO          223    .text               c_w.l(sys_exit.o)
    0x08000240   0x08000240   0x00000002   Code   RO          238    .text               c_w.l(use_no_semi.o)
    0x08000242   0x08000242   0x00000000   Code   RO          240    .text               c_w.l(indicate_semi.o)
    0x08000242   0x08000242   0x00000002   PAD
    0x08000244   0x08000244   0x00000042   Code   RO           51    .text.Clocks_Init   clocks.o
    0x08000286   0x08000286   0x00000002   PAD
    0x08000288   0x08000288   0x00000028   Code   RO           63    .text.GPIO_Input_Init_Reg  gpio.o
    0x080002b0   0x080002b0   0x0000000a   Code   RO           73    .text.GPIO_Input_Read  gpio.o
    0x080002ba   0x080002ba   0x00000002   PAD
    0x080002bc   0x080002bc   0x0000000a   Code   RO           69    .text.GPIO_Output_Clear_Reg  gpio.o
    0x080002c6   0x080002c6   0x00000002   PAD
    0x080002c8   0x080002c8   0x00000014   Code   RO           65    .text.GPIO_Output_Init  gpio.o
    0x080002dc   0x080002dc   0x00000008   Code   RO           71    .text.GPIO_Output_Reg_Write  gpio.o
    0x080002e4   0x080002e4   0x0000001c   Code   RO           67    .text.GPIO_Output_Write  gpio.o
    0x08000300   0x08000300   0x00000062   Code   RO           59    .text.GPIO_Reset    gpio.o
    0x08000362   0x08000362   0x00000002   PAD
    0x08000364   0x08000364   0x0000000c   Code   RO           38    .text.LCD_Clear     lcd.o
    0x08000370   0x08000370   0x00000076   Code   RO           30    .text.LCD_Init      lcd.o
    0x080003e6   0x080003e6   0x00000002   PAD
    0x080003e8   0x080003e8   0x0000002a   Code   RO           40    .text.LCD_Set_Cursor  lcd.o
    0x08000412   0x08000412   0x00000002   PAD
    0x08000414   0x08000414   0x00000092   Code   RO           32    .text.LCD_Write     lcd.o
    0x080004a6   0x080004a6   0x00000002   PAD
    0x080004a8   0x080004a8   0x0000000c   Code   RO           34    .text.LCD_Write_Data  lcd.o
    0x080004b4   0x080004b4   0x0000001c   Code   RO           36    .text.LCD_Write_String  lcd.o
    0x080004d0   0x080004d0   0x00000008   Code   RO          115    .text.SetSysClock   system_stm32f10x.o
    0x080004d8   0x080004d8   0x000000be   Code   RO          119    .text.SetSysClockTo72  system_stm32f10x.o
    0x08000596   0x08000596   0x00000002   PAD
    0x08000598   0x08000598   0x00000016   Code   RO           89    .text.SysTick_DelayMs  systick.o
    0x080005ae   0x080005ae   0x00000002   PAD
    0x080005b0   0x080005b0   0x00000010   Code   RO           93    .text.SysTick_Handler  systick.o
    0x080005c0   0x080005c0   0x0000001c   Code   RO           85    .text.SysTick_Init  systick.o
    0x080005dc   0x080005dc   0x00000056   Code   RO          113    .text.SystemInit    system_stm32f10x.o
    0x08000632   0x08000632   0x00000002   PAD
    0x08000634   0x08000634   0x00000050   Code   RO           17    .text.activateColumn  keypad.o
    0x08000684   0x08000684   0x00000094   Code   RO           15    .text.get_keyPadChar  keypad.o
    0x08000718   0x08000718   0x0000004e   Code   RO           13    .text.keyPad_Init   keypad.o
    0x08000766   0x08000766   0x00000002   PAD
    0x08000768   0x08000768   0x00000068   Code   RO            2    .text.main          main.o
    0x080007d0   0x080007d0   0x00000022   Code   RO           19    .text.registerKeyPress  keypad.o
    0x080007f2   0x080007f2   0x00000004   Data   RO           21    .rodata.cst4        keypad.o
    0x080007f6   0x080007f6   0x00000020   Data   RO           42    .rodata.ddramAddr   lcd.o
    0x08000816   0x08000816   0x00000002   PAD
    0x08000818   0x08000818   0x00000020   Data   RO          296    Region$$Table       anon$$obj.o


    Execution Region ER_RW (Exec base: 0x20000000, Load base: 0x08000838, Size: 0x00000004, Max: 0xffffffff, ABSOLUTE)

    Exec Addr    Load Addr    Size         Type   Attr      Idx    E Section Name        Object

    0x20000000   0x08000838   0x00000003   Data   RW            4    .data.data          main.o


    Execution Region ER_ZI (Exec base: 0x20000008, Load base: 0x0800083c, Size: 0x00000668, Max: 0xffffffff, ABSOLUTE)

    Exec Addr    Load Addr    Size         Type   Attr      Idx    E Section Name        Object

    0x20000008        -       0x00000060   Zero   RW          163    .bss                c_w.l(libspace.o)
    0x20000068        -       0x00000001   Zero   RW            5    .bss.keyPad_char    main.o
    0x20000069   0x0800083c   0x00000003   PAD
    0x2000006c        -       0x00000004   Zero   RW           95    .bss.numberOfTicks  systick.o
    0x20000070        -       0x00000200   Zero   RW          104    HEAP                startup_stm32f10x_md.o
    0x20000270        -       0x00000400   Zero   RW          103    STACK               startup_stm32f10x_md.o


==============================================================================

Image component sizes


      Code (inc. data)   RO Data    RW Data    ZI Data      Debug   Object Name

        66          0          0          0          0        906   clocks.o
       214          0          0          0          0       2989   gpio.o
       340         48          4          0          0       1934   keypad.o
       358          0         32          0          0       2079   lcd.o
       104         12          0          3          1        657   main.o
        64         26        236          0       1536        860   startup_stm32f10x_md.o
       284          0          0          0          0       2845   system_stm32f10x.o
        66          0          0          0          4       1663   systick.o

    ----------------------------------------------------------------------
      1518         86        306          4       1544      13933   Object Totals
         0          0         32          0          0          0   (incl. Generated)
        22          0          2          1          3          0   (incl. Padding)

    ----------------------------------------------------------------------

      Code (inc. data)   RO Data    RW Data    ZI Data      Debug   Library Member Name

         8          0          0          0          0         68   __main.o
         0          0          0          0          0          0   __rtentry.o
        12          0          0          0          0          0   __rtentry2.o
         6          0          0          0          0          0   __rtentry4.o
        52          8          0          0          0          0   __scatter.o
        26          0          0          0          0          0   __scatter_copy.o
        28          0          0          0          0          0   __scatter_zi.o
        18          0          0          0          0         80   exit.o
         6          0          0          0          0        152   heapauxi.o
         0          0          0          0          0          0   indicate_semi.o
         2          0          0          0          0          0   libinit.o
         2          0          0          0          0          0   libinit2.o
         2          0          0          0          0          0   libshutdown.o
         2          0          0          0          0          0   libshutdown2.o
         8          4          0          0         96         68   libspace.o
         2          0          0          0          0          0   rtexit.o
        10          0          0          0          0          0   rtexit2.o
        12          4          0          0          0         68   sys_exit.o
        74          0          0          0          0         80   sys_stackheap_outer.o
         2          0          0          0          0         68   use_no_semi.o

    ----------------------------------------------------------------------
       280         16          0          0         96        584   Library Totals
         8          0          0          0          0          0   (incl. Padding)

    ----------------------------------------------------------------------

      Code (inc. data)   RO Data    RW Data    ZI Data      Debug   Library Name

       272         16          0          0         96        584   c_w.l

    ----------------------------------------------------------------------
       280         16          0          0         96        584   Library Totals

    ----------------------------------------------------------------------

==============================================================================


      Code (inc. data)   RO Data    RW Data    ZI Data      Debug   

      1798        102        306          4       1640      14313   Grand Totals
      1798        102        306          4       1640      14313   ELF Image Totals
      1798        102        306          4          0          0   ROM Totals

==============================================================================

    Total RO  Size (Code + RO Data)                 2104 (   2.05kB)
    Total RW  Size (RW Data + ZI Data)              1644 (   1.61kB)
    Total ROM Size (Code + RO Data + RW Data)       2108 (   2.06kB)

==============================================================================

