<!doctype html public "-//w3c//dtd html 4.0 transitional//en">
<html><head>
<title>Static Call Graph - [.\Objects\Master_Version_1_1.axf]</title></head>
<body><HR>
<H1>Static Call Graph for image .\Objects\Master_Version_1_1.axf</H1><HR>
<BR><P>#&#060CALLGRAPH&#062# ARM Linker, 5060960: Last Updated: Sun Dec 12 18:34:09 2021
<BR><P>
<H3>Maximum Stack Usage =        152 bytes + Unknown(Functions without stacksize, Cycles, Untraceable Function Pointers)</H3><H3>
Call chain for Maximum Stack Depth:</H3>
FSM_Humidity &rArr; Display_Threshold &rArr; RefreshRow &rArr; LCD_SetCursor &rArr; LCD_WriteByte &rArr; LCD_WriteNibble &rArr; I2C_Write
<P>
<H3>
Functions with no stack information
</H3><UL>
 <LI><a href="#[42]">__user_initial_stackheap</a>
</UL>
</UL>
<P>
<H3>
Mutually Recursive functions
</H3> <LI><a href="#[4]">NMI_Handler</a>&nbsp;&nbsp;&nbsp;&rArr;&nbsp;&nbsp;&nbsp;<a href="#[4]">NMI_Handler</a><BR>
 <LI><a href="#[5]">HardFault_Handler</a>&nbsp;&nbsp;&nbsp;&rArr;&nbsp;&nbsp;&nbsp;<a href="#[5]">HardFault_Handler</a><BR>
 <LI><a href="#[6]">MemManage_Handler</a>&nbsp;&nbsp;&nbsp;&rArr;&nbsp;&nbsp;&nbsp;<a href="#[6]">MemManage_Handler</a><BR>
 <LI><a href="#[7]">BusFault_Handler</a>&nbsp;&nbsp;&nbsp;&rArr;&nbsp;&nbsp;&nbsp;<a href="#[7]">BusFault_Handler</a><BR>
 <LI><a href="#[8]">UsageFault_Handler</a>&nbsp;&nbsp;&nbsp;&rArr;&nbsp;&nbsp;&nbsp;<a href="#[8]">UsageFault_Handler</a><BR>
 <LI><a href="#[9]">SVC_Handler</a>&nbsp;&nbsp;&nbsp;&rArr;&nbsp;&nbsp;&nbsp;<a href="#[9]">SVC_Handler</a><BR>
 <LI><a href="#[a]">DebugMon_Handler</a>&nbsp;&nbsp;&nbsp;&rArr;&nbsp;&nbsp;&nbsp;<a href="#[a]">DebugMon_Handler</a><BR>
 <LI><a href="#[b]">PendSV_Handler</a>&nbsp;&nbsp;&nbsp;&rArr;&nbsp;&nbsp;&nbsp;<a href="#[b]">PendSV_Handler</a><BR>
 <LI><a href="#[1f]">ADC1_2_IRQHandler</a>&nbsp;&nbsp;&nbsp;&rArr;&nbsp;&nbsp;&nbsp;<a href="#[1f]">ADC1_2_IRQHandler</a><BR>
</UL>
<P>
<H3>
Function Pointers
</H3><UL>
 <LI><a href="#[1f]">ADC1_2_IRQHandler</a> from startup_stm32f10x_md.o(.text) referenced from startup_stm32f10x_md.o(RESET)
 <LI><a href="#[7]">BusFault_Handler</a> from startup_stm32f10x_md.o(.text) referenced from startup_stm32f10x_md.o(RESET)
 <LI><a href="#[22]">CAN1_RX1_IRQHandler</a> from startup_stm32f10x_md.o(.text) referenced from startup_stm32f10x_md.o(RESET)
 <LI><a href="#[23]">CAN1_SCE_IRQHandler</a> from startup_stm32f10x_md.o(.text) referenced from startup_stm32f10x_md.o(RESET)
 <LI><a href="#[18]">DMA1_Channel1_IRQHandler</a> from startup_stm32f10x_md.o(.text) referenced from startup_stm32f10x_md.o(RESET)
 <LI><a href="#[19]">DMA1_Channel2_IRQHandler</a> from startup_stm32f10x_md.o(.text) referenced from startup_stm32f10x_md.o(RESET)
 <LI><a href="#[1a]">DMA1_Channel3_IRQHandler</a> from startup_stm32f10x_md.o(.text) referenced from startup_stm32f10x_md.o(RESET)
 <LI><a href="#[1b]">DMA1_Channel4_IRQHandler</a> from startup_stm32f10x_md.o(.text) referenced from startup_stm32f10x_md.o(RESET)
 <LI><a href="#[1c]">DMA1_Channel5_IRQHandler</a> from startup_stm32f10x_md.o(.text) referenced from startup_stm32f10x_md.o(RESET)
 <LI><a href="#[1d]">DMA1_Channel6_IRQHandler</a> from startup_stm32f10x_md.o(.text) referenced from startup_stm32f10x_md.o(RESET)
 <LI><a href="#[1e]">DMA1_Channel7_IRQHandler</a> from startup_stm32f10x_md.o(.text) referenced from startup_stm32f10x_md.o(RESET)
 <LI><a href="#[a]">DebugMon_Handler</a> from startup_stm32f10x_md.o(.text) referenced from startup_stm32f10x_md.o(RESET)
 <LI><a href="#[13]">EXTI0_IRQHandler</a> from exti.o(i.EXTI0_IRQHandler) referenced from startup_stm32f10x_md.o(RESET)
 <LI><a href="#[35]">EXTI15_10_IRQHandler</a> from startup_stm32f10x_md.o(.text) referenced from startup_stm32f10x_md.o(RESET)
 <LI><a href="#[14]">EXTI1_IRQHandler</a> from startup_stm32f10x_md.o(.text) referenced from startup_stm32f10x_md.o(RESET)
 <LI><a href="#[15]">EXTI2_IRQHandler</a> from startup_stm32f10x_md.o(.text) referenced from startup_stm32f10x_md.o(RESET)
 <LI><a href="#[16]">EXTI3_IRQHandler</a> from startup_stm32f10x_md.o(.text) referenced from startup_stm32f10x_md.o(RESET)
 <LI><a href="#[17]">EXTI4_IRQHandler</a> from startup_stm32f10x_md.o(.text) referenced from startup_stm32f10x_md.o(RESET)
 <LI><a href="#[24]">EXTI9_5_IRQHandler</a> from startup_stm32f10x_md.o(.text) referenced from startup_stm32f10x_md.o(RESET)
 <LI><a href="#[11]">FLASH_IRQHandler</a> from startup_stm32f10x_md.o(.text) referenced from startup_stm32f10x_md.o(RESET)
 <LI><a href="#[3a]">FSM_DisplayBme280Data</a> from hmi.o(i.FSM_DisplayBme280Data) referenced from hmi.o(.data)
 <LI><a href="#[3d]">FSM_Humidity</a> from hmi.o(i.FSM_Humidity) referenced from hmi.o(.data)
 <LI><a href="#[3f]">FSM_IrrigTime</a> from hmi.o(i.FSM_IrrigTime) referenced from hmi.o(.data)
 <LI><a href="#[3c]">FSM_Moisture</a> from hmi.o(i.FSM_Moisture) referenced from hmi.o(.data)
 <LI><a href="#[3b]">FSM_Node</a> from hmi.o(i.FSM_Node) referenced from hmi.o(.data)
 <LI><a href="#[3e]">FSM_Temperature</a> from hmi.o(i.FSM_Temperature) referenced from hmi.o(.data)
 <LI><a href="#[5]">HardFault_Handler</a> from startup_stm32f10x_md.o(.text) referenced from startup_stm32f10x_md.o(RESET)
 <LI><a href="#[2d]">I2C1_ER_IRQHandler</a> from startup_stm32f10x_md.o(.text) referenced from startup_stm32f10x_md.o(RESET)
 <LI><a href="#[2c]">I2C1_EV_IRQHandler</a> from startup_stm32f10x_md.o(.text) referenced from startup_stm32f10x_md.o(RESET)
 <LI><a href="#[2f]">I2C2_ER_IRQHandler</a> from startup_stm32f10x_md.o(.text) referenced from startup_stm32f10x_md.o(RESET)
 <LI><a href="#[2e]">I2C2_EV_IRQHandler</a> from startup_stm32f10x_md.o(.text) referenced from startup_stm32f10x_md.o(RESET)
 <LI><a href="#[6]">MemManage_Handler</a> from startup_stm32f10x_md.o(.text) referenced from startup_stm32f10x_md.o(RESET)
 <LI><a href="#[4]">NMI_Handler</a> from startup_stm32f10x_md.o(.text) referenced from startup_stm32f10x_md.o(RESET)
 <LI><a href="#[e]">PVD_IRQHandler</a> from startup_stm32f10x_md.o(.text) referenced from startup_stm32f10x_md.o(RESET)
 <LI><a href="#[b]">PendSV_Handler</a> from startup_stm32f10x_md.o(.text) referenced from startup_stm32f10x_md.o(RESET)
 <LI><a href="#[12]">RCC_IRQHandler</a> from startup_stm32f10x_md.o(.text) referenced from startup_stm32f10x_md.o(RESET)
 <LI><a href="#[36]">RTCAlarm_IRQHandler</a> from startup_stm32f10x_md.o(.text) referenced from startup_stm32f10x_md.o(RESET)
 <LI><a href="#[10]">RTC_IRQHandler</a> from startup_stm32f10x_md.o(.text) referenced from startup_stm32f10x_md.o(RESET)
 <LI><a href="#[40]">Reset_Handler</a> from startup_stm32f10x_md.o(.text) referenced from startup_stm32f10x_md.o(RESET)
 <LI><a href="#[30]">SPI1_IRQHandler</a> from startup_stm32f10x_md.o(.text) referenced from startup_stm32f10x_md.o(RESET)
 <LI><a href="#[31]">SPI2_IRQHandler</a> from startup_stm32f10x_md.o(.text) referenced from startup_stm32f10x_md.o(RESET)
 <LI><a href="#[9]">SVC_Handler</a> from startup_stm32f10x_md.o(.text) referenced from startup_stm32f10x_md.o(RESET)
 <LI><a href="#[c]">SysTick_Handler</a> from systick.o(i.SysTick_Handler) referenced from startup_stm32f10x_md.o(RESET)
 <LI><a href="#[38]">SystemInit</a> from system_stm32f10x.o(i.SystemInit) referenced from startup_stm32f10x_md.o(.text)
 <LI><a href="#[f]">TAMPER_IRQHandler</a> from startup_stm32f10x_md.o(.text) referenced from startup_stm32f10x_md.o(RESET)
 <LI><a href="#[25]">TIM1_BRK_IRQHandler</a> from startup_stm32f10x_md.o(.text) referenced from startup_stm32f10x_md.o(RESET)
 <LI><a href="#[28]">TIM1_CC_IRQHandler</a> from startup_stm32f10x_md.o(.text) referenced from startup_stm32f10x_md.o(RESET)
 <LI><a href="#[27]">TIM1_TRG_COM_IRQHandler</a> from startup_stm32f10x_md.o(.text) referenced from startup_stm32f10x_md.o(RESET)
 <LI><a href="#[26]">TIM1_UP_IRQHandler</a> from startup_stm32f10x_md.o(.text) referenced from startup_stm32f10x_md.o(RESET)
 <LI><a href="#[29]">TIM2_IRQHandler</a> from startup_stm32f10x_md.o(.text) referenced from startup_stm32f10x_md.o(RESET)
 <LI><a href="#[2a]">TIM3_IRQHandler</a> from startup_stm32f10x_md.o(.text) referenced from startup_stm32f10x_md.o(RESET)
 <LI><a href="#[2b]">TIM4_IRQHandler</a> from startup_stm32f10x_md.o(.text) referenced from startup_stm32f10x_md.o(RESET)
 <LI><a href="#[32]">USART1_IRQHandler</a> from startup_stm32f10x_md.o(.text) referenced from startup_stm32f10x_md.o(RESET)
 <LI><a href="#[33]">USART2_IRQHandler</a> from startup_stm32f10x_md.o(.text) referenced from startup_stm32f10x_md.o(RESET)
 <LI><a href="#[34]">USART3_IRQHandler</a> from startup_stm32f10x_md.o(.text) referenced from startup_stm32f10x_md.o(RESET)
 <LI><a href="#[37]">USBWakeUp_IRQHandler</a> from startup_stm32f10x_md.o(.text) referenced from startup_stm32f10x_md.o(RESET)
 <LI><a href="#[20]">USB_HP_CAN1_TX_IRQHandler</a> from startup_stm32f10x_md.o(.text) referenced from startup_stm32f10x_md.o(RESET)
 <LI><a href="#[21]">USB_LP_CAN1_RX0_IRQHandler</a> from startup_stm32f10x_md.o(.text) referenced from startup_stm32f10x_md.o(RESET)
 <LI><a href="#[8]">UsageFault_Handler</a> from startup_stm32f10x_md.o(.text) referenced from startup_stm32f10x_md.o(RESET)
 <LI><a href="#[d]">WWDG_IRQHandler</a> from startup_stm32f10x_md.o(.text) referenced from startup_stm32f10x_md.o(RESET)
 <LI><a href="#[41]">__main</a> from __main.o(!!!main) referenced from startup_stm32f10x_md.o(.text)
</UL>
<P>
<H3>
Global Symbols
</H3>
<P><STRONG><a name="[41]"></a>__main</STRONG> (Thumb, 8 bytes, Stack size 0 bytes, __main.o(!!!main))
<BR><BR>[Calls]<UL><LI><a href="#[43]">&gt;&gt;</a>&nbsp;&nbsp;&nbsp;__scatterload
<LI><a href="#[44]">&gt;&gt;</a>&nbsp;&nbsp;&nbsp;__rt_entry
</UL>

<P><STRONG><a name="[43]"></a>__scatterload</STRONG> (Thumb, 0 bytes, Stack size unknown bytes, __scatter.o(!!!scatter))
<BR><BR>[Called By]<UL><LI><a href="#[41]">&gt;&gt;</a>&nbsp;&nbsp;&nbsp;__main
</UL>

<P><STRONG><a name="[45]"></a>__scatterload_rt2</STRONG> (Thumb, 44 bytes, Stack size unknown bytes, __scatter.o(!!!scatter), UNUSED)
<BR><BR>[Calls]<UL><LI><a href="#[44]">&gt;&gt;</a>&nbsp;&nbsp;&nbsp;__rt_entry
</UL>

<P><STRONG><a name="[a3]"></a>__scatterload_rt2_thumb_only</STRONG> (Thumb, 0 bytes, Stack size unknown bytes, __scatter.o(!!!scatter), UNUSED)

<P><STRONG><a name="[a4]"></a>__scatterload_null</STRONG> (Thumb, 0 bytes, Stack size unknown bytes, __scatter.o(!!!scatter), UNUSED)

<P><STRONG><a name="[46]"></a>__scatterload_copy</STRONG> (Thumb, 26 bytes, Stack size unknown bytes, __scatter_copy.o(!!handler_copy), UNUSED)
<BR><BR>[Calls]<UL><LI><a href="#[46]">&gt;&gt;</a>&nbsp;&nbsp;&nbsp;__scatterload_copy
</UL>
<BR>[Called By]<UL><LI><a href="#[46]">&gt;&gt;</a>&nbsp;&nbsp;&nbsp;__scatterload_copy
</UL>

<P><STRONG><a name="[a5]"></a>__scatterload_zeroinit</STRONG> (Thumb, 28 bytes, Stack size unknown bytes, __scatter_zi.o(!!handler_zi), UNUSED)

<P><STRONG><a name="[4a]"></a>__rt_lib_init</STRONG> (Thumb, 0 bytes, Stack size unknown bytes, libinit.o(.ARM.Collect$$libinit$$00000000))
<BR><BR>[Called By]<UL><LI><a href="#[49]">&gt;&gt;</a>&nbsp;&nbsp;&nbsp;__rt_entry_li
</UL>

<P><STRONG><a name="[a6]"></a>__rt_lib_init_alloca_1</STRONG> (Thumb, 0 bytes, Stack size unknown bytes, libinit2.o(.ARM.Collect$$libinit$$0000002E))

<P><STRONG><a name="[a7]"></a>__rt_lib_init_argv_1</STRONG> (Thumb, 0 bytes, Stack size unknown bytes, libinit2.o(.ARM.Collect$$libinit$$0000002C))

<P><STRONG><a name="[a8]"></a>__rt_lib_init_atexit_1</STRONG> (Thumb, 0 bytes, Stack size unknown bytes, libinit2.o(.ARM.Collect$$libinit$$0000001B))

<P><STRONG><a name="[a9]"></a>__rt_lib_init_clock_1</STRONG> (Thumb, 0 bytes, Stack size unknown bytes, libinit2.o(.ARM.Collect$$libinit$$00000021))

<P><STRONG><a name="[aa]"></a>__rt_lib_init_cpp_1</STRONG> (Thumb, 0 bytes, Stack size unknown bytes, libinit2.o(.ARM.Collect$$libinit$$00000032))

<P><STRONG><a name="[ab]"></a>__rt_lib_init_exceptions_1</STRONG> (Thumb, 0 bytes, Stack size unknown bytes, libinit2.o(.ARM.Collect$$libinit$$00000030))

<P><STRONG><a name="[ac]"></a>__rt_lib_init_fp_1</STRONG> (Thumb, 0 bytes, Stack size unknown bytes, libinit2.o(.ARM.Collect$$libinit$$00000002))

<P><STRONG><a name="[ad]"></a>__rt_lib_init_fp_trap_1</STRONG> (Thumb, 0 bytes, Stack size unknown bytes, libinit2.o(.ARM.Collect$$libinit$$0000001F))

<P><STRONG><a name="[ae]"></a>__rt_lib_init_getenv_1</STRONG> (Thumb, 0 bytes, Stack size unknown bytes, libinit2.o(.ARM.Collect$$libinit$$00000023))

<P><STRONG><a name="[af]"></a>__rt_lib_init_heap_1</STRONG> (Thumb, 0 bytes, Stack size unknown bytes, libinit2.o(.ARM.Collect$$libinit$$0000000A))

<P><STRONG><a name="[b0]"></a>__rt_lib_init_lc_collate_1</STRONG> (Thumb, 0 bytes, Stack size unknown bytes, libinit2.o(.ARM.Collect$$libinit$$00000011))

<P><STRONG><a name="[b1]"></a>__rt_lib_init_lc_ctype_1</STRONG> (Thumb, 0 bytes, Stack size unknown bytes, libinit2.o(.ARM.Collect$$libinit$$00000013))

<P><STRONG><a name="[b2]"></a>__rt_lib_init_lc_monetary_1</STRONG> (Thumb, 0 bytes, Stack size unknown bytes, libinit2.o(.ARM.Collect$$libinit$$00000015))

<P><STRONG><a name="[b3]"></a>__rt_lib_init_lc_numeric_1</STRONG> (Thumb, 0 bytes, Stack size unknown bytes, libinit2.o(.ARM.Collect$$libinit$$00000017))

<P><STRONG><a name="[b4]"></a>__rt_lib_init_lc_time_1</STRONG> (Thumb, 0 bytes, Stack size unknown bytes, libinit2.o(.ARM.Collect$$libinit$$00000019))

<P><STRONG><a name="[b5]"></a>__rt_lib_init_preinit_1</STRONG> (Thumb, 0 bytes, Stack size unknown bytes, libinit2.o(.ARM.Collect$$libinit$$00000004))

<P><STRONG><a name="[b6]"></a>__rt_lib_init_rand_1</STRONG> (Thumb, 0 bytes, Stack size unknown bytes, libinit2.o(.ARM.Collect$$libinit$$0000000E))

<P><STRONG><a name="[b7]"></a>__rt_lib_init_return</STRONG> (Thumb, 0 bytes, Stack size unknown bytes, libinit2.o(.ARM.Collect$$libinit$$00000033))

<P><STRONG><a name="[b8]"></a>__rt_lib_init_signal_1</STRONG> (Thumb, 0 bytes, Stack size unknown bytes, libinit2.o(.ARM.Collect$$libinit$$0000001D))

<P><STRONG><a name="[b9]"></a>__rt_lib_init_stdio_1</STRONG> (Thumb, 0 bytes, Stack size unknown bytes, libinit2.o(.ARM.Collect$$libinit$$00000025))

<P><STRONG><a name="[ba]"></a>__rt_lib_init_user_alloc_1</STRONG> (Thumb, 0 bytes, Stack size unknown bytes, libinit2.o(.ARM.Collect$$libinit$$0000000C))

<P><STRONG><a name="[4f]"></a>__rt_lib_shutdown</STRONG> (Thumb, 0 bytes, Stack size unknown bytes, libshutdown.o(.ARM.Collect$$libshutdown$$00000000))
<BR><BR>[Called By]<UL><LI><a href="#[4e]">&gt;&gt;</a>&nbsp;&nbsp;&nbsp;__rt_exit_ls
</UL>

<P><STRONG><a name="[bb]"></a>__rt_lib_shutdown_cpp_1</STRONG> (Thumb, 0 bytes, Stack size unknown bytes, libshutdown2.o(.ARM.Collect$$libshutdown$$00000004))

<P><STRONG><a name="[bc]"></a>__rt_lib_shutdown_fini_1</STRONG> (Thumb, 0 bytes, Stack size unknown bytes, libshutdown2.o(.ARM.Collect$$libshutdown$$00000002))

<P><STRONG><a name="[bd]"></a>__rt_lib_shutdown_fp_trap_1</STRONG> (Thumb, 0 bytes, Stack size unknown bytes, libshutdown2.o(.ARM.Collect$$libshutdown$$00000009))

<P><STRONG><a name="[be]"></a>__rt_lib_shutdown_heap_1</STRONG> (Thumb, 0 bytes, Stack size unknown bytes, libshutdown2.o(.ARM.Collect$$libshutdown$$00000011))

<P><STRONG><a name="[bf]"></a>__rt_lib_shutdown_return</STRONG> (Thumb, 0 bytes, Stack size unknown bytes, libshutdown2.o(.ARM.Collect$$libshutdown$$00000012))

<P><STRONG><a name="[c0]"></a>__rt_lib_shutdown_signal_1</STRONG> (Thumb, 0 bytes, Stack size unknown bytes, libshutdown2.o(.ARM.Collect$$libshutdown$$0000000C))

<P><STRONG><a name="[c1]"></a>__rt_lib_shutdown_stdio_1</STRONG> (Thumb, 0 bytes, Stack size unknown bytes, libshutdown2.o(.ARM.Collect$$libshutdown$$00000006))

<P><STRONG><a name="[c2]"></a>__rt_lib_shutdown_user_alloc_1</STRONG> (Thumb, 0 bytes, Stack size unknown bytes, libshutdown2.o(.ARM.Collect$$libshutdown$$0000000E))

<P><STRONG><a name="[44]"></a>__rt_entry</STRONG> (Thumb, 0 bytes, Stack size unknown bytes, __rtentry.o(.ARM.Collect$$rtentry$$00000000))
<BR><BR>[Called By]<UL><LI><a href="#[45]">&gt;&gt;</a>&nbsp;&nbsp;&nbsp;__scatterload_rt2
<LI><a href="#[41]">&gt;&gt;</a>&nbsp;&nbsp;&nbsp;__main
</UL>

<P><STRONG><a name="[c3]"></a>__rt_entry_presh_1</STRONG> (Thumb, 0 bytes, Stack size unknown bytes, __rtentry2.o(.ARM.Collect$$rtentry$$00000002))

<P><STRONG><a name="[47]"></a>__rt_entry_sh</STRONG> (Thumb, 0 bytes, Stack size unknown bytes, __rtentry4.o(.ARM.Collect$$rtentry$$00000004))
<BR><BR>[Stack]<UL><LI>Max Depth = 8 + Unknown Stack Size
<LI>Call Chain = __rt_entry_sh &rArr; __user_setup_stackheap
</UL>
<BR>[Calls]<UL><LI><a href="#[48]">&gt;&gt;</a>&nbsp;&nbsp;&nbsp;__user_setup_stackheap
</UL>

<P><STRONG><a name="[49]"></a>__rt_entry_li</STRONG> (Thumb, 0 bytes, Stack size unknown bytes, __rtentry2.o(.ARM.Collect$$rtentry$$0000000A))
<BR><BR>[Calls]<UL><LI><a href="#[4a]">&gt;&gt;</a>&nbsp;&nbsp;&nbsp;__rt_lib_init
</UL>

<P><STRONG><a name="[c4]"></a>__rt_entry_postsh_1</STRONG> (Thumb, 0 bytes, Stack size unknown bytes, __rtentry2.o(.ARM.Collect$$rtentry$$00000009))

<P><STRONG><a name="[4b]"></a>__rt_entry_main</STRONG> (Thumb, 0 bytes, Stack size unknown bytes, __rtentry2.o(.ARM.Collect$$rtentry$$0000000D))
<BR><BR>[Stack]<UL><LI>Max Depth = 120 + Unknown Stack Size
<LI>Call Chain = __rt_entry_main &rArr; main &rArr; HMI_Execute &rArr; Master_TransmitReceive &rArr; DS3231_GetTime &rArr; I2C_ReadMultiByte &rArr; I2C_ReadByte
</UL>
<BR>[Calls]<UL><LI><a href="#[4c]">&gt;&gt;</a>&nbsp;&nbsp;&nbsp;main
<LI><a href="#[4d]">&gt;&gt;</a>&nbsp;&nbsp;&nbsp;exit
</UL>

<P><STRONG><a name="[c5]"></a>__rt_entry_postli_1</STRONG> (Thumb, 0 bytes, Stack size unknown bytes, __rtentry2.o(.ARM.Collect$$rtentry$$0000000C))

<P><STRONG><a name="[57]"></a>__rt_exit</STRONG> (Thumb, 0 bytes, Stack size unknown bytes, rtexit.o(.ARM.Collect$$rtexit$$00000000))
<BR><BR>[Called By]<UL><LI><a href="#[4d]">&gt;&gt;</a>&nbsp;&nbsp;&nbsp;exit
</UL>

<P><STRONG><a name="[4e]"></a>__rt_exit_ls</STRONG> (Thumb, 0 bytes, Stack size unknown bytes, rtexit2.o(.ARM.Collect$$rtexit$$00000003))
<BR><BR>[Calls]<UL><LI><a href="#[4f]">&gt;&gt;</a>&nbsp;&nbsp;&nbsp;__rt_lib_shutdown
</UL>

<P><STRONG><a name="[c6]"></a>__rt_exit_prels_1</STRONG> (Thumb, 0 bytes, Stack size unknown bytes, rtexit2.o(.ARM.Collect$$rtexit$$00000002))

<P><STRONG><a name="[50]"></a>__rt_exit_exit</STRONG> (Thumb, 0 bytes, Stack size unknown bytes, rtexit2.o(.ARM.Collect$$rtexit$$00000004))
<BR><BR>[Calls]<UL><LI><a href="#[51]">&gt;&gt;</a>&nbsp;&nbsp;&nbsp;_sys_exit
</UL>

<P><STRONG><a name="[40]"></a>Reset_Handler</STRONG> (Thumb, 8 bytes, Stack size 0 bytes, startup_stm32f10x_md.o(.text))

<P><STRONG><a name="[4]"></a>NMI_Handler</STRONG> (Thumb, 2 bytes, Stack size 0 bytes, startup_stm32f10x_md.o(.text))
<BR><BR>[Calls]<UL><LI><a href="#[4]">&gt;&gt;</a>&nbsp;&nbsp;&nbsp;NMI_Handler
</UL>
<BR>[Called By]<UL><LI><a href="#[4]">&gt;&gt;</a>&nbsp;&nbsp;&nbsp;NMI_Handler
</UL>
<BR>[Address Reference Count : 1]<UL><LI> startup_stm32f10x_md.o(RESET)
</UL>
<P><STRONG><a name="[5]"></a>HardFault_Handler</STRONG> (Thumb, 2 bytes, Stack size 0 bytes, startup_stm32f10x_md.o(.text))
<BR><BR>[Calls]<UL><LI><a href="#[5]">&gt;&gt;</a>&nbsp;&nbsp;&nbsp;HardFault_Handler
</UL>
<BR>[Called By]<UL><LI><a href="#[5]">&gt;&gt;</a>&nbsp;&nbsp;&nbsp;HardFault_Handler
</UL>
<BR>[Address Reference Count : 1]<UL><LI> startup_stm32f10x_md.o(RESET)
</UL>
<P><STRONG><a name="[6]"></a>MemManage_Handler</STRONG> (Thumb, 2 bytes, Stack size 0 bytes, startup_stm32f10x_md.o(.text))
<BR><BR>[Calls]<UL><LI><a href="#[6]">&gt;&gt;</a>&nbsp;&nbsp;&nbsp;MemManage_Handler
</UL>
<BR>[Called By]<UL><LI><a href="#[6]">&gt;&gt;</a>&nbsp;&nbsp;&nbsp;MemManage_Handler
</UL>
<BR>[Address Reference Count : 1]<UL><LI> startup_stm32f10x_md.o(RESET)
</UL>
<P><STRONG><a name="[7]"></a>BusFault_Handler</STRONG> (Thumb, 2 bytes, Stack size 0 bytes, startup_stm32f10x_md.o(.text))
<BR><BR>[Calls]<UL><LI><a href="#[7]">&gt;&gt;</a>&nbsp;&nbsp;&nbsp;BusFault_Handler
</UL>
<BR>[Called By]<UL><LI><a href="#[7]">&gt;&gt;</a>&nbsp;&nbsp;&nbsp;BusFault_Handler
</UL>
<BR>[Address Reference Count : 1]<UL><LI> startup_stm32f10x_md.o(RESET)
</UL>
<P><STRONG><a name="[8]"></a>UsageFault_Handler</STRONG> (Thumb, 2 bytes, Stack size 0 bytes, startup_stm32f10x_md.o(.text))
<BR><BR>[Calls]<UL><LI><a href="#[8]">&gt;&gt;</a>&nbsp;&nbsp;&nbsp;UsageFault_Handler
</UL>
<BR>[Called By]<UL><LI><a href="#[8]">&gt;&gt;</a>&nbsp;&nbsp;&nbsp;UsageFault_Handler
</UL>
<BR>[Address Reference Count : 1]<UL><LI> startup_stm32f10x_md.o(RESET)
</UL>
<P><STRONG><a name="[9]"></a>SVC_Handler</STRONG> (Thumb, 2 bytes, Stack size 0 bytes, startup_stm32f10x_md.o(.text))
<BR><BR>[Calls]<UL><LI><a href="#[9]">&gt;&gt;</a>&nbsp;&nbsp;&nbsp;SVC_Handler
</UL>
<BR>[Called By]<UL><LI><a href="#[9]">&gt;&gt;</a>&nbsp;&nbsp;&nbsp;SVC_Handler
</UL>
<BR>[Address Reference Count : 1]<UL><LI> startup_stm32f10x_md.o(RESET)
</UL>
<P><STRONG><a name="[a]"></a>DebugMon_Handler</STRONG> (Thumb, 2 bytes, Stack size 0 bytes, startup_stm32f10x_md.o(.text))
<BR><BR>[Calls]<UL><LI><a href="#[a]">&gt;&gt;</a>&nbsp;&nbsp;&nbsp;DebugMon_Handler
</UL>
<BR>[Called By]<UL><LI><a href="#[a]">&gt;&gt;</a>&nbsp;&nbsp;&nbsp;DebugMon_Handler
</UL>
<BR>[Address Reference Count : 1]<UL><LI> startup_stm32f10x_md.o(RESET)
</UL>
<P><STRONG><a name="[b]"></a>PendSV_Handler</STRONG> (Thumb, 2 bytes, Stack size 0 bytes, startup_stm32f10x_md.o(.text))
<BR><BR>[Calls]<UL><LI><a href="#[b]">&gt;&gt;</a>&nbsp;&nbsp;&nbsp;PendSV_Handler
</UL>
<BR>[Called By]<UL><LI><a href="#[b]">&gt;&gt;</a>&nbsp;&nbsp;&nbsp;PendSV_Handler
</UL>
<BR>[Address Reference Count : 1]<UL><LI> startup_stm32f10x_md.o(RESET)
</UL>
<P><STRONG><a name="[1f]"></a>ADC1_2_IRQHandler</STRONG> (Thumb, 0 bytes, Stack size 0 bytes, startup_stm32f10x_md.o(.text))
<BR><BR>[Calls]<UL><LI><a href="#[1f]">&gt;&gt;</a>&nbsp;&nbsp;&nbsp;ADC1_2_IRQHandler
</UL>
<BR>[Called By]<UL><LI><a href="#[1f]">&gt;&gt;</a>&nbsp;&nbsp;&nbsp;ADC1_2_IRQHandler
</UL>
<BR>[Address Reference Count : 1]<UL><LI> startup_stm32f10x_md.o(RESET)
</UL>
<P><STRONG><a name="[22]"></a>CAN1_RX1_IRQHandler</STRONG> (Thumb, 0 bytes, Stack size 0 bytes, startup_stm32f10x_md.o(.text))
<BR>[Address Reference Count : 1]<UL><LI> startup_stm32f10x_md.o(RESET)
</UL>
<P><STRONG><a name="[23]"></a>CAN1_SCE_IRQHandler</STRONG> (Thumb, 0 bytes, Stack size 0 bytes, startup_stm32f10x_md.o(.text))
<BR>[Address Reference Count : 1]<UL><LI> startup_stm32f10x_md.o(RESET)
</UL>
<P><STRONG><a name="[18]"></a>DMA1_Channel1_IRQHandler</STRONG> (Thumb, 0 bytes, Stack size 0 bytes, startup_stm32f10x_md.o(.text))
<BR>[Address Reference Count : 1]<UL><LI> startup_stm32f10x_md.o(RESET)
</UL>
<P><STRONG><a name="[19]"></a>DMA1_Channel2_IRQHandler</STRONG> (Thumb, 0 bytes, Stack size 0 bytes, startup_stm32f10x_md.o(.text))
<BR>[Address Reference Count : 1]<UL><LI> startup_stm32f10x_md.o(RESET)
</UL>
<P><STRONG><a name="[1a]"></a>DMA1_Channel3_IRQHandler</STRONG> (Thumb, 0 bytes, Stack size 0 bytes, startup_stm32f10x_md.o(.text))
<BR>[Address Reference Count : 1]<UL><LI> startup_stm32f10x_md.o(RESET)
</UL>
<P><STRONG><a name="[1b]"></a>DMA1_Channel4_IRQHandler</STRONG> (Thumb, 0 bytes, Stack size 0 bytes, startup_stm32f10x_md.o(.text))
<BR>[Address Reference Count : 1]<UL><LI> startup_stm32f10x_md.o(RESET)
</UL>
<P><STRONG><a name="[1c]"></a>DMA1_Channel5_IRQHandler</STRONG> (Thumb, 0 bytes, Stack size 0 bytes, startup_stm32f10x_md.o(.text))
<BR>[Address Reference Count : 1]<UL><LI> startup_stm32f10x_md.o(RESET)
</UL>
<P><STRONG><a name="[1d]"></a>DMA1_Channel6_IRQHandler</STRONG> (Thumb, 0 bytes, Stack size 0 bytes, startup_stm32f10x_md.o(.text))
<BR>[Address Reference Count : 1]<UL><LI> startup_stm32f10x_md.o(RESET)
</UL>
<P><STRONG><a name="[1e]"></a>DMA1_Channel7_IRQHandler</STRONG> (Thumb, 0 bytes, Stack size 0 bytes, startup_stm32f10x_md.o(.text))
<BR>[Address Reference Count : 1]<UL><LI> startup_stm32f10x_md.o(RESET)
</UL>
<P><STRONG><a name="[35]"></a>EXTI15_10_IRQHandler</STRONG> (Thumb, 0 bytes, Stack size 0 bytes, startup_stm32f10x_md.o(.text))
<BR>[Address Reference Count : 1]<UL><LI> startup_stm32f10x_md.o(RESET)
</UL>
<P><STRONG><a name="[14]"></a>EXTI1_IRQHandler</STRONG> (Thumb, 0 bytes, Stack size 0 bytes, startup_stm32f10x_md.o(.text))
<BR>[Address Reference Count : 1]<UL><LI> startup_stm32f10x_md.o(RESET)
</UL>
<P><STRONG><a name="[15]"></a>EXTI2_IRQHandler</STRONG> (Thumb, 0 bytes, Stack size 0 bytes, startup_stm32f10x_md.o(.text))
<BR>[Address Reference Count : 1]<UL><LI> startup_stm32f10x_md.o(RESET)
</UL>
<P><STRONG><a name="[16]"></a>EXTI3_IRQHandler</STRONG> (Thumb, 0 bytes, Stack size 0 bytes, startup_stm32f10x_md.o(.text))
<BR>[Address Reference Count : 1]<UL><LI> startup_stm32f10x_md.o(RESET)
</UL>
<P><STRONG><a name="[17]"></a>EXTI4_IRQHandler</STRONG> (Thumb, 0 bytes, Stack size 0 bytes, startup_stm32f10x_md.o(.text))
<BR>[Address Reference Count : 1]<UL><LI> startup_stm32f10x_md.o(RESET)
</UL>
<P><STRONG><a name="[24]"></a>EXTI9_5_IRQHandler</STRONG> (Thumb, 0 bytes, Stack size 0 bytes, startup_stm32f10x_md.o(.text))
<BR>[Address Reference Count : 1]<UL><LI> startup_stm32f10x_md.o(RESET)
</UL>
<P><STRONG><a name="[11]"></a>FLASH_IRQHandler</STRONG> (Thumb, 0 bytes, Stack size 0 bytes, startup_stm32f10x_md.o(.text))
<BR>[Address Reference Count : 1]<UL><LI> startup_stm32f10x_md.o(RESET)
</UL>
<P><STRONG><a name="[2d]"></a>I2C1_ER_IRQHandler</STRONG> (Thumb, 0 bytes, Stack size 0 bytes, startup_stm32f10x_md.o(.text))
<BR>[Address Reference Count : 1]<UL><LI> startup_stm32f10x_md.o(RESET)
</UL>
<P><STRONG><a name="[2c]"></a>I2C1_EV_IRQHandler</STRONG> (Thumb, 0 bytes, Stack size 0 bytes, startup_stm32f10x_md.o(.text))
<BR>[Address Reference Count : 1]<UL><LI> startup_stm32f10x_md.o(RESET)
</UL>
<P><STRONG><a name="[2f]"></a>I2C2_ER_IRQHandler</STRONG> (Thumb, 0 bytes, Stack size 0 bytes, startup_stm32f10x_md.o(.text))
<BR>[Address Reference Count : 1]<UL><LI> startup_stm32f10x_md.o(RESET)
</UL>
<P><STRONG><a name="[2e]"></a>I2C2_EV_IRQHandler</STRONG> (Thumb, 0 bytes, Stack size 0 bytes, startup_stm32f10x_md.o(.text))
<BR>[Address Reference Count : 1]<UL><LI> startup_stm32f10x_md.o(RESET)
</UL>
<P><STRONG><a name="[e]"></a>PVD_IRQHandler</STRONG> (Thumb, 0 bytes, Stack size 0 bytes, startup_stm32f10x_md.o(.text))
<BR>[Address Reference Count : 1]<UL><LI> startup_stm32f10x_md.o(RESET)
</UL>
<P><STRONG><a name="[12]"></a>RCC_IRQHandler</STRONG> (Thumb, 0 bytes, Stack size 0 bytes, startup_stm32f10x_md.o(.text))
<BR>[Address Reference Count : 1]<UL><LI> startup_stm32f10x_md.o(RESET)
</UL>
<P><STRONG><a name="[36]"></a>RTCAlarm_IRQHandler</STRONG> (Thumb, 0 bytes, Stack size 0 bytes, startup_stm32f10x_md.o(.text))
<BR>[Address Reference Count : 1]<UL><LI> startup_stm32f10x_md.o(RESET)
</UL>
<P><STRONG><a name="[10]"></a>RTC_IRQHandler</STRONG> (Thumb, 0 bytes, Stack size 0 bytes, startup_stm32f10x_md.o(.text))
<BR>[Address Reference Count : 1]<UL><LI> startup_stm32f10x_md.o(RESET)
</UL>
<P><STRONG><a name="[30]"></a>SPI1_IRQHandler</STRONG> (Thumb, 0 bytes, Stack size 0 bytes, startup_stm32f10x_md.o(.text))
<BR>[Address Reference Count : 1]<UL><LI> startup_stm32f10x_md.o(RESET)
</UL>
<P><STRONG><a name="[31]"></a>SPI2_IRQHandler</STRONG> (Thumb, 0 bytes, Stack size 0 bytes, startup_stm32f10x_md.o(.text))
<BR>[Address Reference Count : 1]<UL><LI> startup_stm32f10x_md.o(RESET)
</UL>
<P><STRONG><a name="[f]"></a>TAMPER_IRQHandler</STRONG> (Thumb, 0 bytes, Stack size 0 bytes, startup_stm32f10x_md.o(.text))
<BR>[Address Reference Count : 1]<UL><LI> startup_stm32f10x_md.o(RESET)
</UL>
<P><STRONG><a name="[25]"></a>TIM1_BRK_IRQHandler</STRONG> (Thumb, 0 bytes, Stack size 0 bytes, startup_stm32f10x_md.o(.text))
<BR>[Address Reference Count : 1]<UL><LI> startup_stm32f10x_md.o(RESET)
</UL>
<P><STRONG><a name="[28]"></a>TIM1_CC_IRQHandler</STRONG> (Thumb, 0 bytes, Stack size 0 bytes, startup_stm32f10x_md.o(.text))
<BR>[Address Reference Count : 1]<UL><LI> startup_stm32f10x_md.o(RESET)
</UL>
<P><STRONG><a name="[27]"></a>TIM1_TRG_COM_IRQHandler</STRONG> (Thumb, 0 bytes, Stack size 0 bytes, startup_stm32f10x_md.o(.text))
<BR>[Address Reference Count : 1]<UL><LI> startup_stm32f10x_md.o(RESET)
</UL>
<P><STRONG><a name="[26]"></a>TIM1_UP_IRQHandler</STRONG> (Thumb, 0 bytes, Stack size 0 bytes, startup_stm32f10x_md.o(.text))
<BR>[Address Reference Count : 1]<UL><LI> startup_stm32f10x_md.o(RESET)
</UL>
<P><STRONG><a name="[29]"></a>TIM2_IRQHandler</STRONG> (Thumb, 0 bytes, Stack size 0 bytes, startup_stm32f10x_md.o(.text))
<BR>[Address Reference Count : 1]<UL><LI> startup_stm32f10x_md.o(RESET)
</UL>
<P><STRONG><a name="[2a]"></a>TIM3_IRQHandler</STRONG> (Thumb, 0 bytes, Stack size 0 bytes, startup_stm32f10x_md.o(.text))
<BR>[Address Reference Count : 1]<UL><LI> startup_stm32f10x_md.o(RESET)
</UL>
<P><STRONG><a name="[2b]"></a>TIM4_IRQHandler</STRONG> (Thumb, 0 bytes, Stack size 0 bytes, startup_stm32f10x_md.o(.text))
<BR>[Address Reference Count : 1]<UL><LI> startup_stm32f10x_md.o(RESET)
</UL>
<P><STRONG><a name="[32]"></a>USART1_IRQHandler</STRONG> (Thumb, 0 bytes, Stack size 0 bytes, startup_stm32f10x_md.o(.text))
<BR>[Address Reference Count : 1]<UL><LI> startup_stm32f10x_md.o(RESET)
</UL>
<P><STRONG><a name="[33]"></a>USART2_IRQHandler</STRONG> (Thumb, 0 bytes, Stack size 0 bytes, startup_stm32f10x_md.o(.text))
<BR>[Address Reference Count : 1]<UL><LI> startup_stm32f10x_md.o(RESET)
</UL>
<P><STRONG><a name="[34]"></a>USART3_IRQHandler</STRONG> (Thumb, 0 bytes, Stack size 0 bytes, startup_stm32f10x_md.o(.text))
<BR>[Address Reference Count : 1]<UL><LI> startup_stm32f10x_md.o(RESET)
</UL>
<P><STRONG><a name="[37]"></a>USBWakeUp_IRQHandler</STRONG> (Thumb, 0 bytes, Stack size 0 bytes, startup_stm32f10x_md.o(.text))
<BR>[Address Reference Count : 1]<UL><LI> startup_stm32f10x_md.o(RESET)
</UL>
<P><STRONG><a name="[20]"></a>USB_HP_CAN1_TX_IRQHandler</STRONG> (Thumb, 0 bytes, Stack size 0 bytes, startup_stm32f10x_md.o(.text))
<BR>[Address Reference Count : 1]<UL><LI> startup_stm32f10x_md.o(RESET)
</UL>
<P><STRONG><a name="[21]"></a>USB_LP_CAN1_RX0_IRQHandler</STRONG> (Thumb, 0 bytes, Stack size 0 bytes, startup_stm32f10x_md.o(.text))
<BR>[Address Reference Count : 1]<UL><LI> startup_stm32f10x_md.o(RESET)
</UL>
<P><STRONG><a name="[d]"></a>WWDG_IRQHandler</STRONG> (Thumb, 0 bytes, Stack size 0 bytes, startup_stm32f10x_md.o(.text))
<BR>[Address Reference Count : 1]<UL><LI> startup_stm32f10x_md.o(RESET)
</UL>
<P><STRONG><a name="[42]"></a>__user_initial_stackheap</STRONG> (Thumb, 0 bytes, Stack size unknown bytes, startup_stm32f10x_md.o(.text))
<BR><BR>[Called By]<UL><LI><a href="#[48]">&gt;&gt;</a>&nbsp;&nbsp;&nbsp;__user_setup_stackheap
</UL>

<P><STRONG><a name="[61]"></a>strlen</STRONG> (Thumb, 62 bytes, Stack size 8 bytes, strlen.o(.text))
<BR><BR>[Stack]<UL><LI>Max Depth = 8<LI>Call Chain = strlen
</UL>
<BR>[Called By]<UL><LI><a href="#[60]">&gt;&gt;</a>&nbsp;&nbsp;&nbsp;Conv_StringToInteger
</UL>

<P><STRONG><a name="[52]"></a>__aeabi_memset</STRONG> (Thumb, 16 bytes, Stack size 0 bytes, aeabi_memset.o(.text))
<BR><BR>[Calls]<UL><LI><a href="#[53]">&gt;&gt;</a>&nbsp;&nbsp;&nbsp;_memset
</UL>
<BR>[Called By]<UL><LI><a href="#[79]">&gt;&gt;</a>&nbsp;&nbsp;&nbsp;Reset_MasterToNodeData
</UL>

<P><STRONG><a name="[c7]"></a>__use_two_region_memory</STRONG> (Thumb, 2 bytes, Stack size 0 bytes, heapauxi.o(.text), UNUSED)

<P><STRONG><a name="[c8]"></a>__rt_heap_escrow$2region</STRONG> (Thumb, 2 bytes, Stack size 0 bytes, heapauxi.o(.text), UNUSED)

<P><STRONG><a name="[c9]"></a>__rt_heap_expand$2region</STRONG> (Thumb, 2 bytes, Stack size 0 bytes, heapauxi.o(.text), UNUSED)

<P><STRONG><a name="[ca]"></a>__aeabi_memclr</STRONG> (Thumb, 0 bytes, Stack size 0 bytes, rt_memclr.o(.text), UNUSED)

<P><STRONG><a name="[54]"></a>__rt_memclr</STRONG> (Thumb, 68 bytes, Stack size 0 bytes, rt_memclr.o(.text), UNUSED)
<BR><BR>[Calls]<UL><LI><a href="#[55]">&gt;&gt;</a>&nbsp;&nbsp;&nbsp;_memset_w
</UL>

<P><STRONG><a name="[53]"></a>_memset</STRONG> (Thumb, 0 bytes, Stack size unknown bytes, rt_memclr.o(.text))
<BR><BR>[Called By]<UL><LI><a href="#[52]">&gt;&gt;</a>&nbsp;&nbsp;&nbsp;__aeabi_memset
</UL>

<P><STRONG><a name="[cb]"></a>__aeabi_memclr4</STRONG> (Thumb, 0 bytes, Stack size 4 bytes, rt_memclr_w.o(.text), UNUSED)

<P><STRONG><a name="[cc]"></a>__aeabi_memclr8</STRONG> (Thumb, 0 bytes, Stack size 4 bytes, rt_memclr_w.o(.text), UNUSED)

<P><STRONG><a name="[cd]"></a>__rt_memclr_w</STRONG> (Thumb, 78 bytes, Stack size 4 bytes, rt_memclr_w.o(.text), UNUSED)

<P><STRONG><a name="[55]"></a>_memset_w</STRONG> (Thumb, 0 bytes, Stack size unknown bytes, rt_memclr_w.o(.text), UNUSED)
<BR><BR>[Called By]<UL><LI><a href="#[54]">&gt;&gt;</a>&nbsp;&nbsp;&nbsp;__rt_memclr
</UL>

<P><STRONG><a name="[48]"></a>__user_setup_stackheap</STRONG> (Thumb, 74 bytes, Stack size 8 bytes, sys_stackheap_outer.o(.text))
<BR><BR>[Stack]<UL><LI>Max Depth = 8 + Unknown Stack Size
<LI>Call Chain = __user_setup_stackheap
</UL>
<BR>[Calls]<UL><LI><a href="#[56]">&gt;&gt;</a>&nbsp;&nbsp;&nbsp;__user_perproc_libspace
<LI><a href="#[42]">&gt;&gt;</a>&nbsp;&nbsp;&nbsp;__user_initial_stackheap
</UL>
<BR>[Called By]<UL><LI><a href="#[47]">&gt;&gt;</a>&nbsp;&nbsp;&nbsp;__rt_entry_sh
</UL>

<P><STRONG><a name="[4d]"></a>exit</STRONG> (Thumb, 18 bytes, Stack size 8 bytes, exit.o(.text))
<BR><BR>[Stack]<UL><LI>Max Depth = 8 + Unknown Stack Size
<LI>Call Chain = exit
</UL>
<BR>[Calls]<UL><LI><a href="#[57]">&gt;&gt;</a>&nbsp;&nbsp;&nbsp;__rt_exit
</UL>
<BR>[Called By]<UL><LI><a href="#[4b]">&gt;&gt;</a>&nbsp;&nbsp;&nbsp;__rt_entry_main
</UL>

<P><STRONG><a name="[ce]"></a>__user_libspace</STRONG> (Thumb, 8 bytes, Stack size 0 bytes, libspace.o(.text), UNUSED)

<P><STRONG><a name="[56]"></a>__user_perproc_libspace</STRONG> (Thumb, 0 bytes, Stack size 0 bytes, libspace.o(.text))
<BR><BR>[Called By]<UL><LI><a href="#[48]">&gt;&gt;</a>&nbsp;&nbsp;&nbsp;__user_setup_stackheap
</UL>

<P><STRONG><a name="[cf]"></a>__user_perthread_libspace</STRONG> (Thumb, 0 bytes, Stack size 0 bytes, libspace.o(.text), UNUSED)

<P><STRONG><a name="[51]"></a>_sys_exit</STRONG> (Thumb, 8 bytes, Stack size 0 bytes, sys_exit.o(.text))
<BR><BR>[Called By]<UL><LI><a href="#[50]">&gt;&gt;</a>&nbsp;&nbsp;&nbsp;__rt_exit_exit
</UL>

<P><STRONG><a name="[d0]"></a>__I$use$semihosting</STRONG> (Thumb, 0 bytes, Stack size 0 bytes, use_no_semi.o(.text), UNUSED)

<P><STRONG><a name="[d1]"></a>__use_no_semihosting_swi</STRONG> (Thumb, 2 bytes, Stack size 0 bytes, use_no_semi.o(.text), UNUSED)

<P><STRONG><a name="[d2]"></a>__semihosting_library_function</STRONG> (Thumb, 0 bytes, Stack size unknown bytes, indicate_semi.o(.text), UNUSED)

<P><STRONG><a name="[a0]"></a>AFIO_Init</STRONG> (Thumb, 58 bytes, Stack size 0 bytes, afio.o(i.AFIO_Init))
<BR><BR>[Called By]<UL><LI><a href="#[9b]">&gt;&gt;</a>&nbsp;&nbsp;&nbsp;System_Init
</UL>

<P><STRONG><a name="[5b]"></a>BME280_GetData</STRONG> (Thumb, 298 bytes, Stack size 40 bytes, bme280.o(i.BME280_GetData))
<BR><BR>[Stack]<UL><LI>Max Depth = 80<LI>Call Chain = BME280_GetData &rArr; I2C_ReadMultiByte &rArr; I2C_ReadByte
</UL>
<BR>[Calls]<UL><LI><a href="#[5c]">&gt;&gt;</a>&nbsp;&nbsp;&nbsp;I2C_WriteByte
<LI><a href="#[5d]">&gt;&gt;</a>&nbsp;&nbsp;&nbsp;I2C_ReadMultiByte
</UL>
<BR>[Called By]<UL><LI><a href="#[3a]">&gt;&gt;</a>&nbsp;&nbsp;&nbsp;FSM_DisplayBme280Data
<LI><a href="#[89]">&gt;&gt;</a>&nbsp;&nbsp;&nbsp;HMI_Execute
</UL>

<P><STRONG><a name="[5e]"></a>BME280_Init</STRONG> (Thumb, 46 bytes, Stack size 8 bytes, bme280.o(i.BME280_Init))
<BR><BR>[Stack]<UL><LI>Max Depth = 48<LI>Call Chain = BME280_Init &rArr; I2C_ReadMultiByte &rArr; I2C_ReadByte
</UL>
<BR>[Calls]<UL><LI><a href="#[5d]">&gt;&gt;</a>&nbsp;&nbsp;&nbsp;I2C_ReadMultiByte
<LI><a href="#[5f]">&gt;&gt;</a>&nbsp;&nbsp;&nbsp;BME280_Store_Compensation_Parameters
</UL>
<BR>[Called By]<UL><LI><a href="#[4c]">&gt;&gt;</a>&nbsp;&nbsp;&nbsp;main
</UL>

<P><STRONG><a name="[9c]"></a>Clock_HSI_8MHz_Init</STRONG> (Thumb, 70 bytes, Stack size 0 bytes, clocks.o(i.Clock_HSI_8MHz_Init))
<BR><BR>[Called By]<UL><LI><a href="#[9b]">&gt;&gt;</a>&nbsp;&nbsp;&nbsp;System_Init
</UL>

<P><STRONG><a name="[6f]"></a>Conv_IntegerToString</STRONG> (Thumb, 68 bytes, Stack size 12 bytes, conversions.o(i.Conv_IntegerToString))
<BR><BR>[Stack]<UL><LI>Max Depth = 12<LI>Call Chain = Conv_IntegerToString
</UL>
<BR>[Called By]<UL><LI><a href="#[72]">&gt;&gt;</a>&nbsp;&nbsp;&nbsp;Display_Threshold
<LI><a href="#[71]">&gt;&gt;</a>&nbsp;&nbsp;&nbsp;Display_NodeData
<LI><a href="#[6b]">&gt;&gt;</a>&nbsp;&nbsp;&nbsp;Display_Bme280Data
</UL>

<P><STRONG><a name="[60]"></a>Conv_StringToInteger</STRONG> (Thumb, 48 bytes, Stack size 16 bytes, conversions.o(i.Conv_StringToInteger))
<BR><BR>[Stack]<UL><LI>Max Depth = 24<LI>Call Chain = Conv_StringToInteger &rArr; strlen
</UL>
<BR>[Calls]<UL><LI><a href="#[61]">&gt;&gt;</a>&nbsp;&nbsp;&nbsp;strlen
</UL>
<BR>[Called By]<UL><LI><a href="#[7a]">&gt;&gt;</a>&nbsp;&nbsp;&nbsp;Keypad_StrToInt
</UL>

<P><STRONG><a name="[85]"></a>DMA_USART_Rx_Init</STRONG> (Thumb, 26 bytes, Stack size 16 bytes, dma.o(i.DMA_USART_Rx_Init))
<BR><BR>[Stack]<UL><LI>Max Depth = 16<LI>Call Chain = DMA_USART_Rx_Init
</UL>
<BR>[Called By]<UL><LI><a href="#[84]">&gt;&gt;</a>&nbsp;&nbsp;&nbsp;HC12_RxBufferInit
</UL>

<P><STRONG><a name="[62]"></a>DS3231_24HourFormat</STRONG> (Thumb, 40 bytes, Stack size 8 bytes, ds3231.o(i.DS3231_24HourFormat))
<BR><BR>[Stack]<UL><LI>Max Depth = 20<LI>Call Chain = DS3231_24HourFormat &rArr; I2C_ReadByte
</UL>
<BR>[Calls]<UL><LI><a href="#[63]">&gt;&gt;</a>&nbsp;&nbsp;&nbsp;I2C_ReadByte
<LI><a href="#[5c]">&gt;&gt;</a>&nbsp;&nbsp;&nbsp;I2C_WriteByte
</UL>
<BR>[Called By]<UL><LI><a href="#[4c]">&gt;&gt;</a>&nbsp;&nbsp;&nbsp;main
</UL>

<P><STRONG><a name="[64]"></a>DS3231_GetTime</STRONG> (Thumb, 102 bytes, Stack size 24 bytes, ds3231.o(i.DS3231_GetTime))
<BR><BR>[Stack]<UL><LI>Max Depth = 64<LI>Call Chain = DS3231_GetTime &rArr; I2C_ReadMultiByte &rArr; I2C_ReadByte
</UL>
<BR>[Calls]<UL><LI><a href="#[65]">&gt;&gt;</a>&nbsp;&nbsp;&nbsp;BCDToHex
<LI><a href="#[5d]">&gt;&gt;</a>&nbsp;&nbsp;&nbsp;I2C_ReadMultiByte
</UL>
<BR>[Called By]<UL><LI><a href="#[8a]">&gt;&gt;</a>&nbsp;&nbsp;&nbsp;Master_TransmitReceive
<LI><a href="#[4c]">&gt;&gt;</a>&nbsp;&nbsp;&nbsp;main
</UL>

<P><STRONG><a name="[66]"></a>DS3231_ResetAlarm2</STRONG> (Thumb, 40 bytes, Stack size 8 bytes, ds3231.o(i.DS3231_ResetAlarm2))
<BR><BR>[Stack]<UL><LI>Max Depth = 20<LI>Call Chain = DS3231_ResetAlarm2 &rArr; I2C_ReadByte
</UL>
<BR>[Calls]<UL><LI><a href="#[63]">&gt;&gt;</a>&nbsp;&nbsp;&nbsp;I2C_ReadByte
<LI><a href="#[5c]">&gt;&gt;</a>&nbsp;&nbsp;&nbsp;I2C_WriteByte
</UL>
<BR>[Called By]<UL><LI><a href="#[4c]">&gt;&gt;</a>&nbsp;&nbsp;&nbsp;main
</UL>

<P><STRONG><a name="[67]"></a>DS3231_SetAlarm2</STRONG> (Thumb, 60 bytes, Stack size 24 bytes, ds3231.o(i.DS3231_SetAlarm2))
<BR><BR>[Stack]<UL><LI>Max Depth = 44<LI>Call Chain = DS3231_SetAlarm2 &rArr; I2C_WriteMultiByte
</UL>
<BR>[Calls]<UL><LI><a href="#[69]">&gt;&gt;</a>&nbsp;&nbsp;&nbsp;I2C_WriteMultiByte
<LI><a href="#[68]">&gt;&gt;</a>&nbsp;&nbsp;&nbsp;HexToBCD
<LI><a href="#[5c]">&gt;&gt;</a>&nbsp;&nbsp;&nbsp;I2C_WriteByte
</UL>
<BR>[Called By]<UL><LI><a href="#[4c]">&gt;&gt;</a>&nbsp;&nbsp;&nbsp;main
</UL>

<P><STRONG><a name="[6a]"></a>DS3231_SetTime</STRONG> (Thumb, 78 bytes, Stack size 24 bytes, ds3231.o(i.DS3231_SetTime))
<BR><BR>[Stack]<UL><LI>Max Depth = 44<LI>Call Chain = DS3231_SetTime &rArr; I2C_WriteMultiByte
</UL>
<BR>[Calls]<UL><LI><a href="#[69]">&gt;&gt;</a>&nbsp;&nbsp;&nbsp;I2C_WriteMultiByte
<LI><a href="#[63]">&gt;&gt;</a>&nbsp;&nbsp;&nbsp;I2C_ReadByte
<LI><a href="#[68]">&gt;&gt;</a>&nbsp;&nbsp;&nbsp;HexToBCD
</UL>
<BR>[Called By]<UL><LI><a href="#[4c]">&gt;&gt;</a>&nbsp;&nbsp;&nbsp;main
</UL>

<P><STRONG><a name="[6b]"></a>Display_Bme280Data</STRONG> (Thumb, 138 bytes, Stack size 40 bytes, display.o(i.Display_Bme280Data))
<BR><BR>[Stack]<UL><LI>Max Depth = 112<LI>Call Chain = Display_Bme280Data &rArr; RefreshRow &rArr; LCD_SetCursor &rArr; LCD_WriteByte &rArr; LCD_WriteNibble &rArr; I2C_Write
</UL>
<BR>[Calls]<UL><LI><a href="#[70]">&gt;&gt;</a>&nbsp;&nbsp;&nbsp;LCD_PrintChar
<LI><a href="#[6f]">&gt;&gt;</a>&nbsp;&nbsp;&nbsp;Conv_IntegerToString
<LI><a href="#[6c]">&gt;&gt;</a>&nbsp;&nbsp;&nbsp;RefreshRow
<LI><a href="#[6d]">&gt;&gt;</a>&nbsp;&nbsp;&nbsp;LCD_SetCursor
<LI><a href="#[6e]">&gt;&gt;</a>&nbsp;&nbsp;&nbsp;LCD_PrintString
</UL>
<BR>[Called By]<UL><LI><a href="#[3a]">&gt;&gt;</a>&nbsp;&nbsp;&nbsp;FSM_DisplayBme280Data
</UL>

<P><STRONG><a name="[71]"></a>Display_NodeData</STRONG> (Thumb, 236 bytes, Stack size 32 bytes, display.o(i.Display_NodeData))
<BR><BR>[Stack]<UL><LI>Max Depth = 104<LI>Call Chain = Display_NodeData &rArr; RefreshRow &rArr; LCD_SetCursor &rArr; LCD_WriteByte &rArr; LCD_WriteNibble &rArr; I2C_Write
</UL>
<BR>[Calls]<UL><LI><a href="#[70]">&gt;&gt;</a>&nbsp;&nbsp;&nbsp;LCD_PrintChar
<LI><a href="#[6f]">&gt;&gt;</a>&nbsp;&nbsp;&nbsp;Conv_IntegerToString
<LI><a href="#[6c]">&gt;&gt;</a>&nbsp;&nbsp;&nbsp;RefreshRow
<LI><a href="#[6d]">&gt;&gt;</a>&nbsp;&nbsp;&nbsp;LCD_SetCursor
<LI><a href="#[6e]">&gt;&gt;</a>&nbsp;&nbsp;&nbsp;LCD_PrintString
</UL>
<BR>[Called By]<UL><LI><a href="#[3b]">&gt;&gt;</a>&nbsp;&nbsp;&nbsp;FSM_Node
</UL>

<P><STRONG><a name="[72]"></a>Display_Threshold</STRONG> (Thumb, 430 bytes, Stack size 48 bytes, display.o(i.Display_Threshold))
<BR><BR>[Stack]<UL><LI>Max Depth = 120<LI>Call Chain = Display_Threshold &rArr; RefreshRow &rArr; LCD_SetCursor &rArr; LCD_WriteByte &rArr; LCD_WriteNibble &rArr; I2C_Write
</UL>
<BR>[Calls]<UL><LI><a href="#[70]">&gt;&gt;</a>&nbsp;&nbsp;&nbsp;LCD_PrintChar
<LI><a href="#[6f]">&gt;&gt;</a>&nbsp;&nbsp;&nbsp;Conv_IntegerToString
<LI><a href="#[6c]">&gt;&gt;</a>&nbsp;&nbsp;&nbsp;RefreshRow
<LI><a href="#[6d]">&gt;&gt;</a>&nbsp;&nbsp;&nbsp;LCD_SetCursor
<LI><a href="#[6e]">&gt;&gt;</a>&nbsp;&nbsp;&nbsp;LCD_PrintString
</UL>
<BR>[Called By]<UL><LI><a href="#[3e]">&gt;&gt;</a>&nbsp;&nbsp;&nbsp;FSM_Temperature
<LI><a href="#[3c]">&gt;&gt;</a>&nbsp;&nbsp;&nbsp;FSM_Moisture
<LI><a href="#[3f]">&gt;&gt;</a>&nbsp;&nbsp;&nbsp;FSM_IrrigTime
<LI><a href="#[3d]">&gt;&gt;</a>&nbsp;&nbsp;&nbsp;FSM_Humidity
</UL>

<P><STRONG><a name="[73]"></a>EEPROM_GetData</STRONG> (Thumb, 72 bytes, Stack size 32 bytes, eeprom24c16.o(i.EEPROM_GetData))
<BR><BR>[Stack]<UL><LI>Max Depth = 104<LI>Call Chain = EEPROM_GetData &rArr; EEPROM_ReadPage &rArr; I2C_ReadMultiByte &rArr; I2C_ReadByte
</UL>
<BR>[Calls]<UL><LI><a href="#[74]">&gt;&gt;</a>&nbsp;&nbsp;&nbsp;EEPROM_ReadPage
</UL>
<BR>[Called By]<UL><LI><a href="#[4c]">&gt;&gt;</a>&nbsp;&nbsp;&nbsp;main
</UL>

<P><STRONG><a name="[74]"></a>EEPROM_ReadPage</STRONG> (Thumb, 70 bytes, Stack size 32 bytes, eeprom24c16.o(i.EEPROM_ReadPage))
<BR><BR>[Stack]<UL><LI>Max Depth = 72<LI>Call Chain = EEPROM_ReadPage &rArr; I2C_ReadMultiByte &rArr; I2C_ReadByte
</UL>
<BR>[Calls]<UL><LI><a href="#[5d]">&gt;&gt;</a>&nbsp;&nbsp;&nbsp;I2C_ReadMultiByte
</UL>
<BR>[Called By]<UL><LI><a href="#[73]">&gt;&gt;</a>&nbsp;&nbsp;&nbsp;EEPROM_GetData
</UL>

<P><STRONG><a name="[75]"></a>EEPROM_StoreData</STRONG> (Thumb, 72 bytes, Stack size 32 bytes, eeprom24c16.o(i.EEPROM_StoreData))
<BR><BR>[Stack]<UL><LI>Max Depth = 84<LI>Call Chain = EEPROM_StoreData &rArr; EEPROM_WritePage &rArr; I2C_WriteMultiByte
</UL>
<BR>[Calls]<UL><LI><a href="#[76]">&gt;&gt;</a>&nbsp;&nbsp;&nbsp;EEPROM_WritePage
</UL>
<BR>[Called By]<UL><LI><a href="#[4c]">&gt;&gt;</a>&nbsp;&nbsp;&nbsp;main
</UL>

<P><STRONG><a name="[76]"></a>EEPROM_WritePage</STRONG> (Thumb, 76 bytes, Stack size 32 bytes, eeprom24c16.o(i.EEPROM_WritePage))
<BR><BR>[Stack]<UL><LI>Max Depth = 52<LI>Call Chain = EEPROM_WritePage &rArr; I2C_WriteMultiByte
</UL>
<BR>[Calls]<UL><LI><a href="#[77]">&gt;&gt;</a>&nbsp;&nbsp;&nbsp;SysTick_DelayMs
<LI><a href="#[69]">&gt;&gt;</a>&nbsp;&nbsp;&nbsp;I2C_WriteMultiByte
</UL>
<BR>[Called By]<UL><LI><a href="#[75]">&gt;&gt;</a>&nbsp;&nbsp;&nbsp;EEPROM_StoreData
</UL>

<P><STRONG><a name="[13]"></a>EXTI0_IRQHandler</STRONG> (Thumb, 30 bytes, Stack size 0 bytes, exti.o(i.EXTI0_IRQHandler))
<BR>[Address Reference Count : 1]<UL><LI> startup_stm32f10x_md.o(RESET)
</UL>
<P><STRONG><a name="[a1]"></a>EXTI_Init</STRONG> (Thumb, 56 bytes, Stack size 0 bytes, exti.o(i.EXTI_Init))
<BR><BR>[Called By]<UL><LI><a href="#[9b]">&gt;&gt;</a>&nbsp;&nbsp;&nbsp;System_Init
</UL>

<P><STRONG><a name="[81]"></a>GPIO_InputInit</STRONG> (Thumb, 32 bytes, Stack size 20 bytes, gpio.o(i.GPIO_InputInit))
<BR><BR>[Stack]<UL><LI>Max Depth = 20<LI>Call Chain = GPIO_InputInit
</UL>
<BR>[Called By]<UL><LI><a href="#[9b]">&gt;&gt;</a>&nbsp;&nbsp;&nbsp;System_Init
<LI><a href="#[7f]">&gt;&gt;</a>&nbsp;&nbsp;&nbsp;HC12_Init
</UL>

<P><STRONG><a name="[8d]"></a>GPIO_InputRead</STRONG> (Thumb, 26 bytes, Stack size 0 bytes, gpio.o(i.GPIO_InputRead))
<BR><BR>[Called By]<UL><LI><a href="#[7e]">&gt;&gt;</a>&nbsp;&nbsp;&nbsp;Keypad_GetChar
</UL>

<P><STRONG><a name="[8f]"></a>GPIO_MultipleInputInit</STRONG> (Thumb, 28 bytes, Stack size 16 bytes, gpio.o(i.GPIO_MultipleInputInit))
<BR><BR>[Stack]<UL><LI>Max Depth = 16<LI>Call Chain = GPIO_MultipleInputInit
</UL>
<BR>[Called By]<UL><LI><a href="#[8e]">&gt;&gt;</a>&nbsp;&nbsp;&nbsp;Keypad_Init
</UL>

<P><STRONG><a name="[59]"></a>GPIO_OutputClearMultiple</STRONG> (Thumb, 8 bytes, Stack size 0 bytes, gpio.o(i.GPIO_OutputClearMultiple))
<BR><BR>[Called By]<UL><LI><a href="#[58]">&gt;&gt;</a>&nbsp;&nbsp;&nbsp;ActivateColumn
</UL>

<P><STRONG><a name="[80]"></a>GPIO_OutputInit</STRONG> (Thumb, 26 bytes, Stack size 12 bytes, gpio.o(i.GPIO_OutputInit))
<BR><BR>[Stack]<UL><LI>Max Depth = 12<LI>Call Chain = GPIO_OutputInit
</UL>
<BR>[Called By]<UL><LI><a href="#[9b]">&gt;&gt;</a>&nbsp;&nbsp;&nbsp;System_Init
<LI><a href="#[8e]">&gt;&gt;</a>&nbsp;&nbsp;&nbsp;Keypad_Init
<LI><a href="#[7f]">&gt;&gt;</a>&nbsp;&nbsp;&nbsp;HC12_Init
</UL>

<P><STRONG><a name="[82]"></a>GPIO_OutputWrite</STRONG> (Thumb, 26 bytes, Stack size 8 bytes, gpio.o(i.GPIO_OutputWrite))
<BR><BR>[Stack]<UL><LI>Max Depth = 8<LI>Call Chain = GPIO_OutputWrite
</UL>
<BR>[Called By]<UL><LI><a href="#[86]">&gt;&gt;</a>&nbsp;&nbsp;&nbsp;HC12_SetPinControl
<LI><a href="#[7f]">&gt;&gt;</a>&nbsp;&nbsp;&nbsp;HC12_Init
</UL>

<P><STRONG><a name="[5a]"></a>GPIO_OutputWriteMultiple</STRONG> (Thumb, 8 bytes, Stack size 0 bytes, gpio.o(i.GPIO_OutputWriteMultiple))
<BR><BR>[Called By]<UL><LI><a href="#[58]">&gt;&gt;</a>&nbsp;&nbsp;&nbsp;ActivateColumn
</UL>

<P><STRONG><a name="[9e]"></a>GPIO_Reset</STRONG> (Thumb, 74 bytes, Stack size 0 bytes, gpio.o(i.GPIO_Reset))
<BR><BR>[Called By]<UL><LI><a href="#[9b]">&gt;&gt;</a>&nbsp;&nbsp;&nbsp;System_Init
</UL>

<P><STRONG><a name="[7f]"></a>HC12_Init</STRONG> (Thumb, 68 bytes, Stack size 8 bytes, hc12.o(i.HC12_Init))
<BR><BR>[Stack]<UL><LI>Max Depth = 28<LI>Call Chain = HC12_Init &rArr; GPIO_InputInit
</UL>
<BR>[Calls]<UL><LI><a href="#[83]">&gt;&gt;</a>&nbsp;&nbsp;&nbsp;USART_Init
<LI><a href="#[82]">&gt;&gt;</a>&nbsp;&nbsp;&nbsp;GPIO_OutputWrite
<LI><a href="#[80]">&gt;&gt;</a>&nbsp;&nbsp;&nbsp;GPIO_OutputInit
<LI><a href="#[81]">&gt;&gt;</a>&nbsp;&nbsp;&nbsp;GPIO_InputInit
</UL>
<BR>[Called By]<UL><LI><a href="#[4c]">&gt;&gt;</a>&nbsp;&nbsp;&nbsp;main
</UL>

<P><STRONG><a name="[84]"></a>HC12_RxBufferInit</STRONG> (Thumb, 24 bytes, Stack size 16 bytes, hc12.o(i.HC12_RxBufferInit))
<BR><BR>[Stack]<UL><LI>Max Depth = 32<LI>Call Chain = HC12_RxBufferInit &rArr; DMA_USART_Rx_Init
</UL>
<BR>[Calls]<UL><LI><a href="#[85]">&gt;&gt;</a>&nbsp;&nbsp;&nbsp;DMA_USART_Rx_Init
</UL>
<BR>[Called By]<UL><LI><a href="#[8a]">&gt;&gt;</a>&nbsp;&nbsp;&nbsp;Master_TransmitReceive
<LI><a href="#[4c]">&gt;&gt;</a>&nbsp;&nbsp;&nbsp;main
</UL>

<P><STRONG><a name="[86]"></a>HC12_SetPinControl</STRONG> (Thumb, 16 bytes, Stack size 8 bytes, hc12.o(i.HC12_SetPinControl))
<BR><BR>[Stack]<UL><LI>Max Depth = 16<LI>Call Chain = HC12_SetPinControl &rArr; GPIO_OutputWrite
</UL>
<BR>[Calls]<UL><LI><a href="#[82]">&gt;&gt;</a>&nbsp;&nbsp;&nbsp;GPIO_OutputWrite
</UL>
<BR>[Called By]<UL><LI><a href="#[8a]">&gt;&gt;</a>&nbsp;&nbsp;&nbsp;Master_TransmitReceive
</UL>

<P><STRONG><a name="[87]"></a>HC12_TransmitBytes</STRONG> (Thumb, 18 bytes, Stack size 16 bytes, hc12.o(i.HC12_TransmitBytes))
<BR><BR>[Stack]<UL><LI>Max Depth = 24<LI>Call Chain = HC12_TransmitBytes &rArr; USART_TransmitBytes
</UL>
<BR>[Calls]<UL><LI><a href="#[88]">&gt;&gt;</a>&nbsp;&nbsp;&nbsp;USART_TransmitBytes
</UL>
<BR>[Called By]<UL><LI><a href="#[8a]">&gt;&gt;</a>&nbsp;&nbsp;&nbsp;Master_TransmitReceive
</UL>

<P><STRONG><a name="[89]"></a>HMI_Execute</STRONG> (Thumb, 228 bytes, Stack size 16 bytes, hmi.o(i.HMI_Execute))
<BR><BR>[Stack]<UL><LI>Max Depth = 112<LI>Call Chain = HMI_Execute &rArr; Master_TransmitReceive &rArr; DS3231_GetTime &rArr; I2C_ReadMultiByte &rArr; I2C_ReadByte
</UL>
<BR>[Calls]<UL><LI><a href="#[7b]">&gt;&gt;</a>&nbsp;&nbsp;&nbsp;Master_EncodeTxData
<LI><a href="#[7e]">&gt;&gt;</a>&nbsp;&nbsp;&nbsp;Keypad_GetChar
<LI><a href="#[5b]">&gt;&gt;</a>&nbsp;&nbsp;&nbsp;BME280_GetData
<LI><a href="#[8b]">&gt;&gt;</a>&nbsp;&nbsp;&nbsp;System_Reset
<LI><a href="#[8a]">&gt;&gt;</a>&nbsp;&nbsp;&nbsp;Master_TransmitReceive
<LI><a href="#[6d]">&gt;&gt;</a>&nbsp;&nbsp;&nbsp;LCD_SetCursor
<LI><a href="#[6e]">&gt;&gt;</a>&nbsp;&nbsp;&nbsp;LCD_PrintString
<LI><a href="#[7c]">&gt;&gt;</a>&nbsp;&nbsp;&nbsp;LCD_Clear
</UL>
<BR>[Called By]<UL><LI><a href="#[4c]">&gt;&gt;</a>&nbsp;&nbsp;&nbsp;main
</UL>

<P><STRONG><a name="[a2]"></a>HMI_Init</STRONG> (Thumb, 14 bytes, Stack size 0 bytes, hmi.o(i.HMI_Init))
<BR><BR>[Called By]<UL><LI><a href="#[4c]">&gt;&gt;</a>&nbsp;&nbsp;&nbsp;main
</UL>

<P><STRONG><a name="[9f]"></a>I2C_Init</STRONG> (Thumb, 38 bytes, Stack size 8 bytes, i2c.o(i.I2C_Init))
<BR><BR>[Stack]<UL><LI>Max Depth = 8<LI>Call Chain = I2C_Init
</UL>
<BR>[Called By]<UL><LI><a href="#[9b]">&gt;&gt;</a>&nbsp;&nbsp;&nbsp;System_Init
</UL>

<P><STRONG><a name="[8c]"></a>I2C_Read2Bytes</STRONG> (Thumb, 170 bytes, Stack size 12 bytes, i2c.o(i.I2C_Read2Bytes))
<BR><BR>[Stack]<UL><LI>Max Depth = 12<LI>Call Chain = I2C_Read2Bytes
</UL>
<BR>[Called By]<UL><LI><a href="#[5d]">&gt;&gt;</a>&nbsp;&nbsp;&nbsp;I2C_ReadMultiByte
</UL>

<P><STRONG><a name="[63]"></a>I2C_ReadByte</STRONG> (Thumb, 158 bytes, Stack size 12 bytes, i2c.o(i.I2C_ReadByte))
<BR><BR>[Stack]<UL><LI>Max Depth = 12<LI>Call Chain = I2C_ReadByte
</UL>
<BR>[Called By]<UL><LI><a href="#[5d]">&gt;&gt;</a>&nbsp;&nbsp;&nbsp;I2C_ReadMultiByte
<LI><a href="#[6a]">&gt;&gt;</a>&nbsp;&nbsp;&nbsp;DS3231_SetTime
<LI><a href="#[66]">&gt;&gt;</a>&nbsp;&nbsp;&nbsp;DS3231_ResetAlarm2
<LI><a href="#[62]">&gt;&gt;</a>&nbsp;&nbsp;&nbsp;DS3231_24HourFormat
</UL>

<P><STRONG><a name="[5d]"></a>I2C_ReadMultiByte</STRONG> (Thumb, 288 bytes, Stack size 28 bytes, i2c.o(i.I2C_ReadMultiByte))
<BR><BR>[Stack]<UL><LI>Max Depth = 40<LI>Call Chain = I2C_ReadMultiByte &rArr; I2C_ReadByte
</UL>
<BR>[Calls]<UL><LI><a href="#[63]">&gt;&gt;</a>&nbsp;&nbsp;&nbsp;I2C_ReadByte
<LI><a href="#[8c]">&gt;&gt;</a>&nbsp;&nbsp;&nbsp;I2C_Read2Bytes
</UL>
<BR>[Called By]<UL><LI><a href="#[74]">&gt;&gt;</a>&nbsp;&nbsp;&nbsp;EEPROM_ReadPage
<LI><a href="#[5b]">&gt;&gt;</a>&nbsp;&nbsp;&nbsp;BME280_GetData
<LI><a href="#[64]">&gt;&gt;</a>&nbsp;&nbsp;&nbsp;DS3231_GetTime
<LI><a href="#[5e]">&gt;&gt;</a>&nbsp;&nbsp;&nbsp;BME280_Init
</UL>

<P><STRONG><a name="[96]"></a>I2C_Write</STRONG> (Thumb, 100 bytes, Stack size 8 bytes, i2c.o(i.I2C_Write))
<BR><BR>[Stack]<UL><LI>Max Depth = 8<LI>Call Chain = I2C_Write
</UL>
<BR>[Called By]<UL><LI><a href="#[95]">&gt;&gt;</a>&nbsp;&nbsp;&nbsp;LCD_WriteNibble
</UL>

<P><STRONG><a name="[5c]"></a>I2C_WriteByte</STRONG> (Thumb, 114 bytes, Stack size 12 bytes, i2c.o(i.I2C_WriteByte))
<BR><BR>[Stack]<UL><LI>Max Depth = 12<LI>Call Chain = I2C_WriteByte
</UL>
<BR>[Called By]<UL><LI><a href="#[5b]">&gt;&gt;</a>&nbsp;&nbsp;&nbsp;BME280_GetData
<LI><a href="#[67]">&gt;&gt;</a>&nbsp;&nbsp;&nbsp;DS3231_SetAlarm2
<LI><a href="#[66]">&gt;&gt;</a>&nbsp;&nbsp;&nbsp;DS3231_ResetAlarm2
<LI><a href="#[62]">&gt;&gt;</a>&nbsp;&nbsp;&nbsp;DS3231_24HourFormat
</UL>

<P><STRONG><a name="[69]"></a>I2C_WriteMultiByte</STRONG> (Thumb, 130 bytes, Stack size 20 bytes, i2c.o(i.I2C_WriteMultiByte))
<BR><BR>[Stack]<UL><LI>Max Depth = 20<LI>Call Chain = I2C_WriteMultiByte
</UL>
<BR>[Called By]<UL><LI><a href="#[76]">&gt;&gt;</a>&nbsp;&nbsp;&nbsp;EEPROM_WritePage
<LI><a href="#[6a]">&gt;&gt;</a>&nbsp;&nbsp;&nbsp;DS3231_SetTime
<LI><a href="#[67]">&gt;&gt;</a>&nbsp;&nbsp;&nbsp;DS3231_SetAlarm2
</UL>

<P><STRONG><a name="[7e]"></a>Keypad_GetChar</STRONG> (Thumb, 64 bytes, Stack size 16 bytes, keypad.o(i.Keypad_GetChar))
<BR><BR>[Stack]<UL><LI>Max Depth = 24<LI>Call Chain = Keypad_GetChar &rArr; ActivateColumn
</UL>
<BR>[Calls]<UL><LI><a href="#[8d]">&gt;&gt;</a>&nbsp;&nbsp;&nbsp;GPIO_InputRead
<LI><a href="#[58]">&gt;&gt;</a>&nbsp;&nbsp;&nbsp;ActivateColumn
<LI><a href="#[77]">&gt;&gt;</a>&nbsp;&nbsp;&nbsp;SysTick_DelayMs
</UL>
<BR>[Called By]<UL><LI><a href="#[7a]">&gt;&gt;</a>&nbsp;&nbsp;&nbsp;Keypad_StrToInt
<LI><a href="#[78]">&gt;&gt;</a>&nbsp;&nbsp;&nbsp;FSM_StateTransition
<LI><a href="#[89]">&gt;&gt;</a>&nbsp;&nbsp;&nbsp;HMI_Execute
</UL>

<P><STRONG><a name="[8e]"></a>Keypad_Init</STRONG> (Thumb, 46 bytes, Stack size 8 bytes, keypad.o(i.Keypad_Init))
<BR><BR>[Stack]<UL><LI>Max Depth = 24<LI>Call Chain = Keypad_Init &rArr; GPIO_MultipleInputInit
</UL>
<BR>[Calls]<UL><LI><a href="#[8f]">&gt;&gt;</a>&nbsp;&nbsp;&nbsp;GPIO_MultipleInputInit
<LI><a href="#[80]">&gt;&gt;</a>&nbsp;&nbsp;&nbsp;GPIO_OutputInit
</UL>
<BR>[Called By]<UL><LI><a href="#[4c]">&gt;&gt;</a>&nbsp;&nbsp;&nbsp;main
</UL>

<P><STRONG><a name="[90]"></a>Keypad_IsDigit</STRONG> (Thumb, 18 bytes, Stack size 0 bytes, keypad.o(i.Keypad_IsDigit))
<BR><BR>[Called By]<UL><LI><a href="#[7a]">&gt;&gt;</a>&nbsp;&nbsp;&nbsp;Keypad_StrToInt
</UL>

<P><STRONG><a name="[7a]"></a>Keypad_StrToInt</STRONG> (Thumb, 46 bytes, Stack size 24 bytes, keypad.o(i.Keypad_StrToInt))
<BR><BR>[Stack]<UL><LI>Max Depth = 48<LI>Call Chain = Keypad_StrToInt &rArr; Conv_StringToInteger &rArr; strlen
</UL>
<BR>[Calls]<UL><LI><a href="#[60]">&gt;&gt;</a>&nbsp;&nbsp;&nbsp;Conv_StringToInteger
<LI><a href="#[90]">&gt;&gt;</a>&nbsp;&nbsp;&nbsp;Keypad_IsDigit
<LI><a href="#[91]">&gt;&gt;</a>&nbsp;&nbsp;&nbsp;Keypad_StoreKeyPress
<LI><a href="#[7e]">&gt;&gt;</a>&nbsp;&nbsp;&nbsp;Keypad_GetChar
</UL>
<BR>[Called By]<UL><LI><a href="#[3e]">&gt;&gt;</a>&nbsp;&nbsp;&nbsp;FSM_Temperature
<LI><a href="#[3b]">&gt;&gt;</a>&nbsp;&nbsp;&nbsp;FSM_Node
<LI><a href="#[3c]">&gt;&gt;</a>&nbsp;&nbsp;&nbsp;FSM_Moisture
<LI><a href="#[3f]">&gt;&gt;</a>&nbsp;&nbsp;&nbsp;FSM_IrrigTime
<LI><a href="#[3d]">&gt;&gt;</a>&nbsp;&nbsp;&nbsp;FSM_Humidity
</UL>

<P><STRONG><a name="[92]"></a>LCD_BackLightOff</STRONG> (Thumb, 20 bytes, Stack size 8 bytes, lcd.o(i.LCD_BackLightOff))
<BR><BR>[Stack]<UL><LI>Max Depth = 56<LI>Call Chain = LCD_BackLightOff &rArr; LCD_Clear &rArr; LCD_WriteByte &rArr; LCD_WriteNibble &rArr; I2C_Write
</UL>
<BR>[Calls]<UL><LI><a href="#[7c]">&gt;&gt;</a>&nbsp;&nbsp;&nbsp;LCD_Clear
</UL>
<BR>[Called By]<UL><LI><a href="#[4c]">&gt;&gt;</a>&nbsp;&nbsp;&nbsp;main
</UL>

<P><STRONG><a name="[7c]"></a>LCD_Clear</STRONG> (Thumb, 12 bytes, Stack size 8 bytes, lcd.o(i.LCD_Clear))
<BR><BR>[Stack]<UL><LI>Max Depth = 48<LI>Call Chain = LCD_Clear &rArr; LCD_WriteByte &rArr; LCD_WriteNibble &rArr; I2C_Write
</UL>
<BR>[Calls]<UL><LI><a href="#[93]">&gt;&gt;</a>&nbsp;&nbsp;&nbsp;LCD_WriteByte
</UL>
<BR>[Called By]<UL><LI><a href="#[78]">&gt;&gt;</a>&nbsp;&nbsp;&nbsp;FSM_StateTransition
<LI><a href="#[3b]">&gt;&gt;</a>&nbsp;&nbsp;&nbsp;FSM_Node
<LI><a href="#[3f]">&gt;&gt;</a>&nbsp;&nbsp;&nbsp;FSM_IrrigTime
<LI><a href="#[92]">&gt;&gt;</a>&nbsp;&nbsp;&nbsp;LCD_BackLightOff
<LI><a href="#[89]">&gt;&gt;</a>&nbsp;&nbsp;&nbsp;HMI_Execute
<LI><a href="#[4c]">&gt;&gt;</a>&nbsp;&nbsp;&nbsp;main
</UL>

<P><STRONG><a name="[94]"></a>LCD_Init</STRONG> (Thumb, 74 bytes, Stack size 16 bytes, lcd.o(i.LCD_Init))
<BR><BR>[Stack]<UL><LI>Max Depth = 56<LI>Call Chain = LCD_Init &rArr; LCD_WriteByte &rArr; LCD_WriteNibble &rArr; I2C_Write
</UL>
<BR>[Calls]<UL><LI><a href="#[93]">&gt;&gt;</a>&nbsp;&nbsp;&nbsp;LCD_WriteByte
<LI><a href="#[77]">&gt;&gt;</a>&nbsp;&nbsp;&nbsp;SysTick_DelayMs
</UL>
<BR>[Called By]<UL><LI><a href="#[4c]">&gt;&gt;</a>&nbsp;&nbsp;&nbsp;main
</UL>

<P><STRONG><a name="[70]"></a>LCD_PrintChar</STRONG> (Thumb, 14 bytes, Stack size 8 bytes, lcd.o(i.LCD_PrintChar))
<BR><BR>[Stack]<UL><LI>Max Depth = 48<LI>Call Chain = LCD_PrintChar &rArr; LCD_WriteByte &rArr; LCD_WriteNibble &rArr; I2C_Write
</UL>
<BR>[Calls]<UL><LI><a href="#[93]">&gt;&gt;</a>&nbsp;&nbsp;&nbsp;LCD_WriteByte
</UL>
<BR>[Called By]<UL><LI><a href="#[6c]">&gt;&gt;</a>&nbsp;&nbsp;&nbsp;RefreshRow
<LI><a href="#[72]">&gt;&gt;</a>&nbsp;&nbsp;&nbsp;Display_Threshold
<LI><a href="#[71]">&gt;&gt;</a>&nbsp;&nbsp;&nbsp;Display_NodeData
<LI><a href="#[6b]">&gt;&gt;</a>&nbsp;&nbsp;&nbsp;Display_Bme280Data
</UL>

<P><STRONG><a name="[6e]"></a>LCD_PrintString</STRONG> (Thumb, 24 bytes, Stack size 8 bytes, lcd.o(i.LCD_PrintString))
<BR><BR>[Stack]<UL><LI>Max Depth = 48<LI>Call Chain = LCD_PrintString &rArr; LCD_WriteByte &rArr; LCD_WriteNibble &rArr; I2C_Write
</UL>
<BR>[Calls]<UL><LI><a href="#[93]">&gt;&gt;</a>&nbsp;&nbsp;&nbsp;LCD_WriteByte
</UL>
<BR>[Called By]<UL><LI><a href="#[72]">&gt;&gt;</a>&nbsp;&nbsp;&nbsp;Display_Threshold
<LI><a href="#[71]">&gt;&gt;</a>&nbsp;&nbsp;&nbsp;Display_NodeData
<LI><a href="#[6b]">&gt;&gt;</a>&nbsp;&nbsp;&nbsp;Display_Bme280Data
<LI><a href="#[3b]">&gt;&gt;</a>&nbsp;&nbsp;&nbsp;FSM_Node
<LI><a href="#[3f]">&gt;&gt;</a>&nbsp;&nbsp;&nbsp;FSM_IrrigTime
<LI><a href="#[89]">&gt;&gt;</a>&nbsp;&nbsp;&nbsp;HMI_Execute
<LI><a href="#[4c]">&gt;&gt;</a>&nbsp;&nbsp;&nbsp;main
</UL>

<P><STRONG><a name="[6d]"></a>LCD_SetCursor</STRONG> (Thumb, 38 bytes, Stack size 16 bytes, lcd.o(i.LCD_SetCursor))
<BR><BR>[Stack]<UL><LI>Max Depth = 56<LI>Call Chain = LCD_SetCursor &rArr; LCD_WriteByte &rArr; LCD_WriteNibble &rArr; I2C_Write
</UL>
<BR>[Calls]<UL><LI><a href="#[93]">&gt;&gt;</a>&nbsp;&nbsp;&nbsp;LCD_WriteByte
</UL>
<BR>[Called By]<UL><LI><a href="#[6c]">&gt;&gt;</a>&nbsp;&nbsp;&nbsp;RefreshRow
<LI><a href="#[72]">&gt;&gt;</a>&nbsp;&nbsp;&nbsp;Display_Threshold
<LI><a href="#[71]">&gt;&gt;</a>&nbsp;&nbsp;&nbsp;Display_NodeData
<LI><a href="#[6b]">&gt;&gt;</a>&nbsp;&nbsp;&nbsp;Display_Bme280Data
<LI><a href="#[3f]">&gt;&gt;</a>&nbsp;&nbsp;&nbsp;FSM_IrrigTime
<LI><a href="#[89]">&gt;&gt;</a>&nbsp;&nbsp;&nbsp;HMI_Execute
<LI><a href="#[4c]">&gt;&gt;</a>&nbsp;&nbsp;&nbsp;main
</UL>

<P><STRONG><a name="[7b]"></a>Master_EncodeTxData</STRONG> (Thumb, 12 bytes, Stack size 0 bytes, communication.o(i.Master_EncodeTxData))
<BR><BR>[Called By]<UL><LI><a href="#[3e]">&gt;&gt;</a>&nbsp;&nbsp;&nbsp;FSM_Temperature
<LI><a href="#[3c]">&gt;&gt;</a>&nbsp;&nbsp;&nbsp;FSM_Moisture
<LI><a href="#[3f]">&gt;&gt;</a>&nbsp;&nbsp;&nbsp;FSM_IrrigTime
<LI><a href="#[3d]">&gt;&gt;</a>&nbsp;&nbsp;&nbsp;FSM_Humidity
<LI><a href="#[8a]">&gt;&gt;</a>&nbsp;&nbsp;&nbsp;Master_TransmitReceive
<LI><a href="#[89]">&gt;&gt;</a>&nbsp;&nbsp;&nbsp;HMI_Execute
</UL>

<P><STRONG><a name="[8a]"></a>Master_TransmitReceive</STRONG> (Thumb, 138 bytes, Stack size 32 bytes, communication.o(i.Master_TransmitReceive))
<BR><BR>[Stack]<UL><LI>Max Depth = 96<LI>Call Chain = Master_TransmitReceive &rArr; DS3231_GetTime &rArr; I2C_ReadMultiByte &rArr; I2C_ReadByte
</UL>
<BR>[Calls]<UL><LI><a href="#[87]">&gt;&gt;</a>&nbsp;&nbsp;&nbsp;HC12_TransmitBytes
<LI><a href="#[86]">&gt;&gt;</a>&nbsp;&nbsp;&nbsp;HC12_SetPinControl
<LI><a href="#[7b]">&gt;&gt;</a>&nbsp;&nbsp;&nbsp;Master_EncodeTxData
<LI><a href="#[7d]">&gt;&gt;</a>&nbsp;&nbsp;&nbsp;System_TimerDelayMs
<LI><a href="#[84]">&gt;&gt;</a>&nbsp;&nbsp;&nbsp;HC12_RxBufferInit
<LI><a href="#[64]">&gt;&gt;</a>&nbsp;&nbsp;&nbsp;DS3231_GetTime
</UL>
<BR>[Called By]<UL><LI><a href="#[89]">&gt;&gt;</a>&nbsp;&nbsp;&nbsp;HMI_Execute
<LI><a href="#[4c]">&gt;&gt;</a>&nbsp;&nbsp;&nbsp;main
</UL>

<P><STRONG><a name="[9a]"></a>PWR_GoToStopMode</STRONG> (Thumb, 50 bytes, Stack size 0 bytes, pwr.o(i.PWR_GoToStopMode))
<BR><BR>[Called By]<UL><LI><a href="#[99]">&gt;&gt;</a>&nbsp;&nbsp;&nbsp;System_GoToStopMode
</UL>

<P><STRONG><a name="[77]"></a>SysTick_DelayMs</STRONG> (Thumb, 18 bytes, Stack size 0 bytes, systick.o(i.SysTick_DelayMs))
<BR><BR>[Called By]<UL><LI><a href="#[95]">&gt;&gt;</a>&nbsp;&nbsp;&nbsp;LCD_WriteNibble
<LI><a href="#[76]">&gt;&gt;</a>&nbsp;&nbsp;&nbsp;EEPROM_WritePage
<LI><a href="#[7e]">&gt;&gt;</a>&nbsp;&nbsp;&nbsp;Keypad_GetChar
<LI><a href="#[7d]">&gt;&gt;</a>&nbsp;&nbsp;&nbsp;System_TimerDelayMs
<LI><a href="#[94]">&gt;&gt;</a>&nbsp;&nbsp;&nbsp;LCD_Init
</UL>

<P><STRONG><a name="[c]"></a>SysTick_Handler</STRONG> (Thumb, 12 bytes, Stack size 0 bytes, systick.o(i.SysTick_Handler))
<BR>[Address Reference Count : 1]<UL><LI> startup_stm32f10x_md.o(RESET)
</UL>
<P><STRONG><a name="[9d]"></a>SysTick_Init</STRONG> (Thumb, 26 bytes, Stack size 0 bytes, systick.o(i.SysTick_Init))
<BR><BR>[Called By]<UL><LI><a href="#[9b]">&gt;&gt;</a>&nbsp;&nbsp;&nbsp;System_Init
</UL>

<P><STRONG><a name="[38]"></a>SystemInit</STRONG> (Thumb, 78 bytes, Stack size 8 bytes, system_stm32f10x.o(i.SystemInit))
<BR><BR>[Stack]<UL><LI>Max Depth = 28<LI>Call Chain = SystemInit &rArr; SetSysClock &rArr; SetSysClockTo72
</UL>
<BR>[Calls]<UL><LI><a href="#[97]">&gt;&gt;</a>&nbsp;&nbsp;&nbsp;SetSysClock
</UL>
<BR>[Address Reference Count : 1]<UL><LI> startup_stm32f10x_md.o(.text)
</UL>
<P><STRONG><a name="[99]"></a>System_GoToStopMode</STRONG> (Thumb, 8 bytes, Stack size 8 bytes, system.o(i.System_GoToStopMode))
<BR><BR>[Stack]<UL><LI>Max Depth = 8<LI>Call Chain = System_GoToStopMode
</UL>
<BR>[Calls]<UL><LI><a href="#[9a]">&gt;&gt;</a>&nbsp;&nbsp;&nbsp;PWR_GoToStopMode
</UL>
<BR>[Called By]<UL><LI><a href="#[4c]">&gt;&gt;</a>&nbsp;&nbsp;&nbsp;main
</UL>

<P><STRONG><a name="[9b]"></a>System_Init</STRONG> (Thumb, 112 bytes, Stack size 8 bytes, system.o(i.System_Init))
<BR><BR>[Stack]<UL><LI>Max Depth = 28<LI>Call Chain = System_Init &rArr; GPIO_InputInit
</UL>
<BR>[Calls]<UL><LI><a href="#[9d]">&gt;&gt;</a>&nbsp;&nbsp;&nbsp;SysTick_Init
<LI><a href="#[9f]">&gt;&gt;</a>&nbsp;&nbsp;&nbsp;I2C_Init
<LI><a href="#[9e]">&gt;&gt;</a>&nbsp;&nbsp;&nbsp;GPIO_Reset
<LI><a href="#[a1]">&gt;&gt;</a>&nbsp;&nbsp;&nbsp;EXTI_Init
<LI><a href="#[9c]">&gt;&gt;</a>&nbsp;&nbsp;&nbsp;Clock_HSI_8MHz_Init
<LI><a href="#[a0]">&gt;&gt;</a>&nbsp;&nbsp;&nbsp;AFIO_Init
<LI><a href="#[80]">&gt;&gt;</a>&nbsp;&nbsp;&nbsp;GPIO_OutputInit
<LI><a href="#[81]">&gt;&gt;</a>&nbsp;&nbsp;&nbsp;GPIO_InputInit
</UL>
<BR>[Called By]<UL><LI><a href="#[4c]">&gt;&gt;</a>&nbsp;&nbsp;&nbsp;main
</UL>

<P><STRONG><a name="[8b]"></a>System_Reset</STRONG> (Thumb, 36 bytes, Stack size 0 bytes, system.o(i.System_Reset))
<BR><BR>[Called By]<UL><LI><a href="#[89]">&gt;&gt;</a>&nbsp;&nbsp;&nbsp;HMI_Execute
<LI><a href="#[4c]">&gt;&gt;</a>&nbsp;&nbsp;&nbsp;main
</UL>

<P><STRONG><a name="[7d]"></a>System_TimerDelayMs</STRONG> (Thumb, 12 bytes, Stack size 8 bytes, system.o(i.System_TimerDelayMs))
<BR><BR>[Stack]<UL><LI>Max Depth = 8<LI>Call Chain = System_TimerDelayMs
</UL>
<BR>[Calls]<UL><LI><a href="#[77]">&gt;&gt;</a>&nbsp;&nbsp;&nbsp;SysTick_DelayMs
</UL>
<BR>[Called By]<UL><LI><a href="#[3b]">&gt;&gt;</a>&nbsp;&nbsp;&nbsp;FSM_Node
<LI><a href="#[3f]">&gt;&gt;</a>&nbsp;&nbsp;&nbsp;FSM_IrrigTime
<LI><a href="#[8a]">&gt;&gt;</a>&nbsp;&nbsp;&nbsp;Master_TransmitReceive
<LI><a href="#[4c]">&gt;&gt;</a>&nbsp;&nbsp;&nbsp;main
</UL>

<P><STRONG><a name="[83]"></a>USART_Init</STRONG> (Thumb, 92 bytes, Stack size 8 bytes, uart.o(i.USART_Init))
<BR><BR>[Stack]<UL><LI>Max Depth = 8<LI>Call Chain = USART_Init
</UL>
<BR>[Called By]<UL><LI><a href="#[7f]">&gt;&gt;</a>&nbsp;&nbsp;&nbsp;HC12_Init
</UL>

<P><STRONG><a name="[88]"></a>USART_TransmitBytes</STRONG> (Thumb, 46 bytes, Stack size 8 bytes, uart.o(i.USART_TransmitBytes))
<BR><BR>[Stack]<UL><LI>Max Depth = 8<LI>Call Chain = USART_TransmitBytes
</UL>
<BR>[Called By]<UL><LI><a href="#[87]">&gt;&gt;</a>&nbsp;&nbsp;&nbsp;HC12_TransmitBytes
</UL>

<P><STRONG><a name="[4c]"></a>main</STRONG> (Thumb, 210 bytes, Stack size 8 bytes, main.o(i.main))
<BR><BR>[Stack]<UL><LI>Max Depth = 120<LI>Call Chain = main &rArr; HMI_Execute &rArr; Master_TransmitReceive &rArr; DS3231_GetTime &rArr; I2C_ReadMultiByte &rArr; I2C_ReadByte
</UL>
<BR>[Calls]<UL><LI><a href="#[7d]">&gt;&gt;</a>&nbsp;&nbsp;&nbsp;System_TimerDelayMs
<LI><a href="#[8b]">&gt;&gt;</a>&nbsp;&nbsp;&nbsp;System_Reset
<LI><a href="#[9b]">&gt;&gt;</a>&nbsp;&nbsp;&nbsp;System_Init
<LI><a href="#[99]">&gt;&gt;</a>&nbsp;&nbsp;&nbsp;System_GoToStopMode
<LI><a href="#[8a]">&gt;&gt;</a>&nbsp;&nbsp;&nbsp;Master_TransmitReceive
<LI><a href="#[6d]">&gt;&gt;</a>&nbsp;&nbsp;&nbsp;LCD_SetCursor
<LI><a href="#[6e]">&gt;&gt;</a>&nbsp;&nbsp;&nbsp;LCD_PrintString
<LI><a href="#[94]">&gt;&gt;</a>&nbsp;&nbsp;&nbsp;LCD_Init
<LI><a href="#[7c]">&gt;&gt;</a>&nbsp;&nbsp;&nbsp;LCD_Clear
<LI><a href="#[92]">&gt;&gt;</a>&nbsp;&nbsp;&nbsp;LCD_BackLightOff
<LI><a href="#[8e]">&gt;&gt;</a>&nbsp;&nbsp;&nbsp;Keypad_Init
<LI><a href="#[a2]">&gt;&gt;</a>&nbsp;&nbsp;&nbsp;HMI_Init
<LI><a href="#[89]">&gt;&gt;</a>&nbsp;&nbsp;&nbsp;HMI_Execute
<LI><a href="#[84]">&gt;&gt;</a>&nbsp;&nbsp;&nbsp;HC12_RxBufferInit
<LI><a href="#[7f]">&gt;&gt;</a>&nbsp;&nbsp;&nbsp;HC12_Init
<LI><a href="#[75]">&gt;&gt;</a>&nbsp;&nbsp;&nbsp;EEPROM_StoreData
<LI><a href="#[73]">&gt;&gt;</a>&nbsp;&nbsp;&nbsp;EEPROM_GetData
<LI><a href="#[6a]">&gt;&gt;</a>&nbsp;&nbsp;&nbsp;DS3231_SetTime
<LI><a href="#[67]">&gt;&gt;</a>&nbsp;&nbsp;&nbsp;DS3231_SetAlarm2
<LI><a href="#[66]">&gt;&gt;</a>&nbsp;&nbsp;&nbsp;DS3231_ResetAlarm2
<LI><a href="#[64]">&gt;&gt;</a>&nbsp;&nbsp;&nbsp;DS3231_GetTime
<LI><a href="#[62]">&gt;&gt;</a>&nbsp;&nbsp;&nbsp;DS3231_24HourFormat
<LI><a href="#[5e]">&gt;&gt;</a>&nbsp;&nbsp;&nbsp;BME280_Init
</UL>
<BR>[Called By]<UL><LI><a href="#[4b]">&gt;&gt;</a>&nbsp;&nbsp;&nbsp;__rt_entry_main
</UL>
<P>
<H3>
Local Symbols
</H3>
<P><STRONG><a name="[3a]"></a>FSM_DisplayBme280Data</STRONG> (Thumb, 46 bytes, Stack size 24 bytes, hmi.o(i.FSM_DisplayBme280Data))
<BR><BR>[Stack]<UL><LI>Max Depth = 136<LI>Call Chain = FSM_DisplayBme280Data &rArr; Display_Bme280Data &rArr; RefreshRow &rArr; LCD_SetCursor &rArr; LCD_WriteByte &rArr; LCD_WriteNibble &rArr; I2C_Write
</UL>
<BR>[Calls]<UL><LI><a href="#[6b]">&gt;&gt;</a>&nbsp;&nbsp;&nbsp;Display_Bme280Data
<LI><a href="#[5b]">&gt;&gt;</a>&nbsp;&nbsp;&nbsp;BME280_GetData
<LI><a href="#[78]">&gt;&gt;</a>&nbsp;&nbsp;&nbsp;FSM_StateTransition
</UL>
<BR>[Address Reference Count : 1]<UL><LI> hmi.o(.data)
</UL>
<P><STRONG><a name="[3d]"></a>FSM_Humidity</STRONG> (Thumb, 248 bytes, Stack size 32 bytes, hmi.o(i.FSM_Humidity))
<BR><BR>[Stack]<UL><LI>Max Depth = 152 + Unknown Stack Size
<LI>Call Chain = FSM_Humidity &rArr; Display_Threshold &rArr; RefreshRow &rArr; LCD_SetCursor &rArr; LCD_WriteByte &rArr; LCD_WriteNibble &rArr; I2C_Write
</UL>
<BR>[Calls]<UL><LI><a href="#[7b]">&gt;&gt;</a>&nbsp;&nbsp;&nbsp;Master_EncodeTxData
<LI><a href="#[7a]">&gt;&gt;</a>&nbsp;&nbsp;&nbsp;Keypad_StrToInt
<LI><a href="#[72]">&gt;&gt;</a>&nbsp;&nbsp;&nbsp;Display_Threshold
<LI><a href="#[79]">&gt;&gt;</a>&nbsp;&nbsp;&nbsp;Reset_MasterToNodeData
<LI><a href="#[78]">&gt;&gt;</a>&nbsp;&nbsp;&nbsp;FSM_StateTransition
</UL>
<BR>[Address Reference Count : 1]<UL><LI> hmi.o(.data)
</UL>
<P><STRONG><a name="[3f]"></a>FSM_IrrigTime</STRONG> (Thumb, 336 bytes, Stack size 32 bytes, hmi.o(i.FSM_IrrigTime))
<BR><BR>[Stack]<UL><LI>Max Depth = 152 + Unknown Stack Size
<LI>Call Chain = FSM_IrrigTime &rArr; Display_Threshold &rArr; RefreshRow &rArr; LCD_SetCursor &rArr; LCD_WriteByte &rArr; LCD_WriteNibble &rArr; I2C_Write
</UL>
<BR>[Calls]<UL><LI><a href="#[7b]">&gt;&gt;</a>&nbsp;&nbsp;&nbsp;Master_EncodeTxData
<LI><a href="#[7a]">&gt;&gt;</a>&nbsp;&nbsp;&nbsp;Keypad_StrToInt
<LI><a href="#[72]">&gt;&gt;</a>&nbsp;&nbsp;&nbsp;Display_Threshold
<LI><a href="#[79]">&gt;&gt;</a>&nbsp;&nbsp;&nbsp;Reset_MasterToNodeData
<LI><a href="#[78]">&gt;&gt;</a>&nbsp;&nbsp;&nbsp;FSM_StateTransition
<LI><a href="#[7d]">&gt;&gt;</a>&nbsp;&nbsp;&nbsp;System_TimerDelayMs
<LI><a href="#[6d]">&gt;&gt;</a>&nbsp;&nbsp;&nbsp;LCD_SetCursor
<LI><a href="#[6e]">&gt;&gt;</a>&nbsp;&nbsp;&nbsp;LCD_PrintString
<LI><a href="#[7c]">&gt;&gt;</a>&nbsp;&nbsp;&nbsp;LCD_Clear
</UL>
<BR>[Address Reference Count : 1]<UL><LI> hmi.o(.data)
</UL>
<P><STRONG><a name="[3c]"></a>FSM_Moisture</STRONG> (Thumb, 248 bytes, Stack size 32 bytes, hmi.o(i.FSM_Moisture))
<BR><BR>[Stack]<UL><LI>Max Depth = 152 + Unknown Stack Size
<LI>Call Chain = FSM_Moisture &rArr; Display_Threshold &rArr; RefreshRow &rArr; LCD_SetCursor &rArr; LCD_WriteByte &rArr; LCD_WriteNibble &rArr; I2C_Write
</UL>
<BR>[Calls]<UL><LI><a href="#[7b]">&gt;&gt;</a>&nbsp;&nbsp;&nbsp;Master_EncodeTxData
<LI><a href="#[7a]">&gt;&gt;</a>&nbsp;&nbsp;&nbsp;Keypad_StrToInt
<LI><a href="#[72]">&gt;&gt;</a>&nbsp;&nbsp;&nbsp;Display_Threshold
<LI><a href="#[79]">&gt;&gt;</a>&nbsp;&nbsp;&nbsp;Reset_MasterToNodeData
<LI><a href="#[78]">&gt;&gt;</a>&nbsp;&nbsp;&nbsp;FSM_StateTransition
</UL>
<BR>[Address Reference Count : 1]<UL><LI> hmi.o(.data)
</UL>
<P><STRONG><a name="[3b]"></a>FSM_Node</STRONG> (Thumb, 154 bytes, Stack size 24 bytes, hmi.o(i.FSM_Node))
<BR><BR>[Stack]<UL><LI>Max Depth = 128 + Unknown Stack Size
<LI>Call Chain = FSM_Node &rArr; Display_NodeData &rArr; RefreshRow &rArr; LCD_SetCursor &rArr; LCD_WriteByte &rArr; LCD_WriteNibble &rArr; I2C_Write
</UL>
<BR>[Calls]<UL><LI><a href="#[7a]">&gt;&gt;</a>&nbsp;&nbsp;&nbsp;Keypad_StrToInt
<LI><a href="#[71]">&gt;&gt;</a>&nbsp;&nbsp;&nbsp;Display_NodeData
<LI><a href="#[79]">&gt;&gt;</a>&nbsp;&nbsp;&nbsp;Reset_MasterToNodeData
<LI><a href="#[78]">&gt;&gt;</a>&nbsp;&nbsp;&nbsp;FSM_StateTransition
<LI><a href="#[7d]">&gt;&gt;</a>&nbsp;&nbsp;&nbsp;System_TimerDelayMs
<LI><a href="#[6e]">&gt;&gt;</a>&nbsp;&nbsp;&nbsp;LCD_PrintString
<LI><a href="#[7c]">&gt;&gt;</a>&nbsp;&nbsp;&nbsp;LCD_Clear
</UL>
<BR>[Address Reference Count : 1]<UL><LI> hmi.o(.data)
</UL>
<P><STRONG><a name="[78]"></a>FSM_StateTransition</STRONG> (Thumb, 36 bytes, Stack size 24 bytes, hmi.o(i.FSM_StateTransition))
<BR><BR>[Stack]<UL><LI>Max Depth = 72<LI>Call Chain = FSM_StateTransition &rArr; LCD_Clear &rArr; LCD_WriteByte &rArr; LCD_WriteNibble &rArr; I2C_Write
</UL>
<BR>[Calls]<UL><LI><a href="#[7e]">&gt;&gt;</a>&nbsp;&nbsp;&nbsp;Keypad_GetChar
<LI><a href="#[7c]">&gt;&gt;</a>&nbsp;&nbsp;&nbsp;LCD_Clear
</UL>
<BR>[Called By]<UL><LI><a href="#[3e]">&gt;&gt;</a>&nbsp;&nbsp;&nbsp;FSM_Temperature
<LI><a href="#[3b]">&gt;&gt;</a>&nbsp;&nbsp;&nbsp;FSM_Node
<LI><a href="#[3c]">&gt;&gt;</a>&nbsp;&nbsp;&nbsp;FSM_Moisture
<LI><a href="#[3f]">&gt;&gt;</a>&nbsp;&nbsp;&nbsp;FSM_IrrigTime
<LI><a href="#[3d]">&gt;&gt;</a>&nbsp;&nbsp;&nbsp;FSM_Humidity
<LI><a href="#[3a]">&gt;&gt;</a>&nbsp;&nbsp;&nbsp;FSM_DisplayBme280Data
</UL>

<P><STRONG><a name="[3e]"></a>FSM_Temperature</STRONG> (Thumb, 248 bytes, Stack size 32 bytes, hmi.o(i.FSM_Temperature))
<BR><BR>[Stack]<UL><LI>Max Depth = 152 + Unknown Stack Size
<LI>Call Chain = FSM_Temperature &rArr; Display_Threshold &rArr; RefreshRow &rArr; LCD_SetCursor &rArr; LCD_WriteByte &rArr; LCD_WriteNibble &rArr; I2C_Write
</UL>
<BR>[Calls]<UL><LI><a href="#[7b]">&gt;&gt;</a>&nbsp;&nbsp;&nbsp;Master_EncodeTxData
<LI><a href="#[7a]">&gt;&gt;</a>&nbsp;&nbsp;&nbsp;Keypad_StrToInt
<LI><a href="#[72]">&gt;&gt;</a>&nbsp;&nbsp;&nbsp;Display_Threshold
<LI><a href="#[79]">&gt;&gt;</a>&nbsp;&nbsp;&nbsp;Reset_MasterToNodeData
<LI><a href="#[78]">&gt;&gt;</a>&nbsp;&nbsp;&nbsp;FSM_StateTransition
</UL>
<BR>[Address Reference Count : 1]<UL><LI> hmi.o(.data)
</UL>
<P><STRONG><a name="[79]"></a>Reset_MasterToNodeData</STRONG> (Thumb, 38 bytes, Stack size 24 bytes, hmi.o(i.Reset_MasterToNodeData))
<BR><BR>[Stack]<UL><LI>Max Depth = 24 + Unknown Stack Size
<LI>Call Chain = Reset_MasterToNodeData
</UL>
<BR>[Calls]<UL><LI><a href="#[52]">&gt;&gt;</a>&nbsp;&nbsp;&nbsp;__aeabi_memset
</UL>
<BR>[Called By]<UL><LI><a href="#[3e]">&gt;&gt;</a>&nbsp;&nbsp;&nbsp;FSM_Temperature
<LI><a href="#[3b]">&gt;&gt;</a>&nbsp;&nbsp;&nbsp;FSM_Node
<LI><a href="#[3c]">&gt;&gt;</a>&nbsp;&nbsp;&nbsp;FSM_Moisture
<LI><a href="#[3f]">&gt;&gt;</a>&nbsp;&nbsp;&nbsp;FSM_IrrigTime
<LI><a href="#[3d]">&gt;&gt;</a>&nbsp;&nbsp;&nbsp;FSM_Humidity
</UL>

<P><STRONG><a name="[6c]"></a>RefreshRow</STRONG> (Thumb, 32 bytes, Stack size 16 bytes, display.o(i.RefreshRow))
<BR><BR>[Stack]<UL><LI>Max Depth = 72<LI>Call Chain = RefreshRow &rArr; LCD_SetCursor &rArr; LCD_WriteByte &rArr; LCD_WriteNibble &rArr; I2C_Write
</UL>
<BR>[Calls]<UL><LI><a href="#[70]">&gt;&gt;</a>&nbsp;&nbsp;&nbsp;LCD_PrintChar
<LI><a href="#[6d]">&gt;&gt;</a>&nbsp;&nbsp;&nbsp;LCD_SetCursor
</UL>
<BR>[Called By]<UL><LI><a href="#[72]">&gt;&gt;</a>&nbsp;&nbsp;&nbsp;Display_Threshold
<LI><a href="#[71]">&gt;&gt;</a>&nbsp;&nbsp;&nbsp;Display_NodeData
<LI><a href="#[6b]">&gt;&gt;</a>&nbsp;&nbsp;&nbsp;Display_Bme280Data
</UL>

<P><STRONG><a name="[5f]"></a>BME280_Store_Compensation_Parameters</STRONG> (Thumb, 86 bytes, Stack size 8 bytes, bme280.o(i.BME280_Store_Compensation_Parameters))
<BR><BR>[Stack]<UL><LI>Max Depth = 8<LI>Call Chain = BME280_Store_Compensation_Parameters
</UL>
<BR>[Called By]<UL><LI><a href="#[5e]">&gt;&gt;</a>&nbsp;&nbsp;&nbsp;BME280_Init
</UL>

<P><STRONG><a name="[65]"></a>BCDToHex</STRONG> (Thumb, 20 bytes, Stack size 0 bytes, ds3231.o(i.BCDToHex))
<BR><BR>[Called By]<UL><LI><a href="#[64]">&gt;&gt;</a>&nbsp;&nbsp;&nbsp;DS3231_GetTime
</UL>

<P><STRONG><a name="[68]"></a>HexToBCD</STRONG> (Thumb, 28 bytes, Stack size 0 bytes, ds3231.o(i.HexToBCD))
<BR><BR>[Called By]<UL><LI><a href="#[6a]">&gt;&gt;</a>&nbsp;&nbsp;&nbsp;DS3231_SetTime
<LI><a href="#[67]">&gt;&gt;</a>&nbsp;&nbsp;&nbsp;DS3231_SetAlarm2
</UL>

<P><STRONG><a name="[58]"></a>ActivateColumn</STRONG> (Thumb, 108 bytes, Stack size 8 bytes, keypad.o(i.ActivateColumn))
<BR><BR>[Stack]<UL><LI>Max Depth = 8<LI>Call Chain = ActivateColumn
</UL>
<BR>[Calls]<UL><LI><a href="#[5a]">&gt;&gt;</a>&nbsp;&nbsp;&nbsp;GPIO_OutputWriteMultiple
<LI><a href="#[59]">&gt;&gt;</a>&nbsp;&nbsp;&nbsp;GPIO_OutputClearMultiple
</UL>
<BR>[Called By]<UL><LI><a href="#[7e]">&gt;&gt;</a>&nbsp;&nbsp;&nbsp;Keypad_GetChar
</UL>

<P><STRONG><a name="[91]"></a>Keypad_StoreKeyPress</STRONG> (Thumb, 30 bytes, Stack size 8 bytes, keypad.o(i.Keypad_StoreKeyPress))
<BR><BR>[Stack]<UL><LI>Max Depth = 8<LI>Call Chain = Keypad_StoreKeyPress
</UL>
<BR>[Called By]<UL><LI><a href="#[7a]">&gt;&gt;</a>&nbsp;&nbsp;&nbsp;Keypad_StrToInt
</UL>

<P><STRONG><a name="[93]"></a>LCD_WriteByte</STRONG> (Thumb, 44 bytes, Stack size 16 bytes, lcd.o(i.LCD_WriteByte))
<BR><BR>[Stack]<UL><LI>Max Depth = 40<LI>Call Chain = LCD_WriteByte &rArr; LCD_WriteNibble &rArr; I2C_Write
</UL>
<BR>[Calls]<UL><LI><a href="#[95]">&gt;&gt;</a>&nbsp;&nbsp;&nbsp;LCD_WriteNibble
</UL>
<BR>[Called By]<UL><LI><a href="#[70]">&gt;&gt;</a>&nbsp;&nbsp;&nbsp;LCD_PrintChar
<LI><a href="#[6d]">&gt;&gt;</a>&nbsp;&nbsp;&nbsp;LCD_SetCursor
<LI><a href="#[6e]">&gt;&gt;</a>&nbsp;&nbsp;&nbsp;LCD_PrintString
<LI><a href="#[94]">&gt;&gt;</a>&nbsp;&nbsp;&nbsp;LCD_Init
<LI><a href="#[7c]">&gt;&gt;</a>&nbsp;&nbsp;&nbsp;LCD_Clear
</UL>

<P><STRONG><a name="[95]"></a>LCD_WriteNibble</STRONG> (Thumb, 92 bytes, Stack size 16 bytes, lcd.o(i.LCD_WriteNibble))
<BR><BR>[Stack]<UL><LI>Max Depth = 24<LI>Call Chain = LCD_WriteNibble &rArr; I2C_Write
</UL>
<BR>[Calls]<UL><LI><a href="#[96]">&gt;&gt;</a>&nbsp;&nbsp;&nbsp;I2C_Write
<LI><a href="#[77]">&gt;&gt;</a>&nbsp;&nbsp;&nbsp;SysTick_DelayMs
</UL>
<BR>[Called By]<UL><LI><a href="#[93]">&gt;&gt;</a>&nbsp;&nbsp;&nbsp;LCD_WriteByte
</UL>

<P><STRONG><a name="[97]"></a>SetSysClock</STRONG> (Thumb, 8 bytes, Stack size 8 bytes, system_stm32f10x.o(i.SetSysClock))
<BR><BR>[Stack]<UL><LI>Max Depth = 20<LI>Call Chain = SetSysClock &rArr; SetSysClockTo72
</UL>
<BR>[Calls]<UL><LI><a href="#[98]">&gt;&gt;</a>&nbsp;&nbsp;&nbsp;SetSysClockTo72
</UL>
<BR>[Called By]<UL><LI><a href="#[38]">&gt;&gt;</a>&nbsp;&nbsp;&nbsp;SystemInit
</UL>

<P><STRONG><a name="[98]"></a>SetSysClockTo72</STRONG> (Thumb, 214 bytes, Stack size 12 bytes, system_stm32f10x.o(i.SetSysClockTo72))
<BR><BR>[Stack]<UL><LI>Max Depth = 12<LI>Call Chain = SetSysClockTo72
</UL>
<BR>[Called By]<UL><LI><a href="#[97]">&gt;&gt;</a>&nbsp;&nbsp;&nbsp;SetSysClock
</UL>
<P>
<H3>
Undefined Global Symbols
</H3><HR></body></html>
