Component: ARM Compiler 5.06 update 7 (build 960) Tool: armlink [4d3601]

==============================================================================

Section Cross References

    main.o(i.main) refers to system.o(i.System_Init) for System_Init
    main.o(i.main) refers to eeprom24c16.o(i.EEPROM_GetData) for EEPROM_GetData
    main.o(i.main) refers to keypad.o(i.Keypad_Init) for Keypad_Init
    main.o(i.main) refers to lcd.o(i.LCD_Init) for LCD_Init
    main.o(i.main) refers to hc12.o(i.HC12_Init) for HC12_Init
    main.o(i.main) refers to hc12.o(i.HC12_RxBufferInit) for HC12_RxBufferInit
    main.o(i.main) refers to ds3231.o(i.DS3231_24HourFormat) for DS3231_24HourFormat
    main.o(i.main) refers to ds3231.o(i.DS3231_SetTime) for DS3231_SetTime
    main.o(i.main) refers to ds3231.o(i.DS3231_SetAlarm2) for DS3231_SetAlarm2
    main.o(i.main) refers to system.o(i.System_TimerInit) for System_TimerInit
    main.o(i.main) refers to bme280.o(i.BME280_Init) for BME280_Init
    main.o(i.main) refers to hmi.o(i.HMI_Init) for HMI_Init
    main.o(i.main) refers to system.o(i.System_ClearStandbyFlag) for System_ClearStandbyFlag
    main.o(i.main) refers to lcd.o(i.LCD_PrintString) for LCD_PrintString
    main.o(i.main) refers to lcd.o(i.LCD_SetCursor) for LCD_SetCursor
    main.o(i.main) refers to system.o(i.System_TimerDelayMs) for System_TimerDelayMs
    main.o(i.main) refers to lcd.o(i.LCD_Clear) for LCD_Clear
    main.o(i.main) refers to communication.o(i.Master_TransmitReceive) for Master_TransmitReceive
    main.o(i.main) refers to hmi.o(i.HMI_Execute) for HMI_Execute
    main.o(i.main) refers to system.o(i.System_TimerDoneCounting) for System_TimerDoneCounting
    main.o(i.main) refers to ds3231.o(i.DS3231_GetTime) for DS3231_GetTime
    main.o(i.main) refers to eeprom24c16.o(i.EEPROM_StoreData) for EEPROM_StoreData
    main.o(i.main) refers to system.o(i.System_GoToStandbyMode) for System_GoToStandbyMode
    main.o(i.main) refers to main.o(.bss) for masterToNodeData
    main.o(i.main) refers to main.o(.data) for nodeToMasterData
    hmi.o(i.FSM_DisplayBme280Data) refers to bme280.o(i.BME280_GetData) for BME280_GetData
    hmi.o(i.FSM_DisplayBme280Data) refers to display.o(i.Display_Bme280Data) for Display_Bme280Data
    hmi.o(i.FSM_DisplayBme280Data) refers to hmi.o(i.FSM_StateTransition) for FSM_StateTransition
    hmi.o(i.FSM_Humidity) refers to display.o(i.Display_Threshold) for Display_Threshold
    hmi.o(i.FSM_Humidity) refers to hmi.o(i.FSM_StateTransition) for FSM_StateTransition
    hmi.o(i.FSM_Humidity) refers to hmi.o(i.Reset_MasterToNodeData) for Reset_MasterToNodeData
    hmi.o(i.FSM_Humidity) refers to keypad.o(i.Keypad_StrToInt) for Keypad_StrToInt
    hmi.o(i.FSM_Humidity) refers to communication.o(i.Master_EncodeTxData) for Master_EncodeTxData
    hmi.o(i.FSM_Humidity) refers to hmi.o(.data) for maxHum
    hmi.o(i.FSM_IrrigTime) refers to display.o(i.Display_Threshold) for Display_Threshold
    hmi.o(i.FSM_IrrigTime) refers to lcd.o(i.LCD_Clear) for LCD_Clear
    hmi.o(i.FSM_IrrigTime) refers to lcd.o(i.LCD_PrintString) for LCD_PrintString
    hmi.o(i.FSM_IrrigTime) refers to lcd.o(i.LCD_SetCursor) for LCD_SetCursor
    hmi.o(i.FSM_IrrigTime) refers to system.o(i.System_TimerDelayMs) for System_TimerDelayMs
    hmi.o(i.FSM_IrrigTime) refers to hmi.o(i.FSM_StateTransition) for FSM_StateTransition
    hmi.o(i.FSM_IrrigTime) refers to hmi.o(i.Reset_MasterToNodeData) for Reset_MasterToNodeData
    hmi.o(i.FSM_IrrigTime) refers to keypad.o(i.Keypad_StrToInt) for Keypad_StrToInt
    hmi.o(i.FSM_IrrigTime) refers to communication.o(i.Master_EncodeTxData) for Master_EncodeTxData
    hmi.o(i.FSM_IrrigTime) refers to hmi.o(.data) for maxIrrigTime
    hmi.o(i.FSM_Moisture) refers to display.o(i.Display_Threshold) for Display_Threshold
    hmi.o(i.FSM_Moisture) refers to hmi.o(i.FSM_StateTransition) for FSM_StateTransition
    hmi.o(i.FSM_Moisture) refers to hmi.o(i.Reset_MasterToNodeData) for Reset_MasterToNodeData
    hmi.o(i.FSM_Moisture) refers to keypad.o(i.Keypad_StrToInt) for Keypad_StrToInt
    hmi.o(i.FSM_Moisture) refers to communication.o(i.Master_EncodeTxData) for Master_EncodeTxData
    hmi.o(i.FSM_Moisture) refers to hmi.o(.data) for maxMoist
    hmi.o(i.FSM_Node) refers to display.o(i.Display_NodeData) for Display_NodeData
    hmi.o(i.FSM_Node) refers to lcd.o(i.LCD_Clear) for LCD_Clear
    hmi.o(i.FSM_Node) refers to lcd.o(i.LCD_PrintString) for LCD_PrintString
    hmi.o(i.FSM_Node) refers to system.o(i.System_TimerDelayMs) for System_TimerDelayMs
    hmi.o(i.FSM_Node) refers to hmi.o(i.FSM_StateTransition) for FSM_StateTransition
    hmi.o(i.FSM_Node) refers to hmi.o(i.Reset_MasterToNodeData) for Reset_MasterToNodeData
    hmi.o(i.FSM_Node) refers to keypad.o(i.Keypad_StrToInt) for Keypad_StrToInt
    hmi.o(i.FSM_Node) refers to hmi.o(.data) for ptrNodeToMasterArray
    hmi.o(i.FSM_StateTransition) refers to keypad.o(i.Keypad_GetChar) for Keypad_GetChar
[...]
    startup_stm32f10x_md.o(.text) refers to startup_stm32f10x_md.o(STACK) for Stack_Mem
    system_stm32f10x.o(i.SetSysClock) refers to system_stm32f10x.o(i.SetSysClockTo72) for SetSysClockTo72
    system_stm32f10x.o(i.SystemCoreClockUpdate) refers to system_stm32f10x.o(.data) for SystemCoreClock
    system_stm32f10x.o(i.SystemInit) refers to system_stm32f10x.o(i.SetSysClock) for SetSysClock
    aeabi_memset.o(.text) refers to rt_memclr.o(.text) for _memset
    __main.o(!!!main) refers to __rtentry.o(.ARM.Collect$$rtentry$$00000000) for __rt_entry
    __rtentry.o(.ARM.Collect$$rtentry$$00000000) refers (Special) to __rtentry2.o(.ARM.Collect$$rtentry$$0000000A) for __rt_entry_li
    __rtentry.o(.ARM.Collect$$rtentry$$00000000) refers (Special) to __rtentry2.o(.ARM.Collect$$rtentry$$0000000D) for __rt_entry_main
    __rtentry.o(.ARM.Collect$$rtentry$$00000000) refers (Special) to __rtentry2.o(.ARM.Collect$$rtentry$$0000000C) for __rt_entry_postli_1
    __rtentry.o(.ARM.Collect$$rtentry$$00000000) refers (Special) to __rtentry2.o(.ARM.Collect$$rtentry$$00000009) for __rt_entry_postsh_1
    __rtentry.o(.ARM.Collect$$rtentry$$00000000) refers (Special) to __rtentry2.o(.ARM.Collect$$rtentry$$00000002) for __rt_entry_presh_1
    __rtentry.o(.ARM.Collect$$rtentry$$00000000) refers (Special) to __rtentry4.o(.ARM.Collect$$rtentry$$00000004) for __rt_entry_sh
    rt_memclr.o(.text) refers to rt_memclr_w.o(.text) for _memset_w
    __rtentry2.o(.ARM.Collect$$rtentry$$00000008) refers to boardinit2.o(.text) for _platform_post_stackheap_init
    __rtentry2.o(.ARM.Collect$$rtentry$$0000000A) refers to libinit.o(.ARM.Collect$$libinit$$00000000) for __rt_lib_init
    __rtentry2.o(.ARM.Collect$$rtentry$$0000000B) refers to boardinit3.o(.text) for _platform_post_lib_init
    __rtentry2.o(.ARM.Collect$$rtentry$$0000000D) refers to main.o(i.main) for main
    __rtentry2.o(.ARM.Collect$$rtentry$$0000000D) refers to exit.o(.text) for exit
    __rtentry2.o(.ARM.exidx) refers to __rtentry2.o(.ARM.Collect$$rtentry$$00000001) for .ARM.Collect$$rtentry$$00000001
    __rtentry2.o(.ARM.exidx) refers to __rtentry2.o(.ARM.Collect$$rtentry$$00000008) for .ARM.Collect$$rtentry$$00000008
    __rtentry2.o(.ARM.exidx) refers to __rtentry2.o(.ARM.Collect$$rtentry$$0000000A) for .ARM.Collect$$rtentry$$0000000A
    __rtentry2.o(.ARM.exidx) refers to __rtentry2.o(.ARM.Collect$$rtentry$$0000000B) for .ARM.Collect$$rtentry$$0000000B
    __rtentry2.o(.ARM.exidx) refers to __rtentry2.o(.ARM.Collect$$rtentry$$0000000D) for .ARM.Collect$$rtentry$$0000000D
    __rtentry4.o(.ARM.Collect$$rtentry$$00000004) refers to sys_stackheap_outer.o(.text) for __user_setup_stackheap
    __rtentry4.o(.ARM.exidx) refers to __rtentry4.o(.ARM.Collect$$rtentry$$00000004) for .ARM.Collect$$rtentry$$00000004
    sys_stackheap_outer.o(.text) refers to libspace.o(.text) for __user_perproc_libspace
    sys_stackheap_outer.o(.text) refers to startup_stm32f10x_md.o(.text) for __user_initial_stackheap
    exit.o(.text) refers to rtexit.o(.ARM.Collect$$rtexit$$00000000) for __rt_exit
    libinit.o(.ARM.Collect$$libinit$$00000000) refers (Special) to libinit2.o(.ARM.Collect$$libinit$$0000002E) for __rt_lib_init_alloca_1
    libinit.o(.ARM.Collect$$libinit$$00000000) refers (Special) to libinit2.o(.ARM.Collect$$libinit$$0000002C) for __rt_lib_init_argv_1
    libinit.o(.ARM.Collect$$libinit$$00000000) refers (Special) to libinit2.o(.ARM.Collect$$libinit$$0000001B) for __rt_lib_init_atexit_1
    libinit.o(.ARM.Collect$$libinit$$00000000) refers (Special) to libinit2.o(.ARM.Collect$$libinit$$00000021) for __rt_lib_init_clock_1
    libinit.o(.ARM.Collect$$libinit$$00000000) refers (Special) to libinit2.o(.ARM.Collect$$libinit$$00000032) for __rt_lib_init_cpp_1
    libinit.o(.ARM.Collect$$libinit$$00000000) refers (Special) to libinit2.o(.ARM.Collect$$libinit$$00000030) for __rt_lib_init_exceptions_1
    libinit.o(.ARM.Collect$$libinit$$00000000) refers (Special) to libinit2.o(.ARM.Collect$$libinit$$00000002) for __rt_lib_init_fp_1
    libinit.o(.ARM.Collect$$libinit$$00000000) refers (Special) to libinit2.o(.ARM.Collect$$libinit$$0000001F) for __rt_lib_init_fp_trap_1
    libinit.o(.ARM.Collect$$libinit$$00000000) refers (Special) to libinit2.o(.ARM.Collect$$libinit$$00000023) for __rt_lib_init_getenv_1
    libinit.o(.ARM.Collect$$libinit$$00000000) refers (Special) to libinit2.o(.ARM.Collect$$libinit$$0000000A) for __rt_lib_init_heap_1
    libinit.o(.ARM.Collect$$libinit$$00000000) refers (Special) to libinit2.o(.ARM.Collect$$libinit$$00000011) for __rt_lib_init_lc_collate_1
    libinit.o(.ARM.Collect$$libinit$$00000000) refers (Special) to libinit2.o(.ARM.Collect$$libinit$$00000013) for __rt_lib_init_lc_ctype_1
    libinit.o(.ARM.Collect$$libinit$$00000000) refers (Special) to libinit2.o(.ARM.Collect$$libinit$$00000015) for __rt_lib_init_lc_monetary_1
    libinit.o(.ARM.Collect$$libinit$$00000000) refers (Special) to libinit2.o(.ARM.Collect$$libinit$$00000017) for __rt_lib_init_lc_numeric_1
    libinit.o(.ARM.Collect$$libinit$$00000000) refers (Special) to libinit2.o(.ARM.Collect$$libinit$$00000019) for __rt_lib_init_lc_time_1
    libinit.o(.ARM.Collect$$libinit$$00000000) refers (Special) to libinit2.o(.ARM.Collect$$libinit$$00000004) for __rt_lib_init_preinit_1
    libinit.o(.ARM.Collect$$libinit$$00000000) refers (Special) to libinit2.o(.ARM.Collect$$libinit$$0000000E) for __rt_lib_init_rand_1
    libinit.o(.ARM.Collect$$libinit$$00000000) refers (Special) to libinit2.o(.ARM.Collect$$libinit$$00000033) for __rt_lib_init_return
    libinit.o(.ARM.Collect$$libinit$$00000000) refers (Special) to libinit2.o(.ARM.Collect$$libinit$$0000001D) for __rt_lib_init_signal_1
    libinit.o(.ARM.Collect$$libinit$$00000000) refers (Special) to libinit2.o(.ARM.Collect$$libinit$$00000025) for __rt_lib_init_stdio_1
    libinit.o(.ARM.Collect$$libinit$$00000000) refers (Special) to libinit2.o(.ARM.Collect$$libinit$$0000000C) for __rt_lib_init_user_alloc_1
    libspace.o(.text) refers to libspace.o(.bss) for __libspace_start
    rtexit.o(.ARM.Collect$$rtexit$$00000000) refers (Special) to rtexit2.o(.ARM.Collect$$rtexit$$00000004) for __rt_exit_exit
    rtexit.o(.ARM.Collect$$rtexit$$00000000) refers (Special) to rtexit2.o(.ARM.Collect$$rtexit$$00000003) for __rt_exit_ls
    rtexit.o(.ARM.Collect$$rtexit$$00000000) refers (Special) to rtexit2.o(.ARM.Collect$$rtexit$$00000002) for __rt_exit_prels_1
    rtexit.o(.ARM.exidx) refers (Special) to rtexit2.o(.ARM.Collect$$rtexit$$00000004) for __rt_exit_exit
    rtexit.o(.ARM.exidx) refers (Special) to rtexit2.o(.ARM.Collect$$rtexit$$00000003) for __rt_exit_ls
    rtexit.o(.ARM.exidx) refers (Special) to rtexit2.o(.ARM.Collect$$rtexit$$00000002) for __rt_exit_prels_1
    rtexit.o(.ARM.exidx) refers to rtexit.o(.ARM.Collect$$rtexit$$00000000) for .ARM.Collect$$rtexit$$00000000
    libinit2.o(.ARM.Collect$$libinit$$00000010) refers to libinit2.o(.ARM.Collect$$libinit$$0000000F) for .ARM.Collect$$libinit$$0000000F
    libinit2.o(.ARM.Collect$$libinit$$00000012) refers to libinit2.o(.ARM.Collect$$libinit$$0000000F) for .ARM.Collect$$libinit$$0000000F
    libinit2.o(.ARM.Collect$$libinit$$00000014) refers to libinit2.o(.ARM.Collect$$libinit$$0000000F) for .ARM.Collect$$libinit$$0000000F
    libinit2.o(.ARM.Collect$$libinit$$00000016) refers to libinit2.o(.ARM.Collect$$libinit$$0000000F) for .ARM.Collect$$libinit$$0000000F
    libinit2.o(.ARM.Collect$$libinit$$00000018) refers to libinit2.o(.ARM.Collect$$libinit$$0000000F) for .ARM.Collect$$libinit$$0000000F
    libinit2.o(.ARM.Collect$$libinit$$00000026) refers to argv_veneer.o(.emb_text) for __ARM_argv_veneer
    libinit2.o(.ARM.Collect$$libinit$$00000027) refers to argv_veneer.o(.emb_text) for __ARM_argv_veneer
    rtexit2.o(.ARM.Collect$$rtexit$$00000003) refers to libshutdown.o(.ARM.Collect$$libshutdown$$00000000) for __rt_lib_shutdown
    rtexit2.o(.ARM.Collect$$rtexit$$00000004) refers to sys_exit.o(.text) for _sys_exit
    rtexit2.o(.ARM.exidx) refers to rtexit2.o(.ARM.Collect$$rtexit$$00000001) for .ARM.Collect$$rtexit$$00000001
    rtexit2.o(.ARM.exidx) refers to rtexit2.o(.ARM.Collect$$rtexit$$00000003) for .ARM.Collect$$rtexit$$00000003
    rtexit2.o(.ARM.exidx) refers to rtexit2.o(.ARM.Collect$$rtexit$$00000004) for .ARM.Collect$$rtexit$$00000004
    argv_veneer.o(.emb_text) refers to no_argv.o(.text) for __ARM_get_argv
    sys_exit.o(.text) refers (Special) to use_no_semi.o(.text) for __I$use$semihosting
    sys_exit.o(.text) refers (Special) to indicate_semi.o(.text) for __semihosting_library_function
    _get_argv_nomalloc.o(.text) refers (Special) to hrguard.o(.text) for __heap_region$guard
    _get_argv_nomalloc.o(.text) refers to defsig_rtmem_outer.o(.text) for __rt_SIGRTMEM
    _get_argv_nomalloc.o(.text) refers to sys_command.o(.text) for _sys_command_string
    libshutdown.o(.ARM.Collect$$libshutdown$$00000000) refers (Special) to libshutdown2.o(.ARM.Collect$$libshutdown$$00000004) for __rt_lib_shutdown_cpp_1
    libshutdown.o(.ARM.Collect$$libshutdown$$00000000) refers (Special) to libshutdown2.o(.ARM.Collect$$libshutdown$$00000002) for __rt_lib_shutdown_fini_1
    libshutdown.o(.ARM.Collect$$libshutdown$$00000000) refers (Special) to libshutdown2.o(.ARM.Collect$$libshutdown$$00000009) for __rt_lib_shutdown_fp_trap_1
    libshutdown.o(.ARM.Collect$$libshutdown$$00000000) refers (Special) to libshutdown2.o(.ARM.Collect$$libshutdown$$00000011) for __rt_lib_shutdown_heap_1
    libshutdown.o(.ARM.Collect$$libshutdown$$00000000) refers (Special) to libshutdown2.o(.ARM.Collect$$libshutdown$$00000012) for __rt_lib_shutdown_return
    libshutdown.o(.ARM.Collect$$libshutdown$$00000000) refers (Special) to libshutdown2.o(.ARM.Collect$$libshutdown$$0000000C) for __rt_lib_shutdown_signal_1
    libshutdown.o(.ARM.Collect$$libshutdown$$00000000) refers (Special) to libshutdown2.o(.ARM.Collect$$libshutdown$$00000006) for __rt_lib_shutdown_stdio_1
    libshutdown.o(.ARM.Collect$$libshutdown$$00000000) refers (Special) to libshutdown2.o(.ARM.Collect$$libshutdown$$0000000E) for __rt_lib_shutdown_user_alloc_1
    sys_command.o(.text) refers (Special) to use_no_semi.o(.text) for __I$use$semihosting
    sys_command.o(.text) refers (Special) to indicate_semi.o(.text) for __semihosting_library_function
    defsig_rtmem_outer.o(.text) refers to defsig_rtmem_inner.o(.text) for __rt_SIGRTMEM_inner
    defsig_rtmem_outer.o(.text) refers to defsig_exit.o(.text) for __sig_exit
    defsig_rtmem_formal.o(.text) refers to rt_raise.o(.text) for __rt_raise
    rt_raise.o(.text) refers to __raise.o(.text) for __raise
    rt_raise.o(.text) refers to sys_exit.o(.text) for _sys_exit
    defsig_exit.o(.text) refers to sys_exit.o(.text) for _sys_exit
    defsig_rtmem_inner.o(.text) refers to defsig_general.o(.text) for __default_signal_display
    __raise.o(.text) refers to defsig.o(CL$$defsig) for __default_signal_handler
    defsig_general.o(.text) refers to sys_wrch.o(.text) for _ttywrch
    sys_wrch.o(.text) refers (Special) to use_no_semi.o(.text) for __I$use$semihosting
    sys_wrch.o(.text) refers (Special) to indicate_semi.o(.text) for __semihosting_library_function
    defsig.o(CL$$defsig) refers to defsig_rtmem_inner.o(.text) for __rt_SIGRTMEM_inner
    defsig_abrt_inner.o(.text) refers to defsig_general.o(.text) for __default_signal_display
    defsig_fpe_inner.o(.text) refers to defsig_general.o(.text) for __default_signal_display
    defsig_rtred_inner.o(.text) refers to defsig_general.o(.text) for __default_signal_display
    defsig_stak_inner.o(.text) refers to defsig_general.o(.text) for __default_signal_display
    defsig_pvfn_inner.o(.text) refers to defsig_general.o(.text) for __default_signal_display
    defsig_cppl_inner.o(.text) refers to defsig_general.o(.text) for __default_signal_display
    defsig_segv_inner.o(.text) refers to defsig_general.o(.text) for __default_signal_display
    defsig_other.o(.text) refers to defsig_general.o(.text) for __default_signal_display


==============================================================================

Removing Unused input sections from the image.

    Removing bme280.o(.rev16_text), (4 bytes).
    Removing bme280.o(.revsh_text), (4 bytes).
    Removing bme280.o(.rrx_text), (6 bytes).
    Removing ds3231.o(.rev16_text), (4 bytes).
    Removing ds3231.o(.revsh_text), (4 bytes).
    Removing ds3231.o(.rrx_text), (6 bytes).
    Removing ds3231.o(i.DS3231_12HourFormat), (72 bytes).
    Removing ds3231.o(i.DS3231_GetAlarm2_Status), (32 bytes).
    Removing ds3231.o(i.DS3231_ResetAlarm2), (44 bytes).
    Removing eeprom24c16.o(.rev16_text), (4 bytes).
    Removing eeprom24c16.o(.revsh_text), (4 bytes).
    Removing eeprom24c16.o(.rrx_text), (6 bytes).
    Removing hc12.o(.rev16_text), (4 bytes).
    Removing hc12.o(.revsh_text), (4 bytes).
    Removing hc12.o(.rrx_text), (6 bytes).
    Removing hc12.o(i.HC12_RxBufferFull), (16 bytes).
    Removing hc12.o(i.HC12_TransmitByte), (20 bytes).
    Removing keypad.o(.rev16_text), (4 bytes).
    Removing keypad.o(.revsh_text), (4 bytes).
    Removing keypad.o(.rrx_text), (6 bytes).
    Removing lcd.o(.rev16_text), (4 bytes).
    Removing lcd.o(.revsh_text), (4 bytes).
    Removing lcd.o(.rrx_text), (6 bytes).
    Removing system.o(.rev16_text), (4 bytes).
    Removing system.o(.revsh_text), (4 bytes).
    Removing system.o(.rrx_text), (6 bytes).
    Removing clocks.o(.rev16_text), (4 bytes).
    Removing clocks.o(.revsh_text), (4 bytes).
    Removing clocks.o(.rrx_text), (6 bytes).
    Removing dma.o(.rev16_text), (4 bytes).
    Removing dma.o(.revsh_text), (4 bytes).
    Removing dma.o(.rrx_text), (6 bytes).
    Removing dma.o(i.DMA_Rx_BufferFull), (44 bytes).
    Removing dma.o(i.DMA_Rx_CNDTR), (8 bytes).
    Removing gpio.o(.rev16_text), (4 bytes).
    Removing gpio.o(.revsh_text), (4 bytes).
    Removing gpio.o(.rrx_text), (6 bytes).
    Removing gpio.o(i.GPIO_OutputRead), (26 bytes).
    Removing i2c.o(.rev16_text), (4 bytes).
    Removing i2c.o(.revsh_text), (4 bytes).
    Removing i2c.o(.rrx_text), (6 bytes).
    Removing pwr.o(.rev16_text), (4 bytes).
    Removing pwr.o(.revsh_text), (4 bytes).
    Removing pwr.o(.rrx_text), (6 bytes).
    Removing systick.o(.rev16_text), (4 bytes).
    Removing systick.o(.revsh_text), (4 bytes).
    Removing systick.o(.rrx_text), (6 bytes).
    Removing uart.o(.rev16_text), (4 bytes).
    Removing uart.o(.revsh_text), (4 bytes).
    Removing uart.o(.rrx_text), (6 bytes).
    Removing uart.o(i.USART_RxBufferFull), (20 bytes).
    Removing uart.o(i.USART_RxIdleLineDetected), (28 bytes).
    Removing uart.o(i.USART_TransmitByte), (16 bytes).
    Removing system_stm32f10x.o(.rev16_text), (4 bytes).
    Removing system_stm32f10x.o(.revsh_text), (4 bytes).
    Removing system_stm32f10x.o(.rrx_text), (6 bytes).
    Removing system_stm32f10x.o(i.SystemCoreClockUpdate), (164 bytes).
    Removing system_stm32f10x.o(.data), (20 bytes).

58 unused section(s) (total 720 bytes) removed from the image.

==============================================================================

Image Symbol Table

    Local Symbols

    Symbol Name                              Value     Ov Type        Size  Object(Section)

    ../clib/angel/boardlib.s                 0x00000000   Number         0  boardinit3.o ABSOLUTE
    ../clib/angel/boardlib.s                 0x00000000   Number         0  boardinit2.o ABSOLUTE
    ../clib/angel/boardlib.s                 0x00000000   Number         0  boardinit1.o ABSOLUTE
    ../clib/angel/boardlib.s                 0x00000000   Number         0  boardshut.o ABSOLUTE
    ../clib/angel/handlers.s                 0x00000000   Number         0  __scatter_zi.o ABSOLUTE
    ../clib/angel/handlers.s                 0x00000000   Number         0  __scatter_copy.o ABSOLUTE
    ../clib/angel/kernel.s                   0x00000000   Number         0  __rtentry4.o ABSOLUTE
    ../clib/angel/kernel.s                   0x00000000   Number         0  rtexit.o ABSOLUTE
    ../clib/angel/kernel.s                   0x00000000   Number         0  __rtentry2.o ABSOLUTE
    ../clib/angel/kernel.s                   0x00000000   Number         0  __rtentry.o ABSOLUTE
    ../clib/angel/kernel.s                   0x00000000   Number         0  rtexit2.o ABSOLUTE
    ../clib/angel/rt.s                       0x00000000   Number         0  rt_raise.o ABSOLUTE
    ../clib/angel/scatter.s                  0x00000000   Number         0  __scatter.o ABSOLUTE
    ../clib/angel/startup.s                  0x00000000   Number         0  __main.o ABSOLUTE
    ../clib/angel/sys.s                      0x00000000   Number         0  sys_stackheap_outer.o ABSOLUTE
    ../clib/angel/sys.s                      0x00000000   Number         0  indicate_semi.o ABSOLUTE
    ../clib/angel/sys.s                      0x00000000   Number         0  libspace.o ABSOLUTE
    ../clib/angel/sys.s                      0x00000000   Number         0  use_no_semi.o ABSOLUTE
    ../clib/angel/sysapp.c                   0x00000000   Number         0  sys_wrch.o ABSOLUTE
    ../clib/angel/sysapp.c                   0x00000000   Number         0  sys_command.o ABSOLUTE
    ../clib/angel/sysapp.c                   0x00000000   Number         0  sys_exit.o ABSOLUTE
    ../clib/armsys.c                         0x00000000   Number         0  no_argv.o ABSOLUTE
    ../clib/armsys.c                         0x00000000   Number         0  _get_argv_nomalloc.o ABSOLUTE
    ../clib/armsys.c                         0x00000000   Number         0  argv_veneer.o ABSOLUTE
    ../clib/armsys.c                         0x00000000   Number         0  argv_veneer.o ABSOLUTE
    ../clib/heapalloc.c                      0x00000000   Number         0  hrguard.o ABSOLUTE
    ../clib/heapaux.c                        0x00000000   Number         0  heapauxi.o ABSOLUTE
    ../clib/libinit.s                        0x00000000   Number         0  libinit.o ABSOLUTE
    ../clib/libinit.s                        0x00000000   Number         0  libshutdown.o ABSOLUTE
    ../clib/libinit.s                        0x00000000   Number         0  libshutdown2.o ABSOLUTE
    ../clib/libinit.s                        0x00000000   Number         0  libinit2.o ABSOLUTE
    ../clib/memcpset.s                       0x00000000   Number         0  rt_memclr.o ABSOLUTE
    ../clib/memcpset.s                       0x00000000   Number         0  rt_memclr_w.o ABSOLUTE
    ../clib/memcpset.s                       0x00000000   Number         0  aeabi_memset.o ABSOLUTE
    ../clib/signal.c                         0x00000000   Number         0  defsig_rtmem_inner.o ABSOLUTE
    ../clib/signal.c                         0x00000000   Number         0  defsig_rtmem_formal.o ABSOLUTE
    ../clib/signal.c                         0x00000000   Number         0  defsig_abrt_inner.o ABSOLUTE
    ../clib/signal.c                         0x00000000   Number         0  __raise.o ABSOLUTE
    ../clib/signal.c                         0x00000000   Number         0  defsig_exit.o ABSOLUTE
    ../clib/signal.c                         0x00000000   Number         0  defsig_general.o ABSOLUTE
    ../clib/signal.c                         0x00000000   Number         0  defsig_pvfn_inner.o ABSOLUTE
    ../clib/signal.c                         0x00000000   Number         0  defsig_segv_inner.o ABSOLUTE
    ../clib/signal.c                         0x00000000   Number         0  defsig_stak_inner.o ABSOLUTE
    ../clib/signal.c                         0x00000000   Number         0  defsig_other.o ABSOLUTE
    ../clib/signal.c                         0x00000000   Number         0  defsig_rtred_inner.o ABSOLUTE
    ../clib/signal.c                         0x00000000   Number         0  defsig_cppl_inner.o ABSOLUTE
    ../clib/signal.c                         0x00000000   Number         0  defsig_fpe_inner.o ABSOLUTE
    ../clib/signal.c                         0x00000000   Number         0  defsig_rtmem_outer.o ABSOLUTE
    ../clib/signal.s                         0x00000000   Number         0  defsig.o ABSOLUTE
    ../clib/stdlib.c                         0x00000000   Number         0  exit.o ABSOLUTE
    ../clib/string.c                         0x00000000   Number         0  strlen.o ABSOLUTE
    ../fplib/fpinit.s                        0x00000000   Number         0  fpinit.o ABSOLUTE
    RTE\Device\STM32F103C8\startup_stm32f10x_md.s 0x00000000   Number         0  startup_stm32f10x_md.o ABSOLUTE
    RTE\Device\STM32F103C8\system_stm32f10x.c 0x00000000   Number         0  system_stm32f10x.o ABSOLUTE
    RTE\\Device\\STM32F103C8\\system_stm32f10x.c 0x00000000   Number         0  system_stm32f10x.o ABSOLUTE
    bme280.c                                 0x00000000   Number         0  bme280.o ABSOLUTE
    bme280.c                                 0x00000000   Number         0  bme280.o ABSOLUTE
    clocks.c                                 0x00000000   Number         0  clocks.o ABSOLUTE
    clocks.c                                 0x00000000   Number         0  clocks.o ABSOLUTE
    communication.c                          0x00000000   Number         0  communication.o ABSOLUTE
    conversions.c                            0x00000000   Number         0  conversions.o ABSOLUTE
    dc.s                                     0x00000000   Number         0  dc.o ABSOLUTE
    display.c                                0x00000000   Number         0  display.o ABSOLUTE
    dma.c                                    0x00000000   Number         0  dma.o ABSOLUTE
    dma.c                                    0x00000000   Number         0  dma.o ABSOLUTE
    ds3231.c                                 0x00000000   Number         0  ds3231.o ABSOLUTE
    ds3231.c                                 0x00000000   Number         0  ds3231.o ABSOLUTE
    eeprom24c16.c                            0x00000000   Number         0  eeprom24c16.o ABSOLUTE
    eeprom24c16.c                            0x00000000   Number         0  eeprom24c16.o ABSOLUTE
    gpio.c                                   0x00000000   Number         0  gpio.o ABSOLUTE
    gpio.c                                   0x00000000   Number         0  gpio.o ABSOLUTE
    hc12.c                                   0x00000000   Number         0  hc12.o ABSOLUTE
    hc12.c                                   0x00000000   Number         0  hc12.o ABSOLUTE
    hmi.c                                    0x00000000   Number         0  hmi.o ABSOLUTE
    i2c.c                                    0x00000000   Number         0  i2c.o ABSOLUTE
    i2c.c                                    0x00000000   Number         0  i2c.o ABSOLUTE
    keypad.c                                 0x00000000   Number         0  keypad.o ABSOLUTE
    keypad.c                                 0x00000000   Number         0  keypad.o ABSOLUTE
    lcd.c                                    0x00000000   Number         0  lcd.o ABSOLUTE
    lcd.c                                    0x00000000   Number         0  lcd.o ABSOLUTE
    main.c                                   0x00000000   Number         0  main.o ABSOLUTE
    pwr.c                                    0x00000000   Number         0  pwr.o ABSOLUTE
    pwr.c                                    0x00000000   Number         0  pwr.o ABSOLUTE
    system.c                                 0x00000000   Number         0  system.o ABSOLUTE
    system.c                                 0x00000000   Number         0  system.o ABSOLUTE
    systick.c                                0x00000000   Number         0  systick.o ABSOLUTE
    systick.c                                0x00000000   Number         0  systick.o ABSOLUTE
    uart.c                                   0x00000000   Number         0  uart.o ABSOLUTE
    uart.c                                   0x00000000   Number         0  uart.o ABSOLUTE
    RESET                                    0x08000000   Section      236  startup_stm32f10x_md.o(RESET)
    !!!main                                  0x080000ec   Section        8  __main.o(!!!main)
    !!!scatter                               0x080000f4   Section       52  __scatter.o(!!!scatter)
    !!handler_copy                           0x08000128   Section       26  __scatter_copy.o(!!handler_copy)
    !!handler_zi                             0x08000144   Section       28  __scatter_zi.o(!!handler_zi)
    .ARM.Collect$$libinit$$00000000          0x08000160   Section        2  libinit.o(.ARM.Collect$$libinit$$00000000)
    .ARM.Collect$$libinit$$00000002          0x08000162   Section        0  libinit2.o(.ARM.Collect$$libinit$$00000002)
    .ARM.Collect$$libinit$$00000004          0x08000162   Section        0  libinit2.o(.ARM.Collect$$libinit$$00000004)
    .ARM.Collect$$libinit$$0000000A          0x08000162   Section        0  libinit2.o(.ARM.Collect$$libinit$$0000000A)
    .ARM.Collect$$libinit$$0000000C          0x08000162   Section        0  libinit2.o(.ARM.Collect$$libinit$$0000000C)
    .ARM.Collect$$libinit$$0000000E          0x08000162   Section        0  libinit2.o(.ARM.Collect$$libinit$$0000000E)
    .ARM.Collect$$libinit$$00000011          0x08000162   Section        0  libinit2.o(.ARM.Collect$$libinit$$00000011)
    .ARM.Collect$$libinit$$00000013          0x08000162   Section        0  libinit2.o(.ARM.Collect$$libinit$$00000013)
    .ARM.Collect$$libinit$$00000015          0x08000162   Section        0  libinit2.o(.ARM.Collect$$libinit$$00000015)
    .ARM.Collect$$libinit$$00000017          0x08000162   Section        0  libinit2.o(.ARM.Collect$$libinit$$00000017)
    .ARM.Collect$$libinit$$00000019          0x08000162   Section        0  libinit2.o(.ARM.Collect$$libinit$$00000019)
    .ARM.Collect$$libinit$$0000001B          0x08000162   Section        0  libinit2.o(.ARM.Collect$$libinit$$0000001B)
    .ARM.Collect$$libinit$$0000001D          0x08000162   Section        0  libinit2.o(.ARM.Collect$$libinit$$0000001D)
    .ARM.Collect$$libinit$$0000001F          0x08000162   Section        0  libinit2.o(.ARM.Collect$$libinit$$0000001F)
    .ARM.Collect$$libinit$$00000021          0x08000162   Section        0  libinit2.o(.ARM.Collect$$libinit$$00000021)
    .ARM.Collect$$libinit$$00000023          0x08000162   Section        0  libinit2.o(.ARM.Collect$$libinit$$00000023)
    .ARM.Collect$$libinit$$00000025          0x08000162   Section        0  libinit2.o(.ARM.Collect$$libinit$$00000025)
    .ARM.Collect$$libinit$$0000002C          0x08000162   Section        0  libinit2.o(.ARM.Collect$$libinit$$0000002C)
    .ARM.Collect$$libinit$$0000002E          0x08000162   Section        0  libinit2.o(.ARM.Collect$$libinit$$0000002E)
    .ARM.Collect$$libinit$$00000030          0x08000162   Section        0  libinit2.o(.ARM.Collect$$libinit$$00000030)
    .ARM.Collect$$libinit$$00000032          0x08000162   Section        0  libinit2.o(.ARM.Collect$$libinit$$00000032)
    .ARM.Collect$$libinit$$00000033          0x08000162   Section        2  libinit2.o(.ARM.Collect$$libinit$$00000033)
    .ARM.Collect$$libshutdown$$00000000      0x08000164   Section        2  libshutdown.o(.ARM.Collect$$libshutdown$$00000000)
    .ARM.Collect$$libshutdown$$00000002      0x08000166   Section        0  libshutdown2.o(.ARM.Collect$$libshutdown$$00000002)
    .ARM.Collect$$libshutdown$$00000004      0x08000166   Section        0  libshutdown2.o(.ARM.Collect$$libshutdown$$00000004)
    .ARM.Collect$$libshutdown$$00000006      0x08000166   Section        0  libshutdown2.o(.ARM.Collect$$libshutdown$$00000006)
    .ARM.Collect$$libshutdown$$00000009      0x08000166   Section        0  libshutdown2.o(.ARM.Collect$$libshutdown$$00000009)
    .ARM.Collect$$libshutdown$$0000000C      0x08000166   Section        0  libshutdown2.o(.ARM.Collect$$libshutdown$$0000000C)
    .ARM.Collect$$libshutdown$$0000000E      0x08000166   Section        0  libshutdown2.o(.ARM.Collect$$libshutdown$$0000000E)
    .ARM.Collect$$libshutdown$$00000011      0x08000166   Section        0  libshutdown2.o(.ARM.Collect$$libshutdown$$00000011)
    .ARM.Collect$$libshutdown$$00000012      0x08000166   Section        2  libshutdown2.o(.ARM.Collect$$libshutdown$$00000012)
    .ARM.Collect$$rtentry$$00000000          0x08000168   Section        0  __rtentry.o(.ARM.Collect$$rtentry$$00000000)
    .ARM.Collect$$rtentry$$00000002          0x08000168   Section        0  __rtentry2.o(.ARM.Collect$$rtentry$$00000002)
    .ARM.Collect$$rtentry$$00000004          0x08000168   Section        6  __rtentry4.o(.ARM.Collect$$rtentry$$00000004)
    .ARM.Collect$$rtentry$$00000009          0x0800016e   Section        0  __rtentry2.o(.ARM.Collect$$rtentry$$00000009)
    .ARM.Collect$$rtentry$$0000000A          0x0800016e   Section        4  __rtentry2.o(.ARM.Collect$$rtentry$$0000000A)
    .ARM.Collect$$rtentry$$0000000C          0x08000172   Section        0  __rtentry2.o(.ARM.Collect$$rtentry$$0000000C)
    .ARM.Collect$$rtentry$$0000000D          0x08000172   Section        8  __rtentry2.o(.ARM.Collect$$rtentry$$0000000D)
    .ARM.Collect$$rtexit$$00000000           0x0800017a   Section        2  rtexit.o(.ARM.Collect$$rtexit$$00000000)
    .ARM.Collect$$rtexit$$00000002           0x0800017c   Section        0  rtexit2.o(.ARM.Collect$$rtexit$$00000002)
    .ARM.Collect$$rtexit$$00000003           0x0800017c   Section        4  rtexit2.o(.ARM.Collect$$rtexit$$00000003)
    .ARM.Collect$$rtexit$$00000004           0x08000180   Section        6  rtexit2.o(.ARM.Collect$$rtexit$$00000004)
    .text                                    0x08000188   Section       64  startup_stm32f10x_md.o(.text)
    .text                                    0x080001c8   Section        0  strlen.o(.text)
    .text                                    0x08000206   Section       16  aeabi_memset.o(.text)
    .text                                    0x08000216   Section        0  heapauxi.o(.text)
    .text                                    0x0800021c   Section       68  rt_memclr.o(.text)
    .text                                    0x08000260   Section       78  rt_memclr_w.o(.text)
    .text                                    0x080002ae   Section       74  sys_stackheap_outer.o(.text)
    .text                                    0x080002f8   Section        0  exit.o(.text)
    .text                                    0x0800030c   Section        8  libspace.o(.text)
    .text                                    0x08000314   Section        0  sys_exit.o(.text)
    .text                                    0x08000320   Section        2  use_no_semi.o(.text)
    .text                                    0x08000322   Section        0  indicate_semi.o(.text)
    i.ActivateColumn                         0x08000324   Section        0  keypad.o(i.ActivateColumn)
    ActivateColumn                           0x08000325   Thumb Code   108  keypad.o(i.ActivateColumn)
    i.BCDToHex                               0x08000394   Section        0  ds3231.o(i.BCDToHex)
    BCDToHex                                 0x08000395   Thumb Code    20  ds3231.o(i.BCDToHex)
    i.BME280_GetData                         0x080003a8   Section        0  bme280.o(i.BME280_GetData)
    i.BME280_Init                            0x080004e4   Section        0  bme280.o(i.BME280_Init)
    i.BME280_Store_Compensation_Parameters   0x08000524   Section        0  bme280.o(i.BME280_Store_Compensation_Parameters)
    BME280_Store_Compensation_Parameters     0x08000525   Thumb Code    86  bme280.o(i.BME280_Store_Compensation_Parameters)
    i.Clock_HSI_8MHz_Init                    0x0800057c   Section        0  clocks.o(i.Clock_HSI_8MHz_Init)
    i.Conv_IntegerToString                   0x080005d0   Section        0  conversions.o(i.Conv_IntegerToString)
    i.Conv_StringToInteger                   0x08000614   Section        0  conversions.o(i.Conv_StringToInteger)
    i.DMA_USART_Rx_Init                      0x08000648   Section        0  dma.o(i.DMA_USART_Rx_Init)
    i.DS3231_24HourFormat                    0x08000664   Section        0  ds3231.o(i.DS3231_24HourFormat)
    i.DS3231_GetTime                         0x08000690   Section        0  ds3231.o(i.DS3231_GetTime)
    i.DS3231_SetAlarm2                       0x080006fc   Section        0  ds3231.o(i.DS3231_SetAlarm2)
    i.DS3231_SetTime                         0x0800073c   Section        0  ds3231.o(i.DS3231_SetTime)
    i.Display_Bme280Data                     0x08000790   Section        0  display.o(i.Display_Bme280Data)
    i.Display_NodeData                       0x08000828   Section        0  display.o(i.Display_NodeData)
    i.Display_Threshold                      0x08000924   Section        0  display.o(i.Display_Threshold)
    i.EEPROM_GetData                         0x08000ae4   Section        0  eeprom24c16.o(i.EEPROM_GetData)
    i.EEPROM_ReadPage                        0x08000b2c   Section        0  eeprom24c16.o(i.EEPROM_ReadPage)
    i.EEPROM_StoreData                       0x08000b78   Section        0  eeprom24c16.o(i.EEPROM_StoreData)
    i.EEPROM_WritePage                       0x08000bc0   Section        0  eeprom24c16.o(i.EEPROM_WritePage)
    i.FSM_DisplayBme280Data                  0x08000c10   Section        0  hmi.o(i.FSM_DisplayBme280Data)
    FSM_DisplayBme280Data                    0x08000c11   Thumb Code    46  hmi.o(i.FSM_DisplayBme280Data)
    i.FSM_Humidity                           0x08000c50   Section        0  hmi.o(i.FSM_Humidity)
    FSM_Humidity                             0x08000c51   Thumb Code   232  hmi.o(i.FSM_Humidity)
    i.FSM_IrrigTime                          0x08000d58   Section        0  hmi.o(i.FSM_IrrigTime)
    FSM_IrrigTime                            0x08000d59   Thumb Code   324  hmi.o(i.FSM_IrrigTime)
    i.FSM_Moisture                           0x08000f00   Section        0  hmi.o(i.FSM_Moisture)
    FSM_Moisture                             0x08000f01   Thumb Code   232  hmi.o(i.FSM_Moisture)
    i.FSM_Node                               0x08001010   Section        0  hmi.o(i.FSM_Node)
    FSM_Node                                 0x08001011   Thumb Code   154  hmi.o(i.FSM_Node)
    i.FSM_StateTransition                    0x080010e4   Section        0  hmi.o(i.FSM_StateTransition)
    FSM_StateTransition                      0x080010e5   Thumb Code    36  hmi.o(i.FSM_StateTransition)
    i.FSM_Temperature                        0x08001110   Section        0  hmi.o(i.FSM_Temperature)
    FSM_Temperature                          0x08001111   Thumb Code   232  hmi.o(i.FSM_Temperature)
    i.GPIO_InputInit                         0x08001220   Section        0  gpio.o(i.GPIO_InputInit)
    i.GPIO_InputRead                         0x08001240   Section        0  gpio.o(i.GPIO_InputRead)
    i.GPIO_MultipleInputInit                 0x0800125a   Section        0  gpio.o(i.GPIO_MultipleInputInit)
    i.GPIO_OutputClearMultiple               0x08001276   Section        0  gpio.o(i.GPIO_OutputClearMultiple)
    i.GPIO_OutputInit                        0x0800127e   Section        0  gpio.o(i.GPIO_OutputInit)
    i.GPIO_OutputWrite                       0x08001298   Section        0  gpio.o(i.GPIO_OutputWrite)
    i.GPIO_OutputWriteMultiple               0x080012b2   Section        0  gpio.o(i.GPIO_OutputWriteMultiple)
    i.GPIO_Reset                             0x080012bc   Section        0  gpio.o(i.GPIO_Reset)
    i.HC12_Init                              0x0800131c   Section        0  hc12.o(i.HC12_Init)
    i.HC12_RxBufferInit                      0x0800136c   Section        0  hc12.o(i.HC12_RxBufferInit)
    i.HC12_SetPinControl                     0x0800138c   Section        0  hc12.o(i.HC12_SetPinControl)
    i.HC12_TransmitBytes                     0x080013a0   Section        0  hc12.o(i.HC12_TransmitBytes)
    i.HMI_Execute                            0x080013b8   Section        0  hmi.o(i.HMI_Execute)
    i.HMI_Init                               0x080014d4   Section        0  hmi.o(i.HMI_Init)
    i.HexToBCD                               0x080014f0   Section        0  ds3231.o(i.HexToBCD)
    HexToBCD                                 0x080014f1   Thumb Code    28  ds3231.o(i.HexToBCD)
    i.I2C_Init                               0x0800150c   Section        0  i2c.o(i.I2C_Init)
    i.I2C_Read2Bytes                         0x08001532   Section        0  i2c.o(i.I2C_Read2Bytes)
    i.I2C_ReadByte                           0x080015dc   Section        0  i2c.o(i.I2C_ReadByte)
    i.I2C_ReadMultiByte                      0x0800167c   Section        0  i2c.o(i.I2C_ReadMultiByte)
    i.I2C_Write                              0x080017a0   Section        0  i2c.o(i.I2C_Write)
    i.I2C_WriteByte                          0x08001804   Section        0  i2c.o(i.I2C_WriteByte)
    i.I2C_WriteMultiByte                     0x08001876   Section        0  i2c.o(i.I2C_WriteMultiByte)
    i.Keypad_GetChar                         0x080018f8   Section        0  keypad.o(i.Keypad_GetChar)
    i.Keypad_Init                            0x08001944   Section        0  keypad.o(i.Keypad_Init)
    i.Keypad_IsDigit                         0x08001980   Section        0  keypad.o(i.Keypad_IsDigit)
    i.Keypad_StoreKeyPress                   0x08001992   Section        0  keypad.o(i.Keypad_StoreKeyPress)
    Keypad_StoreKeyPress                     0x08001993   Thumb Code    30  keypad.o(i.Keypad_StoreKeyPress)
    i.Keypad_StrToInt                        0x080019b0   Section        0  keypad.o(i.Keypad_StrToInt)
    i.LCD_Clear                              0x080019de   Section        0  lcd.o(i.LCD_Clear)
    i.LCD_Init                               0x080019ec   Section        0  lcd.o(i.LCD_Init)
    i.LCD_PrintChar                          0x08001a44   Section        0  lcd.o(i.LCD_PrintChar)
    i.LCD_PrintString                        0x08001a52   Section        0  lcd.o(i.LCD_PrintString)
    i.LCD_SetCursor                          0x08001a6c   Section        0  lcd.o(i.LCD_SetCursor)
    i.LCD_WriteByte                          0x08001a98   Section        0  lcd.o(i.LCD_WriteByte)
    LCD_WriteByte                            0x08001a99   Thumb Code    44  lcd.o(i.LCD_WriteByte)
    i.LCD_WriteNibble                        0x08001ac8   Section        0  lcd.o(i.LCD_WriteNibble)
    LCD_WriteNibble                          0x08001ac9   Thumb Code    92  lcd.o(i.LCD_WriteNibble)
    i.Master_EncodeTxData                    0x08001b2c   Section        0  communication.o(i.Master_EncodeTxData)
    i.Master_TransmitReceive                 0x08001b38   Section        0  communication.o(i.Master_TransmitReceive)
    i.PWR_ClearStandbyFlag                   0x08001bc8   Section        0  pwr.o(i.PWR_ClearStandbyFlag)
    i.PWR_GoToStandbyMode                    0x08001be8   Section        0  pwr.o(i.PWR_GoToStandbyMode)
    i.RefreshRow                             0x08001c2c   Section        0  display.o(i.RefreshRow)
    RefreshRow                               0x08001c2d   Thumb Code    32  display.o(i.RefreshRow)
    i.Reset_MasterToNodeData                 0x08001c4c   Section        0  hmi.o(i.Reset_MasterToNodeData)
    Reset_MasterToNodeData                   0x08001c4d   Thumb Code    38  hmi.o(i.Reset_MasterToNodeData)
    i.SetSysClock                            0x08001c78   Section        0  system_stm32f10x.o(i.SetSysClock)
    SetSysClock                              0x08001c79   Thumb Code     8  system_stm32f10x.o(i.SetSysClock)
    i.SetSysClockTo72                        0x08001c80   Section        0  system_stm32f10x.o(i.SetSysClockTo72)
    SetSysClockTo72                          0x08001c81   Thumb Code   214  system_stm32f10x.o(i.SetSysClockTo72)
    i.SysTick_DelayMs                        0x08001d60   Section        0  systick.o(i.SysTick_DelayMs)
    i.SysTick_GetTick                        0x08001d78   Section        0  systick.o(i.SysTick_GetTick)
    i.SysTick_Handler                        0x08001d84   Section        0  systick.o(i.SysTick_Handler)
    i.SysTick_Init                           0x08001d94   Section        0  systick.o(i.SysTick_Init)
    i.SystemInit                             0x08001db0   Section        0  system_stm32f10x.o(i.SystemInit)
    i.System_ClearStandbyFlag                0x08001e10   Section        0  system.o(i.System_ClearStandbyFlag)
    i.System_GoToStandbyMode                 0x08001e18   Section        0  system.o(i.System_GoToStandbyMode)
    i.System_Init                            0x08001e20   Section        0  system.o(i.System_Init)
    i.System_Reset                           0x08001e54   Section        0  system.o(i.System_Reset)
    i.System_TimerDelayMs                    0x08001e80   Section        0  system.o(i.System_TimerDelayMs)
    i.System_TimerDoneCounting               0x08001e8c   Section        0  system.o(i.System_TimerDoneCounting)
    i.System_TimerInit                       0x08001ebc   Section        0  system.o(i.System_TimerInit)
    i.USART_Init                             0x08001ec6   Section        0  uart.o(i.USART_Init)
    i.USART_TransmitBytes                    0x08001f22   Section        0  uart.o(i.USART_TransmitBytes)
    i.main                                   0x08001f50   Section        0  main.o(i.main)
    .constdata                               0x08002060   Section       29  display.o(.constdata)
    .constdata                               0x0800207d   Section       20  keypad.o(.constdata)
    .constdata                               0x08002091   Section       32  lcd.o(.constdata)
    .constdata                               0x080020b4   Section       20  conversions.o(.constdata)
    .data                                    0x20000000   Section        5  main.o(.data)
    nodeToMasterData                         0x20000000   Data           1  main.o(.data)
    rtc                                      0x20000001   Data           4  main.o(.data)
    .data                                    0x20000008   Section       64  hmi.o(.data)
    ptrMasterToNode                          0x20000008   Data           4  hmi.o(.data)
    ptrNodeToMaster                          0x2000000c   Data           4  hmi.o(.data)
    ptrNodeToMasterArray                     0x20000010   Data           4  hmi.o(.data)
    currentState                             0x20000014   Data           1  hmi.o(.data)
    currentSubstate                          0x20000015   Data           1  hmi.o(.data)
    nodeID                                   0x20000016   Data           1  hmi.o(.data)
    keyBuffer                                0x20000017   Data           3  hmi.o(.data)
    minMoist                                 0x2000001a   Data           1  hmi.o(.data)
    maxMoist                                 0x2000001b   Data           1  hmi.o(.data)
    keyBuffer                                0x2000001c   Data           3  hmi.o(.data)
    minHum                                   0x2000001f   Data           1  hmi.o(.data)
    maxHum                                   0x20000020   Data           1  hmi.o(.data)
    keyBuffer                                0x20000021   Data           3  hmi.o(.data)
    minTemp                                  0x20000024   Data           1  hmi.o(.data)
    maxTemp                                  0x20000025   Data           1  hmi.o(.data)
    keyBuffer                                0x20000026   Data           3  hmi.o(.data)
    minIrrigTime                             0x20000029   Data           1  hmi.o(.data)
    maxIrrigTime                             0x2000002a   Data           1  hmi.o(.data)
    keyBuffer                                0x2000002b   Data           3  hmi.o(.data)
    bme280Data                               0x2000002e   Data           2  hmi.o(.data)
    pStateFunction                           0x20000030   Data          24  hmi.o(.data)
    .data                                    0x20000048   Section        6  display.o(.data)
    prevRow1Data                             0x20000048   Data           1  display.o(.data)
    prevRow2Data                             0x20000049   Data           1  display.o(.data)
    prevRow1Data                             0x2000004a   Data           1  display.o(.data)
    prevRow2Data                             0x2000004b   Data           1  display.o(.data)
    prevMinValue                             0x2000004c   Data           1  display.o(.data)
    prevMaxValue                             0x2000004d   Data           1  display.o(.data)
    .data                                    0x2000004e   Section       90  communication.o(.data)
    AT_Cmd                                   0x2000004e   Data          90  communication.o(.data)
    .data                                    0x200000a8   Section       12  bme280.o(.data)
    rawAdcValue                              0x200000a8   Data           8  bme280.o(.data)
    t_fine                                   0x200000b0   Data           4  bme280.o(.data)
    .data                                    0x200000b4   Section        1  lcd.o(.data)
    i2cData                                  0x200000b4   Data           1  lcd.o(.data)
    .data                                    0x200000b8   Section        4  systick.o(.data)
    numberOfTicks                            0x200000b8   Data           4  systick.o(.data)
    .bss                                     0x200000bc   Section       36  main.o(.bss)
    masterToNodeData                         0x200000bc   Data          13  main.o(.bss)
    nodeToMasterDataArray                    0x200000c9   Data          10  main.o(.bss)
    rtcTimer                                 0x200000d4   Data          12  main.o(.bss)
    .bss                                     0x200000e0   Section       60  bme280.o(.bss)
    bme280                                   0x200000e0   Data          18  bme280.o(.bss)
    bme280Calib00_25                         0x200000f2   Data          26  bme280.o(.bss)
    bme280Calib26_41                         0x2000010c   Data          16  bme280.o(.bss)
    .bss                                     0x2000011c   Section       96  libspace.o(.bss)
    HEAP                                     0x20000180   Section      512  startup_stm32f10x_md.o(HEAP)
    Heap_Mem                                 0x20000180   Data         512  startup_stm32f10x_md.o(HEAP)
    STACK                                    0x20000380   Section     1024  startup_stm32f10x_md.o(STACK)
    Stack_Mem                                0x20000380   Data        1024  startup_stm32f10x_md.o(STACK)
    __initial_sp                             0x20000780   Data           0  startup_stm32f10x_md.o(STACK)

    Global Symbols

    Symbol Name                              Value     Ov Type        Size  Object(Section)

    BuildAttributes$$THM_ISAv4$P$D$K$B$S$PE$A:L22UL41UL21$X:L11$S22US41US21$IEEE1$IW$USESV6$~STKCKD$USESV7$~SHL$OSPACE$ROPI$EBA8$UX$STANDARDLIB$REQ8$PRES8$EABIv2 0x00000000   Number         0  anon$$obj.o ABSOLUTE
    __ARM_use_no_argv                        0x00000000   Number         0  main.o ABSOLUTE
    __ARM_exceptions_init                     - Undefined Weak Reference
    __alloca_initialize                       - Undefined Weak Reference
    __arm_fini_                               - Undefined Weak Reference
    __arm_preinit_                            - Undefined Weak Reference
    __cpp_initialize__aeabi_                  - Undefined Weak Reference
    __cxa_finalize                            - Undefined Weak Reference
    __rt_locale                               - Undefined Weak Reference
    __sigvec_lookup                           - Undefined Weak Reference
    _atexit_init                              - Undefined Weak Reference
    _call_atexit_fns                          - Undefined Weak Reference
    _clock_init                               - Undefined Weak Reference
    _fp_trap_init                             - Undefined Weak Reference
    _fp_trap_shutdown                         - Undefined Weak Reference
    _get_lc_collate                           - Undefined Weak Reference
    _get_lc_ctype                             - Undefined Weak Reference
    _get_lc_monetary                          - Undefined Weak Reference
    _get_lc_numeric                           - Undefined Weak Reference
    _get_lc_time                              - Undefined Weak Reference
    _getenv_init                              - Undefined Weak Reference
    _handle_redirection                       - Undefined Weak Reference
    _init_alloc                               - Undefined Weak Reference
    _init_user_alloc                          - Undefined Weak Reference
    _initio                                   - Undefined Weak Reference
    _rand_init                                - Undefined Weak Reference
    _signal_finish                            - Undefined Weak Reference
    _signal_init                              - Undefined Weak Reference
    _terminate_alloc                          - Undefined Weak Reference
    _terminate_user_alloc                     - Undefined Weak Reference
    _terminateio                              - Undefined Weak Reference
    __Vectors_Size                           0x000000ec   Number         0  startup_stm32f10x_md.o ABSOLUTE
    __Vectors                                0x08000000   Data           4  startup_stm32f10x_md.o(RESET)
    __Vectors_End                            0x080000ec   Data           0  startup_stm32f10x_md.o(RESET)
    __main                                   0x080000ed   Thumb Code     8  __main.o(!!!main)
    __scatterload                            0x080000f5   Thumb Code     0  __scatter.o(!!!scatter)
    __scatterload_rt2                        0x080000f5   Thumb Code    44  __scatter.o(!!!scatter)
    __scatterload_rt2_thumb_only             0x080000f5   Thumb Code     0  __scatter.o(!!!scatter)
    __scatterload_null                       0x08000103   Thumb Code     0  __scatter.o(!!!scatter)
    __scatterload_copy                       0x08000129   Thumb Code    26  __scatter_copy.o(!!handler_copy)
    __scatterload_zeroinit                   0x08000145   Thumb Code    28  __scatter_zi.o(!!handler_zi)
    __rt_lib_init                            0x08000161   Thumb Code     0  libinit.o(.ARM.Collect$$libinit$$00000000)
    __rt_lib_init_alloca_1                   0x08000163   Thumb Code     0  libinit2.o(.ARM.Collect$$libinit$$0000002E)
    __rt_lib_init_argv_1                     0x08000163   Thumb Code     0  libinit2.o(.ARM.Collect$$libinit$$0000002C)
    __rt_lib_init_atexit_1                   0x08000163   Thumb Code     0  libinit2.o(.ARM.Collect$$libinit$$0000001B)
    __rt_lib_init_clock_1                    0x08000163   Thumb Code     0  libinit2.o(.ARM.Collect$$libinit$$00000021)
    __rt_lib_init_cpp_1                      0x08000163   Thumb Code     0  libinit2.o(.ARM.Collect$$libinit$$00000032)
    __rt_lib_init_exceptions_1               0x08000163   Thumb Code     0  libinit2.o(.ARM.Collect$$libinit$$00000030)
    __rt_lib_init_fp_1                       0x08000163   Thumb Code     0  libinit2.o(.ARM.Collect$$libinit$$00000002)
    __rt_lib_init_fp_trap_1                  0x08000163   Thumb Code     0  libinit2.o(.ARM.Collect$$libinit$$0000001F)
    __rt_lib_init_getenv_1                   0x08000163   Thumb Code     0  libinit2.o(.ARM.Collect$$libinit$$00000023)
    __rt_lib_init_heap_1                     0x08000163   Thumb Code     0  libinit2.o(.ARM.Collect$$libinit$$0000000A)
    __rt_lib_init_lc_collate_1               0x08000163   Thumb Code     0  libinit2.o(.ARM.Collect$$libinit$$00000011)
    __rt_lib_init_lc_ctype_1                 0x08000163   Thumb Code     0  libinit2.o(.ARM.Collect$$libinit$$00000013)
    __rt_lib_init_lc_monetary_1              0x08000163   Thumb Code     0  libinit2.o(.ARM.Collect$$libinit$$00000015)
    __rt_lib_init_lc_numeric_1               0x08000163   Thumb Code     0  libinit2.o(.ARM.Collect$$libinit$$00000017)
    __rt_lib_init_lc_time_1                  0x08000163   Thumb Code     0  libinit2.o(.ARM.Collect$$libinit$$00000019)
    __rt_lib_init_preinit_1                  0x08000163   Thumb Code     0  libinit2.o(.ARM.Collect$$libinit$$00000004)
    __rt_lib_init_rand_1                     0x08000163   Thumb Code     0  libinit2.o(.ARM.Collect$$libinit$$0000000E)
    __rt_lib_init_return                     0x08000163   Thumb Code     0  libinit2.o(.ARM.Collect$$libinit$$00000033)
    __rt_lib_init_signal_1                   0x08000163   Thumb Code     0  libinit2.o(.ARM.Collect$$libinit$$0000001D)
    __rt_lib_init_stdio_1                    0x08000163   Thumb Code     0  libinit2.o(.ARM.Collect$$libinit$$00000025)
    __rt_lib_init_user_alloc_1               0x08000163   Thumb Code     0  libinit2.o(.ARM.Collect$$libinit$$0000000C)
    __rt_lib_shutdown                        0x08000165   Thumb Code     0  libshutdown.o(.ARM.Collect$$libshutdown$$00000000)
    __rt_lib_shutdown_cpp_1                  0x08000167   Thumb Code     0  libshutdown2.o(.ARM.Collect$$libshutdown$$00000004)
    __rt_lib_shutdown_fini_1                 0x08000167   Thumb Code     0  libshutdown2.o(.ARM.Collect$$libshutdown$$00000002)
    __rt_lib_shutdown_fp_trap_1              0x08000167   Thumb Code     0  libshutdown2.o(.ARM.Collect$$libshutdown$$00000009)
    __rt_lib_shutdown_heap_1                 0x08000167   Thumb Code     0  libshutdown2.o(.ARM.Collect$$libshutdown$$00000011)
    __rt_lib_shutdown_return                 0x08000167   Thumb Code     0  libshutdown2.o(.ARM.Collect$$libshutdown$$00000012)
    __rt_lib_shutdown_signal_1               0x08000167   Thumb Code     0  libshutdown2.o(.ARM.Collect$$libshutdown$$0000000C)
    __rt_lib_shutdown_stdio_1                0x08000167   Thumb Code     0  libshutdown2.o(.ARM.Collect$$libshutdown$$00000006)
    __rt_lib_shutdown_user_alloc_1           0x08000167   Thumb Code     0  libshutdown2.o(.ARM.Collect$$libshutdown$$0000000E)
    __rt_entry                               0x08000169   Thumb Code     0  __rtentry.o(.ARM.Collect$$rtentry$$00000000)
    __rt_entry_presh_1                       0x08000169   Thumb Code     0  __rtentry2.o(.ARM.Collect$$rtentry$$00000002)
    __rt_entry_sh                            0x08000169   Thumb Code     0  __rtentry4.o(.ARM.Collect$$rtentry$$00000004)
    __rt_entry_li                            0x0800016f   Thumb Code     0  __rtentry2.o(.ARM.Collect$$rtentry$$0000000A)
    __rt_entry_postsh_1                      0x0800016f   Thumb Code     0  __rtentry2.o(.ARM.Collect$$rtentry$$00000009)
    __rt_entry_main                          0x08000173   Thumb Code     0  __rtentry2.o(.ARM.Collect$$rtentry$$0000000D)
    __rt_entry_postli_1                      0x08000173   Thumb Code     0  __rtentry2.o(.ARM.Collect$$rtentry$$0000000C)
    __rt_exit                                0x0800017b   Thumb Code     0  rtexit.o(.ARM.Collect$$rtexit$$00000000)
    __rt_exit_ls                             0x0800017d   Thumb Code     0  rtexit2.o(.ARM.Collect$$rtexit$$00000003)
    __rt_exit_prels_1                        0x0800017d   Thumb Code     0  rtexit2.o(.ARM.Collect$$rtexit$$00000002)
    __rt_exit_exit                           0x08000181   Thumb Code     0  rtexit2.o(.ARM.Collect$$rtexit$$00000004)
    Reset_Handler                            0x08000189   Thumb Code     8  startup_stm32f10x_md.o(.text)
    NMI_Handler                              0x08000191   Thumb Code     2  startup_stm32f10x_md.o(.text)
    HardFault_Handler                        0x08000193   Thumb Code     2  startup_stm32f10x_md.o(.text)
    MemManage_Handler                        0x08000195   Thumb Code     2  startup_stm32f10x_md.o(.text)
    BusFault_Handler                         0x08000197   Thumb Code     2  startup_stm32f10x_md.o(.text)
    UsageFault_Handler                       0x08000199   Thumb Code     2  startup_stm32f10x_md.o(.text)
    SVC_Handler                              0x0800019b   Thumb Code     2  startup_stm32f10x_md.o(.text)
    DebugMon_Handler                         0x0800019d   Thumb Code     2  startup_stm32f10x_md.o(.text)
    PendSV_Handler                           0x0800019f   Thumb Code     2  startup_stm32f10x_md.o(.text)
    ADC1_2_IRQHandler                        0x080001a3   Thumb Code     0  startup_stm32f10x_md.o(.text)
    CAN1_RX1_IRQHandler                      0x080001a3   Thumb Code     0  startup_stm32f10x_md.o(.text)
    CAN1_SCE_IRQHandler                      0x080001a3   Thumb Code     0  startup_stm32f10x_md.o(.text)
    DMA1_Channel1_IRQHandler                 0x080001a3   Thumb Code     0  startup_stm32f10x_md.o(.text)
    DMA1_Channel2_IRQHandler                 0x080001a3   Thumb Code     0  startup_stm32f10x_md.o(.text)
    DMA1_Channel3_IRQHandler                 0x080001a3   Thumb Code     0  startup_stm32f10x_md.o(.text)
    DMA1_Channel4_IRQHandler                 0x080001a3   Thumb Code     0  startup_stm32f10x_md.o(.text)
    DMA1_Channel5_IRQHandler                 0x080001a3   Thumb Code     0  startup_stm32f10x_md.o(.text)
    DMA1_Channel6_IRQHandler                 0x080001a3   Thumb Code     0  startup_stm32f10x_md.o(.text)
    DMA1_Channel7_IRQHandler                 0x080001a3   Thumb Code     0  startup_stm32f10x_md.o(.text)
    EXTI0_IRQHandler                         0x080001a3   Thumb Code     0  startup_stm32f10x_md.o(.text)
    EXTI15_10_IRQHandler                     0x080001a3   Thumb Code     0  startup_stm32f10x_md.o(.text)
    EXTI1_IRQHandler                         0x080001a3   Thumb Code     0  startup_stm32f10x_md.o(.text)
    EXTI2_IRQHandler                         0x080001a3   Thumb Code     0  startup_stm32f10x_md.o(.text)
    EXTI3_IRQHandler                         0x080001a3   Thumb Code     0  startup_stm32f10x_md.o(.text)
    EXTI4_IRQHandler                         0x080001a3   Thumb Code     0  startup_stm32f10x_md.o(.text)
    EXTI9_5_IRQHandler                       0x080001a3   Thumb Code     0  startup_stm32f10x_md.o(.text)
    FLASH_IRQHandler                         0x080001a3   Thumb Code     0  startup_stm32f10x_md.o(.text)
    I2C1_ER_IRQHandler                       0x080001a3   Thumb Code     0  startup_stm32f10x_md.o(.text)
    I2C1_EV_IRQHandler                       0x080001a3   Thumb Code     0  startup_stm32f10x_md.o(.text)
    I2C2_ER_IRQHandler                       0x080001a3   Thumb Code     0  startup_stm32f10x_md.o(.text)
    I2C2_EV_IRQHandler                       0x080001a3   Thumb Code     0  startup_stm32f10x_md.o(.text)
    PVD_IRQHandler                           0x080001a3   Thumb Code     0  startup_stm32f10x_md.o(.text)
    RCC_IRQHandler                           0x080001a3   Thumb Code     0  startup_stm32f10x_md.o(.text)
    RTCAlarm_IRQHandler                      0x080001a3   Thumb Code     0  startup_stm32f10x_md.o(.text)
    RTC_IRQHandler                           0x080001a3   Thumb Code     0  startup_stm32f10x_md.o(.text)
    SPI1_IRQHandler                          0x080001a3   Thumb Code     0  startup_stm32f10x_md.o(.text)
    SPI2_IRQHandler                          0x080001a3   Thumb Code     0  startup_stm32f10x_md.o(.text)
    TAMPER_IRQHandler                        0x080001a3   Thumb Code     0  startup_stm32f10x_md.o(.text)
    TIM1_BRK_IRQHandler                      0x080001a3   Thumb Code     0  startup_stm32f10x_md.o(.text)
    TIM1_CC_IRQHandler                       0x080001a3   Thumb Code     0  startup_stm32f10x_md.o(.text)
    TIM1_TRG_COM_IRQHandler                  0x080001a3   Thumb Code     0  startup_stm32f10x_md.o(.text)
    TIM1_UP_IRQHandler                       0x080001a3   Thumb Code     0  startup_stm32f10x_md.o(.text)
    TIM2_IRQHandler                          0x080001a3   Thumb Code     0  startup_stm32f10x_md.o(.text)
    TIM3_IRQHandler                          0x080001a3   Thumb Code     0  startup_stm32f10x_md.o(.text)
    TIM4_IRQHandler                          0x080001a3   Thumb Code     0  startup_stm32f10x_md.o(.text)
    USART1_IRQHandler                        0x080001a3   Thumb Code     0  startup_stm32f10x_md.o(.text)
    USART2_IRQHandler                        0x080001a3   Thumb Code     0  startup_stm32f10x_md.o(.text)
    USART3_IRQHandler                        0x080001a3   Thumb Code     0  startup_stm32f10x_md.o(.text)
    USBWakeUp_IRQHandler                     0x080001a3   Thumb Code     0  startup_stm32f10x_md.o(.text)
    USB_HP_CAN1_TX_IRQHandler                0x080001a3   Thumb Code     0  startup_stm32f10x_md.o(.text)
    USB_LP_CAN1_RX0_IRQHandler               0x080001a3   Thumb Code     0  startup_stm32f10x_md.o(.text)
    WWDG_IRQHandler                          0x080001a3   Thumb Code     0  startup_stm32f10x_md.o(.text)
    __user_initial_stackheap                 0x080001a5   Thumb Code     0  startup_stm32f10x_md.o(.text)
    strlen                                   0x080001c9   Thumb Code    62  strlen.o(.text)
    __aeabi_memset                           0x08000207   Thumb Code    16  aeabi_memset.o(.text)
    __use_two_region_memory                  0x08000217   Thumb Code     2  heapauxi.o(.text)
    __rt_heap_escrow$2region                 0x08000219   Thumb Code     2  heapauxi.o(.text)
    __rt_heap_expand$2region                 0x0800021b   Thumb Code     2  heapauxi.o(.text)
    __aeabi_memclr                           0x0800021d   Thumb Code     0  rt_memclr.o(.text)
    __rt_memclr                              0x0800021d   Thumb Code    68  rt_memclr.o(.text)
    _memset                                  0x08000221   Thumb Code     0  rt_memclr.o(.text)
    __aeabi_memclr4                          0x08000261   Thumb Code     0  rt_memclr_w.o(.text)
    __aeabi_memclr8                          0x08000261   Thumb Code     0  rt_memclr_w.o(.text)
    __rt_memclr_w                            0x08000261   Thumb Code    78  rt_memclr_w.o(.text)
    _memset_w                                0x08000265   Thumb Code     0  rt_memclr_w.o(.text)
    __user_setup_stackheap                   0x080002af   Thumb Code    74  sys_stackheap_outer.o(.text)
    exit                                     0x080002f9   Thumb Code    18  exit.o(.text)
    __user_libspace                          0x0800030d   Thumb Code     8  libspace.o(.text)
    __user_perproc_libspace                  0x0800030d   Thumb Code     0  libspace.o(.text)
    __user_perthread_libspace                0x0800030d   Thumb Code     0  libspace.o(.text)
    _sys_exit                                0x08000315   Thumb Code     8  sys_exit.o(.text)
    __I$use$semihosting                      0x08000321   Thumb Code     0  use_no_semi.o(.text)
    __use_no_semihosting_swi                 0x08000321   Thumb Code     2  use_no_semi.o(.text)
    __semihosting_library_function           0x08000323   Thumb Code     0  indicate_semi.o(.text)
    BME280_GetData                           0x080003a9   Thumb Code   298  bme280.o(i.BME280_GetData)
    BME280_Init                              0x080004e5   Thumb Code    46  bme280.o(i.BME280_Init)
    Clock_HSI_8MHz_Init                      0x0800057d   Thumb Code    70  clocks.o(i.Clock_HSI_8MHz_Init)
    Conv_IntegerToString                     0x080005d1   Thumb Code    68  conversions.o(i.Conv_IntegerToString)
    Conv_StringToInteger                     0x08000615   Thumb Code    48  conversions.o(i.Conv_StringToInteger)
    DMA_USART_Rx_Init                        0x08000649   Thumb Code    26  dma.o(i.DMA_USART_Rx_Init)
    DS3231_24HourFormat                      0x08000665   Thumb Code    40  ds3231.o(i.DS3231_24HourFormat)
    DS3231_GetTime                           0x08000691   Thumb Code   102  ds3231.o(i.DS3231_GetTime)
    DS3231_SetAlarm2                         0x080006fd   Thumb Code    60  ds3231.o(i.DS3231_SetAlarm2)
    DS3231_SetTime                           0x0800073d   Thumb Code    78  ds3231.o(i.DS3231_SetTime)
    Display_Bme280Data                       0x08000791   Thumb Code   138  display.o(i.Display_Bme280Data)
    Display_NodeData                         0x08000829   Thumb Code   236  display.o(i.Display_NodeData)
    Display_Threshold                        0x08000925   Thumb Code   430  display.o(i.Display_Threshold)
    EEPROM_GetData                           0x08000ae5   Thumb Code    72  eeprom24c16.o(i.EEPROM_GetData)
    EEPROM_ReadPage                          0x08000b2d   Thumb Code    70  eeprom24c16.o(i.EEPROM_ReadPage)
    EEPROM_StoreData                         0x08000b79   Thumb Code    72  eeprom24c16.o(i.EEPROM_StoreData)
    EEPROM_WritePage                         0x08000bc1   Thumb Code    76  eeprom24c16.o(i.EEPROM_WritePage)
    GPIO_InputInit                           0x08001221   Thumb Code    32  gpio.o(i.GPIO_InputInit)
    GPIO_InputRead                           0x08001241   Thumb Code    26  gpio.o(i.GPIO_InputRead)
    GPIO_MultipleInputInit                   0x0800125b   Thumb Code    28  gpio.o(i.GPIO_MultipleInputInit)
    GPIO_OutputClearMultiple                 0x08001277   Thumb Code     8  gpio.o(i.GPIO_OutputClearMultiple)
    GPIO_OutputInit                          0x0800127f   Thumb Code    26  gpio.o(i.GPIO_OutputInit)
    GPIO_OutputWrite                         0x08001299   Thumb Code    26  gpio.o(i.GPIO_OutputWrite)
    GPIO_OutputWriteMultiple                 0x080012b3   Thumb Code     8  gpio.o(i.GPIO_OutputWriteMultiple)
    GPIO_Reset                               0x080012bd   Thumb Code    74  gpio.o(i.GPIO_Reset)
    HC12_Init                                0x0800131d   Thumb Code    68  hc12.o(i.HC12_Init)
    HC12_RxBufferInit                        0x0800136d   Thumb Code    24  hc12.o(i.HC12_RxBufferInit)
    HC12_SetPinControl                       0x0800138d   Thumb Code    16  hc12.o(i.HC12_SetPinControl)
    HC12_TransmitBytes                       0x080013a1   Thumb Code    18  hc12.o(i.HC12_TransmitBytes)
    HMI_Execute                              0x080013b9   Thumb Code   212  hmi.o(i.HMI_Execute)
    HMI_Init                                 0x080014d5   Thumb Code    14  hmi.o(i.HMI_Init)
    I2C_Init                                 0x0800150d   Thumb Code    38  i2c.o(i.I2C_Init)
    I2C_Read2Bytes                           0x08001533   Thumb Code   170  i2c.o(i.I2C_Read2Bytes)
    I2C_ReadByte                             0x080015dd   Thumb Code   158  i2c.o(i.I2C_ReadByte)
    I2C_ReadMultiByte                        0x0800167d   Thumb Code   288  i2c.o(i.I2C_ReadMultiByte)
    I2C_Write                                0x080017a1   Thumb Code   100  i2c.o(i.I2C_Write)
    I2C_WriteByte                            0x08001805   Thumb Code   114  i2c.o(i.I2C_WriteByte)
    I2C_WriteMultiByte                       0x08001877   Thumb Code   130  i2c.o(i.I2C_WriteMultiByte)
    Keypad_GetChar                           0x080018f9   Thumb Code    64  keypad.o(i.Keypad_GetChar)
    Keypad_Init                              0x08001945   Thumb Code    46  keypad.o(i.Keypad_Init)
    Keypad_IsDigit                           0x08001981   Thumb Code    18  keypad.o(i.Keypad_IsDigit)
    Keypad_StrToInt                          0x080019b1   Thumb Code    46  keypad.o(i.Keypad_StrToInt)
    LCD_Clear                                0x080019df   Thumb Code    12  lcd.o(i.LCD_Clear)
    LCD_Init                                 0x080019ed   Thumb Code    74  lcd.o(i.LCD_Init)
    LCD_PrintChar                            0x08001a45   Thumb Code    14  lcd.o(i.LCD_PrintChar)
    LCD_PrintString                          0x08001a53   Thumb Code    24  lcd.o(i.LCD_PrintString)
    LCD_SetCursor                            0x08001a6d   Thumb Code    38  lcd.o(i.LCD_SetCursor)
    Master_EncodeTxData                      0x08001b2d   Thumb Code    12  communication.o(i.Master_EncodeTxData)
    Master_TransmitReceive                   0x08001b39   Thumb Code   138  communication.o(i.Master_TransmitReceive)
    PWR_ClearStandbyFlag                     0x08001bc9   Thumb Code    26  pwr.o(i.PWR_ClearStandbyFlag)
    PWR_GoToStandbyMode                      0x08001be9   Thumb Code    60  pwr.o(i.PWR_GoToStandbyMode)
    SysTick_DelayMs                          0x08001d61   Thumb Code    18  systick.o(i.SysTick_DelayMs)
    SysTick_GetTick                          0x08001d79   Thumb Code     6  systick.o(i.SysTick_GetTick)
    SysTick_Handler                          0x08001d85   Thumb Code    12  systick.o(i.SysTick_Handler)
    SysTick_Init                             0x08001d95   Thumb Code    26  systick.o(i.SysTick_Init)
    SystemInit                               0x08001db1   Thumb Code    78  system_stm32f10x.o(i.SystemInit)
    System_ClearStandbyFlag                  0x08001e11   Thumb Code     8  system.o(i.System_ClearStandbyFlag)
    System_GoToStandbyMode                   0x08001e19   Thumb Code     8  system.o(i.System_GoToStandbyMode)
    System_Init                              0x08001e21   Thumb Code    44  system.o(i.System_Init)
    System_Reset                             0x08001e55   Thumb Code    36  system.o(i.System_Reset)
    System_TimerDelayMs                      0x08001e81   Thumb Code    12  system.o(i.System_TimerDelayMs)
    System_TimerDoneCounting                 0x08001e8d   Thumb Code    48  system.o(i.System_TimerDoneCounting)
    System_TimerInit                         0x08001ebd   Thumb Code    10  system.o(i.System_TimerInit)
    USART_Init                               0x08001ec7   Thumb Code    92  uart.o(i.USART_Init)
    USART_TransmitBytes                      0x08001f23   Thumb Code    46  uart.o(i.USART_TransmitBytes)
    main                                     0x08001f51   Thumb Code   194  main.o(i.main)
    keypadRowPin                             0x0800207d   Data           4  keypad.o(.constdata)
    keypad                                   0x08002081   Data          16  keypad.o(.constdata)
    ddramAddr                                0x08002091   Data          32  lcd.o(.constdata)
    powerOfTen                               0x080020b4   Data          20  conversions.o(.constdata)
    Region$$Table$$Base                      0x080020c8   Number         0  anon$$obj.o(Region$$Table)
    Region$$Table$$Limit                     0x080020e8   Number         0  anon$$obj.o(Region$$Table)
    __libspace_start                         0x2000011c   Data          96  libspace.o(.bss)
    __temporary_stack_top$libspace           0x2000017c   Data           0  libspace.o(.bss)



==============================================================================

Memory Map of the image

  Image Entry point : 0x08000189

  Load Region LR_1 (Base: 0x08000000, Size: 0x000021a4, Max: 0xffffffff, ABSOLUTE)

    Execution Region ER_RO (Exec base: 0x08000000, Load base: 0x08000000, Size: 0x000020e8, Max: 0xffffffff, ABSOLUTE)

    Exec Addr    Load Addr    Size         Type   Attr      Idx    E Section Name        Object

    0x08000000   0x08000000   0x000000ec   Data   RO          937    RESET               startup_stm32f10x_md.o
    0x080000ec   0x080000ec   0x00000008   Code   RO          996  * !!!main             c_w.l(__main.o)
    0x080000f4   0x080000f4   0x00000034   Code   RO         1159    !!!scatter          c_w.l(__scatter.o)
    0x08000128   0x08000128   0x0000001a   Code   RO         1161    !!handler_copy      c_w.l(__scatter_copy.o)
    0x08000142   0x08000142   0x00000002   PAD
    0x08000144   0x08000144   0x0000001c   Code   RO         1163    !!handler_zi        c_w.l(__scatter_zi.o)
    0x08000160   0x08000160   0x00000002   Code   RO         1027    .ARM.Collect$$libinit$$00000000  c_w.l(libinit.o)
    0x08000162   0x08000162   0x00000000   Code   RO         1034    .ARM.Collect$$libinit$$00000002  c_w.l(libinit2.o)
    0x08000162   0x08000162   0x00000000   Code   RO         1036    .ARM.Collect$$libinit$$00000004  c_w.l(libinit2.o)
    0x08000162   0x08000162   0x00000000   Code   RO         1039    .ARM.Collect$$libinit$$0000000A  c_w.l(libinit2.o)
    0x08000162   0x08000162   0x00000000   Code   RO         1041    .ARM.Collect$$libinit$$0000000C  c_w.l(libinit2.o)
    0x08000162   0x08000162   0x00000000   Code   RO         1043    .ARM.Collect$$libinit$$0000000E  c_w.l(libinit2.o)
    0x08000162   0x08000162   0x00000000   Code   RO         1046    .ARM.Collect$$libinit$$00000011  c_w.l(libinit2.o)
    0x08000162   0x08000162   0x00000000   Code   RO         1048    .ARM.Collect$$libinit$$00000013  c_w.l(libinit2.o)
    0x08000162   0x08000162   0x00000000   Code   RO         1050    .ARM.Collect$$libinit$$00000015  c_w.l(libinit2.o)
    0x08000162   0x08000162   0x00000000   Code   RO         1052    .ARM.Collect$$libinit$$00000017  c_w.l(libinit2.o)
    0x08000162   0x08000162   0x00000000   Code   RO         1054    .ARM.Collect$$libinit$$00000019  c_w.l(libinit2.o)
    0x08000162   0x08000162   0x00000000   Code   RO         1056    .ARM.Collect$$libinit$$0000001B  c_w.l(libinit2.o)
    0x08000162   0x08000162   0x00000000   Code   RO         1058    .ARM.Collect$$libinit$$0000001D  c_w.l(libinit2.o)
    0x08000162   0x08000162   0x00000000   Code   RO         1060    .ARM.Collect$$libinit$$0000001F  c_w.l(libinit2.o)
    0x08000162   0x08000162   0x00000000   Code   RO         1062    .ARM.Collect$$libinit$$00000021  c_w.l(libinit2.o)
    0x08000162   0x08000162   0x00000000   Code   RO         1064    .ARM.Collect$$libinit$$00000023  c_w.l(libinit2.o)
    0x08000162   0x08000162   0x00000000   Code   RO         1066    .ARM.Collect$$libinit$$00000025  c_w.l(libinit2.o)
    0x08000162   0x08000162   0x00000000   Code   RO         1070    .ARM.Collect$$libinit$$0000002C  c_w.l(libinit2.o)
    0x08000162   0x08000162   0x00000000   Code   RO         1072    .ARM.Collect$$libinit$$0000002E  c_w.l(libinit2.o)
    0x08000162   0x08000162   0x00000000   Code   RO         1074    .ARM.Collect$$libinit$$00000030  c_w.l(libinit2.o)
    0x08000162   0x08000162   0x00000000   Code   RO         1076    .ARM.Collect$$libinit$$00000032  c_w.l(libinit2.o)
    0x08000162   0x08000162   0x00000002   Code   RO         1077    .ARM.Collect$$libinit$$00000033  c_w.l(libinit2.o)
    0x08000164   0x08000164   0x00000002   Code   RO         1097    .ARM.Collect$$libshutdown$$00000000  c_w.l(libshutdown.o)
    0x08000166   0x08000166   0x00000000   Code   RO         1110    .ARM.Collect$$libshutdown$$00000002  c_w.l(libshutdown2.o)
    0x08000166   0x08000166   0x00000000   Code   RO         1112    .ARM.Collect$$libshutdown$$00000004  c_w.l(libshutdown2.o)
    0x08000166   0x08000166   0x00000000   Code   RO         1114    .ARM.Collect$$libshutdown$$00000006  c_w.l(libshutdown2.o)
    0x08000166   0x08000166   0x00000000   Code   RO         1117    .ARM.Collect$$libshutdown$$00000009  c_w.l(libshutdown2.o)
    0x08000166   0x08000166   0x00000000   Code   RO         1120    .ARM.Collect$$libshutdown$$0000000C  c_w.l(libshutdown2.o)
    0x08000166   0x08000166   0x00000000   Code   RO         1122    .ARM.Collect$$libshutdown$$0000000E  c_w.l(libshutdown2.o)
    0x08000166   0x08000166   0x00000000   Code   RO         1125    .ARM.Collect$$libshutdown$$00000011  c_w.l(libshutdown2.o)
    0x08000166   0x08000166   0x00000002   Code   RO         1126    .ARM.Collect$$libshutdown$$00000012  c_w.l(libshutdown2.o)
    0x08000168   0x08000168   0x00000000   Code   RO          998    .ARM.Collect$$rtentry$$00000000  c_w.l(__rtentry.o)
    0x08000168   0x08000168   0x00000000   Code   RO         1002    .ARM.Collect$$rtentry$$00000002  c_w.l(__rtentry2.o)
    0x08000168   0x08000168   0x00000006   Code   RO         1014    .ARM.Collect$$rtentry$$00000004  c_w.l(__rtentry4.o)
    0x0800016e   0x0800016e   0x00000000   Code   RO         1004    .ARM.Collect$$rtentry$$00000009  c_w.l(__rtentry2.o)
    0x0800016e   0x0800016e   0x00000004   Code   RO         1005    .ARM.Collect$$rtentry$$0000000A  c_w.l(__rtentry2.o)
    0x08000172   0x08000172   0x00000000   Code   RO         1007    .ARM.Collect$$rtentry$$0000000C  c_w.l(__rtentry2.o)
    0x08000172   0x08000172   0x00000008   Code   RO         1008    .ARM.Collect$$rtentry$$0000000D  c_w.l(__rtentry2.o)
    0x0800017a   0x0800017a   0x00000002   Code   RO         1031    .ARM.Collect$$rtexit$$00000000  c_w.l(rtexit.o)
    0x0800017c   0x0800017c   0x00000000   Code   RO         1079    .ARM.Collect$$rtexit$$00000002  c_w.l(rtexit2.o)
    0x0800017c   0x0800017c   0x00000004   Code   RO         1080    .ARM.Collect$$rtexit$$00000003  c_w.l(rtexit2.o)
    0x08000180   0x08000180   0x00000006   Code   RO         1081    .ARM.Collect$$rtexit$$00000004  c_w.l(rtexit2.o)
    0x08000186   0x08000186   0x00000002   PAD
    0x08000188   0x08000188   0x00000040   Code   RO          938  * .text               startup_stm32f10x_md.o
    0x080001c8   0x080001c8   0x0000003e   Code   RO          990    .text               c_w.l(strlen.o)
    0x08000206   0x08000206   0x00000010   Code   RO          992    .text               c_w.l(aeabi_memset.o)
    0x08000216   0x08000216   0x00000006   Code   RO          994    .text               c_w.l(heapauxi.o)
    0x0800021c   0x0800021c   0x00000044   Code   RO          999    .text               c_w.l(rt_memclr.o)
    0x08000260   0x08000260   0x0000004e   Code   RO         1016    .text               c_w.l(rt_memclr_w.o)
    0x080002ae   0x080002ae   0x0000004a   Code   RO         1018    .text               c_w.l(sys_stackheap_outer.o)
    0x080002f8   0x080002f8   0x00000012   Code   RO         1020    .text               c_w.l(exit.o)
    0x0800030a   0x0800030a   0x00000002   PAD
    0x0800030c   0x0800030c   0x00000008   Code   RO         1028    .text               c_w.l(libspace.o)
    0x08000314   0x08000314   0x0000000c   Code   RO         1089    .text               c_w.l(sys_exit.o)
    0x08000320   0x08000320   0x00000002   Code   RO         1100    .text               c_w.l(use_no_semi.o)
    0x08000322   0x08000322   0x00000000   Code   RO         1102    .text               c_w.l(indicate_semi.o)
    0x08000322   0x08000322   0x00000002   PAD
    0x08000324   0x08000324   0x00000070   Code   RO          416    i.ActivateColumn    keypad.o
    0x08000394   0x08000394   0x00000014   Code   RO          241    i.BCDToHex          ds3231.o
    0x080003a8   0x080003a8   0x0000013c   Code   RO          173    i.BME280_GetData    bme280.o
    0x080004e4   0x080004e4   0x00000040   Code   RO          174    i.BME280_Init       bme280.o
    0x08000524   0x08000524   0x00000056   Code   RO          175    i.BME280_Store_Compensation_Parameters  bme280.o
    0x0800057a   0x0800057a   0x00000002   PAD
    0x0800057c   0x0800057c   0x00000054   Code   RO          603    i.Clock_HSI_8MHz_Init  clocks.o
    0x080005d0   0x080005d0   0x00000044   Code   RO          914    i.Conv_IntegerToString  conversions.o
    0x08000614   0x08000614   0x00000034   Code   RO          915    i.Conv_StringToInteger  conversions.o
    0x08000648   0x08000648   0x0000001a   Code   RO          629    i.DMA_USART_Rx_Init  dma.o
    0x08000662   0x08000662   0x00000002   PAD
    0x08000664   0x08000664   0x0000002c   Code   RO          243    i.DS3231_24HourFormat  ds3231.o
    0x08000690   0x08000690   0x0000006c   Code   RO          245    i.DS3231_GetTime    ds3231.o
    0x080006fc   0x080006fc   0x00000040   Code   RO          247    i.DS3231_SetAlarm2  ds3231.o
    0x0800073c   0x0800073c   0x00000054   Code   RO          248    i.DS3231_SetTime    ds3231.o
    0x08000790   0x08000790   0x00000098   Code   RO          119    i.Display_Bme280Data  display.o
    0x08000828   0x08000828   0x000000fc   Code   RO          120    i.Display_NodeData  display.o
    0x08000924   0x08000924   0x000001c0   Code   RO          121    i.Display_Threshold  display.o
    0x08000ae4   0x08000ae4   0x00000048   Code   RO          311    i.EEPROM_GetData    eeprom24c16.o
    0x08000b2c   0x08000b2c   0x0000004c   Code   RO          312    i.EEPROM_ReadPage   eeprom24c16.o
    0x08000b78   0x08000b78   0x00000048   Code   RO          313    i.EEPROM_StoreData  eeprom24c16.o
    0x08000bc0   0x08000bc0   0x00000050   Code   RO          314    i.EEPROM_WritePage  eeprom24c16.o
    0x08000c10   0x08000c10   0x00000040   Code   RO           53    i.FSM_DisplayBme280Data  hmi.o
    0x08000c50   0x08000c50   0x00000108   Code   RO           54    i.FSM_Humidity      hmi.o
    0x08000d58   0x08000d58   0x000001a8   Code   RO           55    i.FSM_IrrigTime     hmi.o
    0x08000f00   0x08000f00   0x00000110   Code   RO           56    i.FSM_Moisture      hmi.o
    0x08001010   0x08001010   0x000000d4   Code   RO           57    i.FSM_Node          hmi.o
    0x080010e4   0x080010e4   0x0000002c   Code   RO           58    i.FSM_StateTransition  hmi.o
    0x08001110   0x08001110   0x00000110   Code   RO           59    i.FSM_Temperature   hmi.o
    0x08001220   0x08001220   0x00000020   Code   RO          663    i.GPIO_InputInit    gpio.o
    0x08001240   0x08001240   0x0000001a   Code   RO          664    i.GPIO_InputRead    gpio.o
    0x0800125a   0x0800125a   0x0000001c   Code   RO          665    i.GPIO_MultipleInputInit  gpio.o
    0x08001276   0x08001276   0x00000008   Code   RO          666    i.GPIO_OutputClearMultiple  gpio.o
    0x0800127e   0x0800127e   0x0000001a   Code   RO          667    i.GPIO_OutputInit   gpio.o
    0x08001298   0x08001298   0x0000001a   Code   RO          669    i.GPIO_OutputWrite  gpio.o
    0x080012b2   0x080012b2   0x00000008   Code   RO          670    i.GPIO_OutputWriteMultiple  gpio.o
    0x080012ba   0x080012ba   0x00000002   PAD
    0x080012bc   0x080012bc   0x00000060   Code   RO          671    i.GPIO_Reset        gpio.o
    0x0800131c   0x0800131c   0x00000050   Code   RO          356    i.HC12_Init         hc12.o
    0x0800136c   0x0800136c   0x00000020   Code   RO          358    i.HC12_RxBufferInit  hc12.o
    0x0800138c   0x0800138c   0x00000014   Code   RO          359    i.HC12_SetPinControl  hc12.o
    0x080013a0   0x080013a0   0x00000018   Code   RO          361    i.HC12_TransmitBytes  hc12.o
    0x080013b8   0x080013b8   0x0000011c   Code   RO           60    i.HMI_Execute       hmi.o
    0x080014d4   0x080014d4   0x0000001c   Code   RO           61    i.HMI_Init          hmi.o
    0x080014f0   0x080014f0   0x0000001c   Code   RO          249    i.HexToBCD          ds3231.o
    0x0800150c   0x0800150c   0x00000026   Code   RO          735    i.I2C_Init          i2c.o
    0x08001532   0x08001532   0x000000aa   Code   RO          736    i.I2C_Read2Bytes    i2c.o
    0x080015dc   0x080015dc   0x0000009e   Code   RO          737    i.I2C_ReadByte      i2c.o
    0x0800167a   0x0800167a   0x00000002   PAD
    0x0800167c   0x0800167c   0x00000124   Code   RO          738    i.I2C_ReadMultiByte  i2c.o
    0x080017a0   0x080017a0   0x00000064   Code   RO          739    i.I2C_Write         i2c.o
    0x08001804   0x08001804   0x00000072   Code   RO          740    i.I2C_WriteByte     i2c.o
    0x08001876   0x08001876   0x00000082   Code   RO          741    i.I2C_WriteMultiByte  i2c.o
    0x080018f8   0x080018f8   0x0000004c   Code   RO          417    i.Keypad_GetChar    keypad.o
    0x08001944   0x08001944   0x0000003c   Code   RO          418    i.Keypad_Init       keypad.o
    0x08001980   0x08001980   0x00000012   Code   RO          419    i.Keypad_IsDigit    keypad.o
    0x08001992   0x08001992   0x0000001e   Code   RO          420    i.Keypad_StoreKeyPress  keypad.o
    0x080019b0   0x080019b0   0x0000002e   Code   RO          421    i.Keypad_StrToInt   keypad.o
    0x080019de   0x080019de   0x0000000c   Code   RO          471    i.LCD_Clear         lcd.o
    0x080019ea   0x080019ea   0x00000002   PAD
    0x080019ec   0x080019ec   0x00000058   Code   RO          472    i.LCD_Init          lcd.o
    0x08001a44   0x08001a44   0x0000000e   Code   RO          473    i.LCD_PrintChar     lcd.o
    0x08001a52   0x08001a52   0x00000018   Code   RO          474    i.LCD_PrintString   lcd.o
    0x08001a6a   0x08001a6a   0x00000002   PAD
    0x08001a6c   0x08001a6c   0x0000002c   Code   RO          475    i.LCD_SetCursor     lcd.o
    0x08001a98   0x08001a98   0x00000030   Code   RO          476    i.LCD_WriteByte     lcd.o
    0x08001ac8   0x08001ac8   0x00000064   Code   RO          477    i.LCD_WriteNibble   lcd.o
    0x08001b2c   0x08001b2c   0x0000000c   Code   RO          150    i.Master_EncodeTxData  communication.o
    0x08001b38   0x08001b38   0x00000090   Code   RO          151    i.Master_TransmitReceive  communication.o
    0x08001bc8   0x08001bc8   0x00000020   Code   RO          795    i.PWR_ClearStandbyFlag  pwr.o
    0x08001be8   0x08001be8   0x00000044   Code   RO          796    i.PWR_GoToStandbyMode  pwr.o
    0x08001c2c   0x08001c2c   0x00000020   Code   RO          122    i.RefreshRow        display.o
    0x08001c4c   0x08001c4c   0x0000002c   Code   RO           62    i.Reset_MasterToNodeData  hmi.o
    0x08001c78   0x08001c78   0x00000008   Code   RO          945    i.SetSysClock       system_stm32f10x.o
    0x08001c80   0x08001c80   0x000000e0   Code   RO          946    i.SetSysClockTo72   system_stm32f10x.o
    0x08001d60   0x08001d60   0x00000018   Code   RO          825    i.SysTick_DelayMs   systick.o
    0x08001d78   0x08001d78   0x0000000c   Code   RO          826    i.SysTick_GetTick   systick.o
    0x08001d84   0x08001d84   0x00000010   Code   RO          827    i.SysTick_Handler   systick.o
    0x08001d94   0x08001d94   0x0000001a   Code   RO          828    i.SysTick_Init      systick.o
    0x08001dae   0x08001dae   0x00000002   PAD
    0x08001db0   0x08001db0   0x00000060   Code   RO          948    i.SystemInit        system_stm32f10x.o
    0x08001e10   0x08001e10   0x00000008   Code   RO          533    i.System_ClearStandbyFlag  system.o
    0x08001e18   0x08001e18   0x00000008   Code   RO          534    i.System_GoToStandbyMode  system.o
    0x08001e20   0x08001e20   0x00000034   Code   RO          535    i.System_Init       system.o
    0x08001e54   0x08001e54   0x0000002c   Code   RO          536    i.System_Reset      system.o
    0x08001e80   0x08001e80   0x0000000c   Code   RO          537    i.System_TimerDelayMs  system.o
    0x08001e8c   0x08001e8c   0x00000030   Code   RO          538    i.System_TimerDoneCounting  system.o
    0x08001ebc   0x08001ebc   0x0000000a   Code   RO          539    i.System_TimerInit  system.o
    0x08001ec6   0x08001ec6   0x0000005c   Code   RO          869    i.USART_Init        uart.o
    0x08001f22   0x08001f22   0x0000002e   Code   RO          873    i.USART_TransmitBytes  uart.o
    0x08001f50   0x08001f50   0x00000110   Code   RO            1    i.main              main.o
    0x08002060   0x08002060   0x0000001d   Data   RO          123    .constdata          display.o
    0x0800207d   0x0800207d   0x00000014   Data   RO          422    .constdata          keypad.o
    0x08002091   0x08002091   0x00000020   Data   RO          478    .constdata          lcd.o
    0x080020b1   0x080020b1   0x00000003   PAD
    0x080020b4   0x080020b4   0x00000014   Data   RO          916    .constdata          conversions.o
    0x080020c8   0x080020c8   0x00000020   Data   RO         1157    Region$$Table       anon$$obj.o


    Execution Region ER_RW (Exec base: 0x20000000, Load base: 0x080020e8, Size: 0x000000bc, Max: 0xffffffff, ABSOLUTE)

    Exec Addr    Load Addr    Size         Type   Attr      Idx    E Section Name        Object

    0x20000000   0x080020e8   0x00000005   Data   RW            3    .data               main.o
    0x20000005   0x080020ed   0x00000003   PAD
    0x20000008   0x080020f0   0x00000040   Data   RW           63    .data               hmi.o
    0x20000048   0x08002130   0x00000006   Data   RW          124    .data               display.o
    0x2000004e   0x08002136   0x0000005a   Data   RW          152    .data               communication.o
    0x200000a8   0x08002190   0x0000000c   Data   RW          177    .data               bme280.o
    0x200000b4   0x0800219c   0x00000001   Data   RW          479    .data               lcd.o
    0x200000b5   0x0800219d   0x00000003   PAD
    0x200000b8   0x080021a0   0x00000004   Data   RW          829    .data               systick.o


    Execution Region ER_ZI (Exec base: 0x200000bc, Load base: 0x080021a4, Size: 0x000006c4, Max: 0xffffffff, ABSOLUTE)

    Exec Addr    Load Addr    Size         Type   Attr      Idx    E Section Name        Object

    0x200000bc        -       0x00000024   Zero   RW            2    .bss                main.o
    0x200000e0        -       0x0000003c   Zero   RW          176    .bss                bme280.o
    0x2000011c        -       0x00000060   Zero   RW         1029    .bss                c_w.l(libspace.o)
    0x2000017c   0x080021a4   0x00000004   PAD
    0x20000180        -       0x00000200   Zero   RW          936    HEAP                startup_stm32f10x_md.o
    0x20000380        -       0x00000400   Zero   RW          935    STACK               startup_stm32f10x_md.o


==============================================================================

Image component sizes


      Code (inc. data)   RO Data    RW Data    ZI Data      Debug   Object Name

       466         36          0         12         60     205207   bme280.o
        84         14          0          0          0        454   clocks.o
       156          6          0         90          0       2059   communication.o
       120          4         20          0          0       1979   conversions.o
       884         48         29          6          0       3568   display.o
        26          0          0          0          0       1132   dma.o
       348         20          0          0          0       3899   ds3231.o
       300         10          0          0          0       3413   eeprom24c16.o
       250         22          0          0          0       5139   gpio.o
       156         30          0          0          0       2534   hc12.o
      1908        388          0         64          0       7181   hmi.o
      1002          4          0          0          0       5520   i2c.o
       342         30         20          0          0       4376   keypad.o
       330         32         32          1          0       4797   lcd.o
       272         78          0          5         36       6915   main.o
       100         14          0          0          0        873   pwr.o
        64         26        236          0       1536        852   startup_stm32f10x_md.o
       182         16          0          0          0      28851   system.o
       328         28          0          0          0       2137   system_stm32f10x.o
        78         16          0          4          0       2381   systick.o
       138          0          0          0          0       1687   uart.o

    ----------------------------------------------------------------------
      7548        822        372        188       1632     294954   Object Totals
         0          0         32          0          0          0   (incl. Generated)
        14          0          3          6          0          0   (incl. Padding)

    ----------------------------------------------------------------------

      Code (inc. data)   RO Data    RW Data    ZI Data      Debug   Library Member Name

         8          0          0          0          0         68   __main.o
         0          0          0          0          0          0   __rtentry.o
        12          0          0          0          0          0   __rtentry2.o
         6          0          0          0          0          0   __rtentry4.o
        52          8          0          0          0          0   __scatter.o
        26          0          0          0          0          0   __scatter_copy.o
        28          0          0          0          0          0   __scatter_zi.o
        16          0          0          0          0         68   aeabi_memset.o
        18          0          0          0          0         80   exit.o
         6          0          0          0          0        152   heapauxi.o
         0          0          0          0          0          0   indicate_semi.o
         2          0          0          0          0          0   libinit.o
         2          0          0          0          0          0   libinit2.o
         2          0          0          0          0          0   libshutdown.o
         2          0          0          0          0          0   libshutdown2.o
         8          4          0          0         96         68   libspace.o
        68          0          0          0          0         68   rt_memclr.o
        78          0          0          0          0         80   rt_memclr_w.o
         2          0          0          0          0          0   rtexit.o
        10          0          0          0          0          0   rtexit2.o
        62          0          0          0          0         76   strlen.o
        12          4          0          0          0         68   sys_exit.o
        74          0          0          0          0         80   sys_stackheap_outer.o
         2          0          0          0          0         68   use_no_semi.o

    ----------------------------------------------------------------------
       504         16          0          0        100        876   Library Totals
         8          0          0          0          4          0   (incl. Padding)

    ----------------------------------------------------------------------

      Code (inc. data)   RO Data    RW Data    ZI Data      Debug   Library Name

       496         16          0          0         96        876   c_w.l

    ----------------------------------------------------------------------
       504         16          0          0        100        876   Library Totals

    ----------------------------------------------------------------------

==============================================================================


      Code (inc. data)   RO Data    RW Data    ZI Data      Debug   

      8052        838        372        188       1732     291302   Grand Totals
      8052        838        372        188       1732     291302   ELF Image Totals
      8052        838        372        188          0          0   ROM Totals

==============================================================================

    Total RO  Size (Code + RO Data)                 8424 (   8.23kB)
    Total RW  Size (RW Data + ZI Data)              1920 (   1.88kB)
    Total ROM Size (Code + RO Data + RW Data)       8612 (   8.41kB)

==============================================================================

