Component: ARM Compiler 5.06 update 7 (build 960) Tool: armlink [4d3601]

==============================================================================

Section Cross References

    main.o(i.main) refers to system.o(i.System_Init) for System_Init
    main.o(i.main) refers to cms.o(i.CMS_Init) for CMS_Init
    main.o(i.main) refers to solenoid.o(i.Solenoid_Init) for Solenoid_Init
    main.o(i.main) refers to hc12.o(i.HC12_Init) for HC12_Init
    main.o(i.main) refers to hc12.o(i.HC12_RxBufferInit) for HC12_RxBufferInit
    main.o(i.main) refers to hc12.o(i.HC12_SetPinControl) for HC12_SetPinControl
    main.o(i.main) refers to system.o(i.System_TimerDelayMs) for System_TimerDelayMs
    main.o(i.main) refers to hc12.o(i.HC12_TransmitBytes) for HC12_TransmitBytes
    main.o(i.main) refers to main.o(i.ClearBuffer) for ClearBuffer
    main.o(i.main) refers to ds3231.o(i.DS3231_24HourFormat) for DS3231_24HourFormat
    main.o(i.main) refers to ds3231.o(i.DS3231_SetTime) for DS3231_SetTime
    main.o(i.main) refers to ds3231.o(i.DS3231_SetAlarm2) for DS3231_SetAlarm2
    main.o(i.main) refers to system.o(i.System_TimerInit) for System_TimerInit
    main.o(i.main) refers to system.o(i.System_ClearStandbyFlag) for System_ClearStandbyFlag
    main.o(i.main) refers to hc12.o(i.HC12_RxBufferFull) for HC12_RxBufferFull
    main.o(i.main) refers to communication.o(i.Node_StoreRxData) for Node_StoreRxData
    main.o(i.main) refers to cms.o(i.CMS_GetMoisture) for CMS_GetMoisture
    main.o(i.main) refers to hc12.o(i.HC12_TransmitByte) for HC12_TransmitByte
    main.o(i.main) refers to system.o(i.System_Reset) for System_Reset
    main.o(i.main) refers to sensor.o(i.Sensor_GetLevel) for Sensor_GetLevel
    main.o(i.main) refers to irrigation.o(i.Irrigation_GetMethod) for Irrigation_GetMethod
    main.o(i.main) refers to solenoid.o(i.Solenoid_Control) for Solenoid_Control
    main.o(i.main) refers to hc12.o(i.HC12_IncompleteRxData) for HC12_IncompleteRxData
    main.o(i.main) refers to solenoid.o(i.Solenoid_IsOn) for Solenoid_IsOn
    main.o(i.main) refers to system.o(i.System_TimerDoneCounting) for System_TimerDoneCounting
    main.o(i.main) refers to ds3231.o(i.DS3231_GetTime) for DS3231_GetTime
    main.o(i.main) refers to system.o(i.System_GoToStandbyMode) for System_GoToStandbyMode
    main.o(i.main) refers to main.o(.bss) for nodeRx
    main.o(i.main) refers to main.o(.data) for soilMoisture
    irrigation.o(i.Irrigation_GetMethod) refers to irrigation.o(.constdata) for irrigMethod
    cms.o(i.CMS_GetMoisture) refers to adc.o(i.ADC_Read) for ADC_Read
    cms.o(i.CMS_Init) refers to adc.o(i.ADC_Init) for ADC_Init
    ds3231.o(i.DS3231_12HourFormat) refers to i2c.o(i.I2C_ReadByte) for I2C_ReadByte
    ds3231.o(i.DS3231_12HourFormat) refers to i2c.o(i.I2C_WriteByte) for I2C_WriteByte
    ds3231.o(i.DS3231_24HourFormat) refers to i2c.o(i.I2C_ReadByte) for I2C_ReadByte
    ds3231.o(i.DS3231_24HourFormat) refers to i2c.o(i.I2C_WriteByte) for I2C_WriteByte
    ds3231.o(i.DS3231_GetAlarm2_Status) refers to i2c.o(i.I2C_ReadByte) for I2C_ReadByte
    ds3231.o(i.DS3231_GetTime) refers to i2c.o(i.I2C_ReadMultiByte) for I2C_ReadMultiByte
    ds3231.o(i.DS3231_GetTime) refers to ds3231.o(i.BCDToHex) for BCDToHex
    ds3231.o(i.DS3231_ResetAlarm2) refers to i2c.o(i.I2C_ReadByte) for I2C_ReadByte
    ds3231.o(i.DS3231_ResetAlarm2) refers to i2c.o(i.I2C_WriteByte) for I2C_WriteByte
    ds3231.o(i.DS3231_SetAlarm2) refers to ds3231.o(i.HexToBCD) for HexToBCD
    ds3231.o(i.DS3231_SetAlarm2) refers to i2c.o(i.I2C_WriteMultiByte) for I2C_WriteMultiByte
    ds3231.o(i.DS3231_SetAlarm2) refers to i2c.o(i.I2C_WriteByte) for I2C_WriteByte
    ds3231.o(i.DS3231_SetTime) refers to ds3231.o(i.HexToBCD) for HexToBCD
    ds3231.o(i.DS3231_SetTime) refers to i2c.o(i.I2C_ReadByte) for I2C_ReadByte
    ds3231.o(i.DS3231_SetTime) refers to i2c.o(i.I2C_WriteMultiByte) for I2C_WriteMultiByte
    hc12.o(i.HC12_IncompleteRxData) refers to uart.o(i.USART_RxIdleLineDetected) for USART_RxIdleLineDetected
    hc12.o(i.HC12_Init) refers to gpio.o(i.GPIO_OutputInit) for GPIO_OutputInit
    hc12.o(i.HC12_Init) refers to gpio.o(i.GPIO_InputInit) for GPIO_InputInit
    hc12.o(i.HC12_Init) refers to gpio.o(i.GPIO_OutputWrite) for GPIO_OutputWrite
    hc12.o(i.HC12_Init) refers to uart.o(i.USART_Init) for USART_Init
    hc12.o(i.HC12_RxBufferFull) refers to dma.o(i.DMA_Rx_BufferFull) for DMA_Rx_BufferFull
    hc12.o(i.HC12_RxBufferInit) refers to dma.o(i.DMA_USART_Rx_Init) for DMA_USART_Rx_Init
    hc12.o(i.HC12_SetPinControl) refers to gpio.o(i.GPIO_OutputWrite) for GPIO_OutputWrite
    hc12.o(i.HC12_TransmitByte) refers to uart.o(i.USART_TransmitByte) for USART_TransmitByte
    hc12.o(i.HC12_TransmitBytes) refers to uart.o(i.USART_TransmitBytes) for USART_TransmitBytes
    solenoid.o(i.Solenoid_Control) refers to gpio.o(i.GPIO_OutputWrite) for GPIO_OutputWrite
    solenoid.o(i.Solenoid_Init) refers to gpio.o(i.GPIO_OutputInit) for GPIO_OutputInit
    solenoid.o(i.Solenoid_Init) refers to gpio.o(i.GPIO_OutputWrite) for GPIO_OutputWrite
    solenoid.o(i.Solenoid_IsOn) refers to gpio.o(i.GPIO_OutputRead) for GPIO_OutputRead
    system.o(i.System_ClearStandbyFlag) refers to pwr.o(i.PWR_ClearStandbyFlag) for PWR_ClearStandbyFlag
    system.o(i.System_GoToStandbyMode) refers to pwr.o(i.PWR_GoToStandbyMode) for PWR_GoToStandbyMode
    system.o(i.System_Init) refers to clocks.o(i.Clock_HSI_8MHz_Init) for Clock_HSI_8MHz_Init
    system.o(i.System_Init) refers to systick.o(i.SysTick_Init) for SysTick_Init
    system.o(i.System_Init) refers to gpio.o(i.GPIO_Reset) for GPIO_Reset
    system.o(i.System_Init) refers to gpio.o(i.GPIO_OutputInit) for GPIO_OutputInit
    system.o(i.System_Init) refers to i2c.o(i.I2C_Init) for I2C_Init
    system.o(i.System_TimerDelayMs) refers to systick.o(i.SysTick_DelayMs) for SysTick_DelayMs
    system.o(i.System_TimerDoneCounting) refers to systick.o(i.SysTick_GetTick) for SysTick_GetTick
    adc.o(i.ADC_Read) refers to systick.o(i.SysTick_DelayMs) for SysTick_DelayMs
    i2c.o(i.I2C_ReadMultiByte) refers to i2c.o(i.I2C_ReadByte) for I2C_ReadByte
    i2c.o(i.I2C_ReadMultiByte) refers to i2c.o(i.I2C_Read2Bytes) for I2C_Read2Bytes
    systick.o(i.SysTick_DelayMs) refers to systick.o(.data) for numberOfTicks
    systick.o(i.SysTick_GetTick) refers to systick.o(.data) for numberOfTicks
    systick.o(i.SysTick_Handler) refers to systick.o(.data) for numberOfTicks
    conversions.o(i.Conv_StringToInteger) refers to strlen.o(.text) for strlen
    conversions.o(i.Conv_StringToInteger) refers to conversions.o(.constdata) for powerOfTen
    startup_stm32f10x_md.o(STACK) refers (Special) to heapauxi.o(.text) for __use_two_region_memory
    startup_stm32f10x_md.o(HEAP) refers (Special) to heapauxi.o(.text) for __use_two_region_memory
    startup_stm32f10x_md.o(RESET) refers (Special) to heapauxi.o(.text) for __use_two_region_memory
    startup_stm32f10x_md.o(RESET) refers to startup_stm32f10x_md.o(STACK) for __initial_sp
    startup_stm32f10x_md.o(RESET) refers to startup_stm32f10x_md.o(.text) for Reset_Handler
    startup_stm32f10x_md.o(RESET) refers to systick.o(i.SysTick_Handler) for SysTick_Handler
    startup_stm32f10x_md.o(.text) refers (Special) to heapauxi.o(.text) for __use_two_region_memory
    startup_stm32f10x_md.o(.text) refers to system_stm32f10x.o(i.SystemInit) for SystemInit
    startup_stm32f10x_md.o(.text) refers to __main.o(!!!main) for __main
    startup_stm32f10x_md.o(.text) refers to startup_stm32f10x_md.o(HEAP) for Heap_Mem
    startup_stm32f10x_md.o(.text) refers to startup_stm32f10x_md.o(STACK) for Stack_Mem
    system_stm32f10x.o(i.SetSysClock) refers to system_stm32f10x.o(i.SetSysClockTo72) for SetSysClockTo72
    system_stm32f10x.o(i.SystemCoreClockUpdate) refers to system_stm32f10x.o(.data) for SystemCoreClock
    system_stm32f10x.o(i.SystemInit) refers to system_stm32f10x.o(i.SetSysClock) for SetSysClock
    __main.o(!!!main) refers to __rtentry.o(.ARM.Collect$$rtentry$$00000000) for __rt_entry
    __rtentry.o(.ARM.Collect$$rtentry$$00000000) refers (Special) to __rtentry2.o(.ARM.Collect$$rtentry$$0000000A) for __rt_entry_li
    __rtentry.o(.ARM.Collect$$rtentry$$00000000) refers (Special) to __rtentry2.o(.ARM.Collect$$rtentry$$0000000D) for __rt_entry_main
    __rtentry.o(.ARM.Collect$$rtentry$$00000000) refers (Special) to __rtentry2.o(.ARM.Collect$$rtentry$$0000000C) for __rt_entry_postli_1
    __rtentry.o(.ARM.Collect$$rtentry$$00000000) refers (Special) to __rtentry2.o(.ARM.Collect$$rtentry$$00000009) for __rt_entry_postsh_1
    __rtentry.o(.ARM.Collect$$rtentry$$00000000) refers (Special) to __rtentry2.o(.ARM.Collect$$rtentry$$00000002) for __rt_entry_presh_1
    __rtentry.o(.ARM.Collect$$rtentry$$00000000) refers (Special) to __rtentry4.o(.ARM.Collect$$rtentry$$00000004) for __rt_entry_sh
    __rtentry2.o(.ARM.Collect$$rtentry$$00000008) refers to boardinit2.o(.text) for _platform_post_stackheap_init
    __rtentry2.o(.ARM.Collect$$rtentry$$0000000A) refers to libinit.o(.ARM.Collect$$libinit$$00000000) for __rt_lib_init
    __rtentry2.o(.ARM.Collect$$rtentry$$0000000B) refers to boardinit3.o(.text) for _platform_post_lib_init
    __rtentry2.o(.ARM.Collect$$rtentry$$0000000D) refers to main.o(i.main) for main
    __rtentry2.o(.ARM.Collect$$rtentry$$0000000D) refers to exit.o(.text) for exit
    __rtentry2.o(.ARM.exidx) refers to __rtentry2.o(.ARM.Collect$$rtentry$$00000001) for .ARM.Collect$$rtentry$$00000001
    __rtentry2.o(.ARM.exidx) refers to __rtentry2.o(.ARM.Collect$$rtentry$$00000008) for .ARM.Collect$$rtentry$$00000008
    __rtentry2.o(.ARM.exidx) refers to __rtentry2.o(.ARM.Collect$$rtentry$$0000000A) for .ARM.Collect$$rtentry$$0000000A
    __rtentry2.o(.ARM.exidx) refers to __rtentry2.o(.ARM.Collect$$rtentry$$0000000B) for .ARM.Collect$$rtentry$$0000000B
    __rtentry2.o(.ARM.exidx) refers to __rtentry2.o(.ARM.Collect$$rtentry$$0000000D) for .ARM.Collect$$rtentry$$0000000D
    __rtentry4.o(.ARM.Collect$$rtentry$$00000004) refers to sys_stackheap_outer.o(.text) for __user_setup_stackheap
    __rtentry4.o(.ARM.exidx) refers to __rtentry4.o(.ARM.Collect$$rtentry$$00000004) for .ARM.Collect$$rtentry$$00000004
    sys_stackheap_outer.o(.text) refers to libspace.o(.text) for __user_perproc_libspace
    sys_stackheap_outer.o(.text) refers to startup_stm32f10x_md.o(.text) for __user_initial_stackheap
    exit.o(.text) refers to rtexit.o(.ARM.Collect$$rtexit$$00000000) for __rt_exit
    libinit.o(.ARM.Collect$$libinit$$00000000) refers (Special) to libinit2.o(.ARM.Collect$$libinit$$0000002E) for __rt_lib_init_alloca_1
    libinit.o(.ARM.Collect$$libinit$$00000000) refers (Special) to libinit2.o(.ARM.Collect$$libinit$$0000002C) for __rt_lib_init_argv_1
    libinit.o(.ARM.Collect$$libinit$$00000000) refers (Special) to libinit2.o(.ARM.Collect$$libinit$$0000001B) for __rt_lib_init_atexit_1
    libinit.o(.ARM.Collect$$libinit$$00000000) refers (Special) to libinit2.o(.ARM.Collect$$libinit$$00000021) for __rt_lib_init_clock_1
    libinit.o(.ARM.Collect$$libinit$$00000000) refers (Special) to libinit2.o(.ARM.Collect$$libinit$$00000032) for __rt_lib_init_cpp_1
    libinit.o(.ARM.Collect$$libinit$$00000000) refers (Special) to libinit2.o(.ARM.Collect$$libinit$$00000030) for __rt_lib_init_exceptions_1
    libinit.o(.ARM.Collect$$libinit$$00000000) refers (Special) to libinit2.o(.ARM.Collect$$libinit$$00000002) for __rt_lib_init_fp_1
    libinit.o(.ARM.Collect$$libinit$$00000000) refers (Special) to libinit2.o(.ARM.Collect$$libinit$$0000001F) for __rt_lib_init_fp_trap_1
    libinit.o(.ARM.Collect$$libinit$$00000000) refers (Special) to libinit2.o(.ARM.Collect$$libinit$$00000023) for __rt_lib_init_getenv_1
    libinit.o(.ARM.Collect$$libinit$$00000000) refers (Special) to libinit2.o(.ARM.Collect$$libinit$$0000000A) for __rt_lib_init_heap_1
    libinit.o(.ARM.Collect$$libinit$$00000000) refers (Special) to libinit2.o(.ARM.Collect$$libinit$$00000011) for __rt_lib_init_lc_collate_1
    libinit.o(.ARM.Collect$$libinit$$00000000) refers (Special) to libinit2.o(.ARM.Collect$$libinit$$00000013) for __rt_lib_init_lc_ctype_1
    libinit.o(.ARM.Collect$$libinit$$00000000) refers (Special) to libinit2.o(.ARM.Collect$$libinit$$00000015) for __rt_lib_init_lc_monetary_1
    libinit.o(.ARM.Collect$$libinit$$00000000) refers (Special) to libinit2.o(.ARM.Collect$$libinit$$00000017) for __rt_lib_init_lc_numeric_1
    libinit.o(.ARM.Collect$$libinit$$00000000) refers (Special) to libinit2.o(.ARM.Collect$$libinit$$00000019) for __rt_lib_init_lc_time_1
    libinit.o(.ARM.Collect$$libinit$$00000000) refers (Special) to libinit2.o(.ARM.Collect$$libinit$$00000004) for __rt_lib_init_preinit_1
    libinit.o(.ARM.Collect$$libinit$$00000000) refers (Special) to libinit2.o(.ARM.Collect$$libinit$$0000000E) for __rt_lib_init_rand_1
    libinit.o(.ARM.Collect$$libinit$$00000000) refers (Special) to libinit2.o(.ARM.Collect$$libinit$$00000033) for __rt_lib_init_return
    libinit.o(.ARM.Collect$$libinit$$00000000) refers (Special) to libinit2.o(.ARM.Collect$$libinit$$0000001D) for __rt_lib_init_signal_1
    libinit.o(.ARM.Collect$$libinit$$00000000) refers (Special) to libinit2.o(.ARM.Collect$$libinit$$00000025) for __rt_lib_init_stdio_1
    libinit.o(.ARM.Collect$$libinit$$00000000) refers (Special) to libinit2.o(.ARM.Collect$$libinit$$0000000C) for __rt_lib_init_user_alloc_1
    libspace.o(.text) refers to libspace.o(.bss) for __libspace_start
    rtexit.o(.ARM.Collect$$rtexit$$00000000) refers (Special) to rtexit2.o(.ARM.Collect$$rtexit$$00000004) for __rt_exit_exit
    rtexit.o(.ARM.Collect$$rtexit$$00000000) refers (Special) to rtexit2.o(.ARM.Collect$$rtexit$$00000003) for __rt_exit_ls
    rtexit.o(.ARM.Collect$$rtexit$$00000000) refers (Special) to rtexit2.o(.ARM.Collect$$rtexit$$00000002) for __rt_exit_prels_1
    rtexit.o(.ARM.exidx) refers (Special) to rtexit2.o(.ARM.Collect$$rtexit$$00000004) for __rt_exit_exit
    rtexit.o(.ARM.exidx) refers (Special) to rtexit2.o(.ARM.Collect$$rtexit$$00000003) for __rt_exit_ls
    rtexit.o(.ARM.exidx) refers (Special) to rtexit2.o(.ARM.Collect$$rtexit$$00000002) for __rt_exit_prels_1
    rtexit.o(.ARM.exidx) refers to rtexit.o(.ARM.Collect$$rtexit$$00000000) for .ARM.Collect$$rtexit$$00000000
    libinit2.o(.ARM.Collect$$libinit$$00000010) refers to libinit2.o(.ARM.Collect$$libinit$$0000000F) for .ARM.Collect$$libinit$$0000000F
    libinit2.o(.ARM.Collect$$libinit$$00000012) refers to libinit2.o(.ARM.Collect$$libinit$$0000000F) for .ARM.Collect$$libinit$$0000000F
    libinit2.o(.ARM.Collect$$libinit$$00000014) refers to libinit2.o(.ARM.Collect$$libinit$$0000000F) for .ARM.Collect$$libinit$$0000000F
    libinit2.o(.ARM.Collect$$libinit$$00000016) refers to libinit2.o(.ARM.Collect$$libinit$$0000000F) for .ARM.Collect$$libinit$$0000000F
    libinit2.o(.ARM.Collect$$libinit$$00000018) refers to libinit2.o(.ARM.Collect$$libinit$$0000000F) for .ARM.Collect$$libinit$$0000000F
    libinit2.o(.ARM.Collect$$libinit$$00000026) refers to argv_veneer.o(.emb_text) for __ARM_argv_veneer
    libinit2.o(.ARM.Collect$$libinit$$00000027) refers to argv_veneer.o(.emb_text) for __ARM_argv_veneer
    rtexit2.o(.ARM.Collect$$rtexit$$00000003) refers to libshutdown.o(.ARM.Collect$$libshutdown$$00000000) for __rt_lib_shutdown
    rtexit2.o(.ARM.Collect$$rtexit$$00000004) refers to sys_exit.o(.text) for _sys_exit
    rtexit2.o(.ARM.exidx) refers to rtexit2.o(.ARM.Collect$$rtexit$$00000001) for .ARM.Collect$$rtexit$$00000001
    rtexit2.o(.ARM.exidx) refers to rtexit2.o(.ARM.Collect$$rtexit$$00000003) for .ARM.Collect$$rtexit$$00000003
    rtexit2.o(.ARM.exidx) refers to rtexit2.o(.ARM.Collect$$rtexit$$00000004) for .ARM.Collect$$rtexit$$00000004
    argv_veneer.o(.emb_text) refers to no_argv.o(.text) for __ARM_get_argv
    sys_exit.o(.text) refers (Special) to use_no_semi.o(.text) for __I$use$semihosting
    sys_exit.o(.text) refers (Special) to indicate_semi.o(.text) for __semihosting_library_function
    _get_argv_nomalloc.o(.text) refers (Special) to hrguard.o(.text) for __heap_region$guard
    _get_argv_nomalloc.o(.text) refers to defsig_rtmem_outer.o(.text) for __rt_SIGRTMEM
    _get_argv_nomalloc.o(.text) refers to sys_command.o(.text) for _sys_command_string
    libshutdown.o(.ARM.Collect$$libshutdown$$00000000) refers (Special) to libshutdown2.o(.ARM.Collect$$libshutdown$$00000004) for __rt_lib_shutdown_cpp_1
    libshutdown.o(.ARM.Collect$$libshutdown$$00000000) refers (Special) to libshutdown2.o(.ARM.Collect$$libshutdown$$00000002) for __rt_lib_shutdown_fini_1
    libshutdown.o(.ARM.Collect$$libshutdown$$00000000) refers (Special) to libshutdown2.o(.ARM.Collect$$libshutdown$$00000009) for __rt_lib_shutdown_fp_trap_1
    libshutdown.o(.ARM.Collect$$libshutdown$$00000000) refers (Special) to libshutdown2.o(.ARM.Collect$$libshutdown$$00000011) for __rt_lib_shutdown_heap_1
    libshutdown.o(.ARM.Collect$$libshutdown$$00000000) refers (Special) to libshutdown2.o(.ARM.Collect$$libshutdown$$00000012) for __rt_lib_shutdown_return
    libshutdown.o(.ARM.Collect$$libshutdown$$00000000) refers (Special) to libshutdown2.o(.ARM.Collect$$libshutdown$$0000000C) for __rt_lib_shutdown_signal_1
    libshutdown.o(.ARM.Collect$$libshutdown$$00000000) refers (Special) to libshutdown2.o(.ARM.Collect$$libshutdown$$00000006) for __rt_lib_shutdown_stdio_1
    libshutdown.o(.ARM.Collect$$libshutdown$$00000000) refers (Special) to libshutdown2.o(.ARM.Collect$$libshutdown$$0000000E) for __rt_lib_shutdown_user_alloc_1
    sys_command.o(.text) refers (Special) to use_no_semi.o(.text) for __I$use$semihosting
    sys_command.o(.text) refers (Special) to indicate_semi.o(.text) for __semihosting_library_function
    defsig_rtmem_outer.o(.text) refers to defsig_rtmem_inner.o(.text) for __rt_SIGRTMEM_inner
    defsig_rtmem_outer.o(.text) refers to defsig_exit.o(.text) for __sig_exit
    defsig_rtmem_formal.o(.text) refers to rt_raise.o(.text) for __rt_raise
    rt_raise.o(.text) refers to __raise.o(.text) for __raise
    rt_raise.o(.text) refers to sys_exit.o(.text) for _sys_exit
    defsig_exit.o(.text) refers to sys_exit.o(.text) for _sys_exit
    defsig_rtmem_inner.o(.text) refers to defsig_general.o(.text) for __default_signal_display
    __raise.o(.text) refers to defsig.o(CL$$defsig) for __default_signal_handler
    defsig_general.o(.text) refers to sys_wrch.o(.text) for _ttywrch
    sys_wrch.o(.text) refers (Special) to use_no_semi.o(.text) for __I$use$semihosting
    sys_wrch.o(.text) refers (Special) to indicate_semi.o(.text) for __semihosting_library_function
    defsig.o(CL$$defsig) refers to defsig_rtmem_inner.o(.text) for __rt_SIGRTMEM_inner
    defsig_abrt_inner.o(.text) refers to defsig_general.o(.text) for __default_signal_display
    defsig_fpe_inner.o(.text) refers to defsig_general.o(.text) for __default_signal_display
    defsig_rtred_inner.o(.text) refers to defsig_general.o(.text) for __default_signal_display
    defsig_stak_inner.o(.text) refers to defsig_general.o(.text) for __default_signal_display
    defsig_pvfn_inner.o(.text) refers to defsig_general.o(.text) for __default_signal_display
    defsig_cppl_inner.o(.text) refers to defsig_general.o(.text) for __default_signal_display
    defsig_segv_inner.o(.text) refers to defsig_general.o(.text) for __default_signal_display
    defsig_other.o(.text) refers to defsig_general.o(.text) for __default_signal_display


==============================================================================

Removing Unused input sections from the image.

    Removing communication.o(.rev16_text), (4 bytes).
    Removing communication.o(.revsh_text), (4 bytes).
    Removing communication.o(.rrx_text), (6 bytes).
    Removing cms.o(.rev16_text), (4 bytes).
    Removing cms.o(.revsh_text), (4 bytes).
    Removing cms.o(.rrx_text), (6 bytes).
    Removing ds3231.o(.rev16_text), (4 bytes).
    Removing ds3231.o(.revsh_text), (4 bytes).
    Removing ds3231.o(.rrx_text), (6 bytes).
    Removing ds3231.o(i.DS3231_12HourFormat), (72 bytes).
    Removing ds3231.o(i.DS3231_GetAlarm2_Status), (32 bytes).
    Removing ds3231.o(i.DS3231_ResetAlarm2), (44 bytes).
    Removing hc12.o(.rev16_text), (4 bytes).
    Removing hc12.o(.revsh_text), (4 bytes).
    Removing hc12.o(.rrx_text), (6 bytes).
    Removing solenoid.o(.rev16_text), (4 bytes).
    Removing solenoid.o(.revsh_text), (4 bytes).
    Removing solenoid.o(.rrx_text), (6 bytes).
    Removing system.o(.rev16_text), (4 bytes).
    Removing system.o(.revsh_text), (4 bytes).
    Removing system.o(.rrx_text), (6 bytes).
    Removing adc.o(.rev16_text), (4 bytes).
    Removing adc.o(.revsh_text), (4 bytes).
    Removing adc.o(.rrx_text), (6 bytes).
    Removing clocks.o(.rev16_text), (4 bytes).
    Removing clocks.o(.revsh_text), (4 bytes).
    Removing clocks.o(.rrx_text), (6 bytes).
    Removing dma.o(.rev16_text), (4 bytes).
    Removing dma.o(.revsh_text), (4 bytes).
    Removing dma.o(.rrx_text), (6 bytes).
    Removing dma.o(i.DMA_Rx_CNDTR), (8 bytes).
    Removing gpio.o(.rev16_text), (4 bytes).
    Removing gpio.o(.revsh_text), (4 bytes).
    Removing gpio.o(.rrx_text), (6 bytes).
    Removing gpio.o(i.GPIO_InputRead), (26 bytes).
    Removing gpio.o(i.GPIO_OutputClearMultiple), (8 bytes).
    Removing gpio.o(i.GPIO_OutputWriteMultiple), (8 bytes).
    Removing i2c.o(.rev16_text), (4 bytes).
    Removing i2c.o(.revsh_text), (4 bytes).
    Removing i2c.o(.rrx_text), (6 bytes).
    Removing pwr.o(.rev16_text), (4 bytes).
    Removing pwr.o(.revsh_text), (4 bytes).
    Removing pwr.o(.rrx_text), (6 bytes).
    Removing systick.o(.rev16_text), (4 bytes).
    Removing systick.o(.revsh_text), (4 bytes).
    Removing systick.o(.rrx_text), (6 bytes).
    Removing uart.o(.rev16_text), (4 bytes).
    Removing uart.o(.revsh_text), (4 bytes).
    Removing uart.o(.rrx_text), (6 bytes).
    Removing conversions.o(i.Conv_IntegerToString), (68 bytes).
    Removing conversions.o(i.Conv_StringToInteger), (52 bytes).
    Removing conversions.o(.constdata), (20 bytes).
    Removing system_stm32f10x.o(.rev16_text), (4 bytes).
    Removing system_stm32f10x.o(.revsh_text), (4 bytes).
    Removing system_stm32f10x.o(.rrx_text), (6 bytes).
    Removing system_stm32f10x.o(i.SystemCoreClockUpdate), (164 bytes).
    Removing system_stm32f10x.o(.data), (20 bytes).

57 unused section(s) (total 732 bytes) removed from the image.

==============================================================================

Image Symbol Table

    Local Symbols

    Symbol Name                              Value     Ov Type        Size  Object(Section)

    ../clib/angel/boardlib.s                 0x00000000   Number         0  boardshut.o ABSOLUTE
    ../clib/angel/boardlib.s                 0x00000000   Number         0  boardinit2.o ABSOLUTE
    ../clib/angel/boardlib.s                 0x00000000   Number         0  boardinit3.o ABSOLUTE
    ../clib/angel/boardlib.s                 0x00000000   Number         0  boardinit1.o ABSOLUTE
    ../clib/angel/handlers.s                 0x00000000   Number         0  __scatter_zi.o ABSOLUTE
    ../clib/angel/handlers.s                 0x00000000   Number         0  __scatter_copy.o ABSOLUTE
    ../clib/angel/kernel.s                   0x00000000   Number         0  rtexit.o ABSOLUTE
    ../clib/angel/kernel.s                   0x00000000   Number         0  rtexit2.o ABSOLUTE
    ../clib/angel/kernel.s                   0x00000000   Number         0  __rtentry4.o ABSOLUTE
    ../clib/angel/kernel.s                   0x00000000   Number         0  __rtentry2.o ABSOLUTE
    ../clib/angel/kernel.s                   0x00000000   Number         0  __rtentry.o ABSOLUTE
    ../clib/angel/rt.s                       0x00000000   Number         0  rt_raise.o ABSOLUTE
    ../clib/angel/scatter.s                  0x00000000   Number         0  __scatter.o ABSOLUTE
    ../clib/angel/startup.s                  0x00000000   Number         0  __main.o ABSOLUTE
    ../clib/angel/sys.s                      0x00000000   Number         0  sys_stackheap_outer.o ABSOLUTE
    ../clib/angel/sys.s                      0x00000000   Number         0  libspace.o ABSOLUTE
    ../clib/angel/sys.s                      0x00000000   Number         0  use_no_semi.o ABSOLUTE
    ../clib/angel/sys.s                      0x00000000   Number         0  indicate_semi.o ABSOLUTE
    ../clib/angel/sysapp.c                   0x00000000   Number         0  sys_command.o ABSOLUTE
    ../clib/angel/sysapp.c                   0x00000000   Number         0  sys_wrch.o ABSOLUTE
    ../clib/angel/sysapp.c                   0x00000000   Number         0  sys_exit.o ABSOLUTE
    ../clib/armsys.c                         0x00000000   Number         0  no_argv.o ABSOLUTE
    ../clib/armsys.c                         0x00000000   Number         0  _get_argv_nomalloc.o ABSOLUTE
    ../clib/armsys.c                         0x00000000   Number         0  argv_veneer.o ABSOLUTE
    ../clib/armsys.c                         0x00000000   Number         0  argv_veneer.o ABSOLUTE
    ../clib/heapalloc.c                      0x00000000   Number         0  hrguard.o ABSOLUTE
    ../clib/heapaux.c                        0x00000000   Number         0  heapauxi.o ABSOLUTE
    ../clib/libinit.s                        0x00000000   Number         0  libinit.o ABSOLUTE
    ../clib/libinit.s                        0x00000000   Number         0  libinit2.o ABSOLUTE
    ../clib/libinit.s                        0x00000000   Number         0  libshutdown2.o ABSOLUTE
    ../clib/libinit.s                        0x00000000   Number         0  libshutdown.o ABSOLUTE
    ../clib/signal.c                         0x00000000   Number         0  defsig_exit.o ABSOLUTE
    ../clib/signal.c                         0x00000000   Number         0  defsig_rtmem_formal.o ABSOLUTE
    ../clib/signal.c                         0x00000000   Number         0  defsig_general.o ABSOLUTE
    ../clib/signal.c                         0x00000000   Number         0  defsig_rtmem_outer.o ABSOLUTE
    ../clib/signal.c                         0x00000000   Number         0  defsig_stak_inner.o ABSOLUTE
    ../clib/signal.c                         0x00000000   Number         0  defsig_other.o ABSOLUTE
    ../clib/signal.c                         0x00000000   Number         0  defsig_segv_inner.o ABSOLUTE
    ../clib/signal.c                         0x00000000   Number         0  defsig_cppl_inner.o ABSOLUTE
    ../clib/signal.c                         0x00000000   Number         0  defsig_pvfn_inner.o ABSOLUTE
    ../clib/signal.c                         0x00000000   Number         0  __raise.o ABSOLUTE
    ../clib/signal.c                         0x00000000   Number         0  defsig_rtred_inner.o ABSOLUTE
    ../clib/signal.c                         0x00000000   Number         0  defsig_fpe_inner.o ABSOLUTE
    ../clib/signal.c                         0x00000000   Number         0  defsig_abrt_inner.o ABSOLUTE
    ../clib/signal.c                         0x00000000   Number         0  defsig_rtmem_inner.o ABSOLUTE
    ../clib/signal.s                         0x00000000   Number         0  defsig.o ABSOLUTE
    ../clib/stdlib.c                         0x00000000   Number         0  exit.o ABSOLUTE
    ../clib/string.c                         0x00000000   Number         0  strlen.o ABSOLUTE
    ../fplib/fpinit.s                        0x00000000   Number         0  fpinit.o ABSOLUTE
    RTE\Device\STM32F103C8\startup_stm32f10x_md.s 0x00000000   Number         0  startup_stm32f10x_md.o ABSOLUTE
    RTE\Device\STM32F103C8\system_stm32f10x.c 0x00000000   Number         0  system_stm32f10x.o ABSOLUTE
    RTE\\Device\\STM32F103C8\\system_stm32f10x.c 0x00000000   Number         0  system_stm32f10x.o ABSOLUTE
    adc.c                                    0x00000000   Number         0  adc.o ABSOLUTE
    adc.c                                    0x00000000   Number         0  adc.o ABSOLUTE
    clocks.c                                 0x00000000   Number         0  clocks.o ABSOLUTE
    clocks.c                                 0x00000000   Number         0  clocks.o ABSOLUTE
    cms.c                                    0x00000000   Number         0  cms.o ABSOLUTE
    cms.c                                    0x00000000   Number         0  cms.o ABSOLUTE
    communication.c                          0x00000000   Number         0  communication.o ABSOLUTE
    communication.c                          0x00000000   Number         0  communication.o ABSOLUTE
    conversions.c                            0x00000000   Number         0  conversions.o ABSOLUTE
    dc.s                                     0x00000000   Number         0  dc.o ABSOLUTE
    dma.c                                    0x00000000   Number         0  dma.o ABSOLUTE
    dma.c                                    0x00000000   Number         0  dma.o ABSOLUTE
    ds3231.c                                 0x00000000   Number         0  ds3231.o ABSOLUTE
    ds3231.c                                 0x00000000   Number         0  ds3231.o ABSOLUTE
    gpio.c                                   0x00000000   Number         0  gpio.o ABSOLUTE
    gpio.c                                   0x00000000   Number         0  gpio.o ABSOLUTE
    hc12.c                                   0x00000000   Number         0  hc12.o ABSOLUTE
    hc12.c                                   0x00000000   Number         0  hc12.o ABSOLUTE
    i2c.c                                    0x00000000   Number         0  i2c.o ABSOLUTE
    i2c.c                                    0x00000000   Number         0  i2c.o ABSOLUTE
    irrigation.c                             0x00000000   Number         0  irrigation.o ABSOLUTE
    main.c                                   0x00000000   Number         0  main.o ABSOLUTE
    pwr.c                                    0x00000000   Number         0  pwr.o ABSOLUTE
    pwr.c                                    0x00000000   Number         0  pwr.o ABSOLUTE
    sensor.c                                 0x00000000   Number         0  sensor.o ABSOLUTE
    solenoid.c                               0x00000000   Number         0  solenoid.o ABSOLUTE
    solenoid.c                               0x00000000   Number         0  solenoid.o ABSOLUTE
    system.c                                 0x00000000   Number         0  system.o ABSOLUTE
    system.c                                 0x00000000   Number         0  system.o ABSOLUTE
    systick.c                                0x00000000   Number         0  systick.o ABSOLUTE
    systick.c                                0x00000000   Number         0  systick.o ABSOLUTE
    uart.c                                   0x00000000   Number         0  uart.o ABSOLUTE
    uart.c                                   0x00000000   Number         0  uart.o ABSOLUTE
    RESET                                    0x08000000   Section      236  startup_stm32f10x_md.o(RESET)
    !!!main                                  0x080000ec   Section        8  __main.o(!!!main)
    !!!scatter                               0x080000f4   Section       52  __scatter.o(!!!scatter)
    !!handler_copy                           0x08000128   Section       26  __scatter_copy.o(!!handler_copy)
    !!handler_zi                             0x08000144   Section       28  __scatter_zi.o(!!handler_zi)
    .ARM.Collect$$libinit$$00000000          0x08000160   Section        2  libinit.o(.ARM.Collect$$libinit$$00000000)
    .ARM.Collect$$libinit$$00000002          0x08000162   Section        0  libinit2.o(.ARM.Collect$$libinit$$00000002)
    .ARM.Collect$$libinit$$00000004          0x08000162   Section        0  libinit2.o(.ARM.Collect$$libinit$$00000004)
    .ARM.Collect$$libinit$$0000000A          0x08000162   Section        0  libinit2.o(.ARM.Collect$$libinit$$0000000A)
    .ARM.Collect$$libinit$$0000000C          0x08000162   Section        0  libinit2.o(.ARM.Collect$$libinit$$0000000C)
    .ARM.Collect$$libinit$$0000000E          0x08000162   Section        0  libinit2.o(.ARM.Collect$$libinit$$0000000E)
    .ARM.Collect$$libinit$$00000011          0x08000162   Section        0  libinit2.o(.ARM.Collect$$libinit$$00000011)
    .ARM.Collect$$libinit$$00000013          0x08000162   Section        0  libinit2.o(.ARM.Collect$$libinit$$00000013)
    .ARM.Collect$$libinit$$00000015          0x08000162   Section        0  libinit2.o(.ARM.Collect$$libinit$$00000015)
    .ARM.Collect$$libinit$$00000017          0x08000162   Section        0  libinit2.o(.ARM.Collect$$libinit$$00000017)
    .ARM.Collect$$libinit$$00000019          0x08000162   Section        0  libinit2.o(.ARM.Collect$$libinit$$00000019)
    .ARM.Collect$$libinit$$0000001B          0x08000162   Section        0  libinit2.o(.ARM.Collect$$libinit$$0000001B)
    .ARM.Collect$$libinit$$0000001D          0x08000162   Section        0  libinit2.o(.ARM.Collect$$libinit$$0000001D)
    .ARM.Collect$$libinit$$0000001F          0x08000162   Section        0  libinit2.o(.ARM.Collect$$libinit$$0000001F)
    .ARM.Collect$$libinit$$00000021          0x08000162   Section        0  libinit2.o(.ARM.Collect$$libinit$$00000021)
    .ARM.Collect$$libinit$$00000023          0x08000162   Section        0  libinit2.o(.ARM.Collect$$libinit$$00000023)
    .ARM.Collect$$libinit$$00000025          0x08000162   Section        0  libinit2.o(.ARM.Collect$$libinit$$00000025)
    .ARM.Collect$$libinit$$0000002C          0x08000162   Section        0  libinit2.o(.ARM.Collect$$libinit$$0000002C)
    .ARM.Collect$$libinit$$0000002E          0x08000162   Section        0  libinit2.o(.ARM.Collect$$libinit$$0000002E)
    .ARM.Collect$$libinit$$00000030          0x08000162   Section        0  libinit2.o(.ARM.Collect$$libinit$$00000030)
    .ARM.Collect$$libinit$$00000032          0x08000162   Section        0  libinit2.o(.ARM.Collect$$libinit$$00000032)
    .ARM.Collect$$libinit$$00000033          0x08000162   Section        2  libinit2.o(.ARM.Collect$$libinit$$00000033)
    .ARM.Collect$$libshutdown$$00000000      0x08000164   Section        2  libshutdown.o(.ARM.Collect$$libshutdown$$00000000)
    .ARM.Collect$$libshutdown$$00000002      0x08000166   Section        0  libshutdown2.o(.ARM.Collect$$libshutdown$$00000002)
    .ARM.Collect$$libshutdown$$00000004      0x08000166   Section        0  libshutdown2.o(.ARM.Collect$$libshutdown$$00000004)
    .ARM.Collect$$libshutdown$$00000006      0x08000166   Section        0  libshutdown2.o(.ARM.Collect$$libshutdown$$00000006)
    .ARM.Collect$$libshutdown$$00000009      0x08000166   Section        0  libshutdown2.o(.ARM.Collect$$libshutdown$$00000009)
    .ARM.Collect$$libshutdown$$0000000C      0x08000166   Section        0  libshutdown2.o(.ARM.Collect$$libshutdown$$0000000C)
    .ARM.Collect$$libshutdown$$0000000E      0x08000166   Section        0  libshutdown2.o(.ARM.Collect$$libshutdown$$0000000E)
    .ARM.Collect$$libshutdown$$00000011      0x08000166   Section        0  libshutdown2.o(.ARM.Collect$$libshutdown$$00000011)
    .ARM.Collect$$libshutdown$$00000012      0x08000166   Section        2  libshutdown2.o(.ARM.Collect$$libshutdown$$00000012)
    .ARM.Collect$$rtentry$$00000000          0x08000168   Section        0  __rtentry.o(.ARM.Collect$$rtentry$$00000000)
    .ARM.Collect$$rtentry$$00000002          0x08000168   Section        0  __rtentry2.o(.ARM.Collect$$rtentry$$00000002)
    .ARM.Collect$$rtentry$$00000004          0x08000168   Section        6  __rtentry4.o(.ARM.Collect$$rtentry$$00000004)
    .ARM.Collect$$rtentry$$00000009          0x0800016e   Section        0  __rtentry2.o(.ARM.Collect$$rtentry$$00000009)
    .ARM.Collect$$rtentry$$0000000A          0x0800016e   Section        4  __rtentry2.o(.ARM.Collect$$rtentry$$0000000A)
    .ARM.Collect$$rtentry$$0000000C          0x08000172   Section        0  __rtentry2.o(.ARM.Collect$$rtentry$$0000000C)
    .ARM.Collect$$rtentry$$0000000D          0x08000172   Section        8  __rtentry2.o(.ARM.Collect$$rtentry$$0000000D)
    .ARM.Collect$$rtexit$$00000000           0x0800017a   Section        2  rtexit.o(.ARM.Collect$$rtexit$$00000000)
    .ARM.Collect$$rtexit$$00000002           0x0800017c   Section        0  rtexit2.o(.ARM.Collect$$rtexit$$00000002)
    .ARM.Collect$$rtexit$$00000003           0x0800017c   Section        4  rtexit2.o(.ARM.Collect$$rtexit$$00000003)
    .ARM.Collect$$rtexit$$00000004           0x08000180   Section        6  rtexit2.o(.ARM.Collect$$rtexit$$00000004)
    .text                                    0x08000188   Section       64  startup_stm32f10x_md.o(.text)
    .text                                    0x080001c8   Section        0  heapauxi.o(.text)
    .text                                    0x080001ce   Section       74  sys_stackheap_outer.o(.text)
    .text                                    0x08000218   Section        0  exit.o(.text)
    .text                                    0x0800022c   Section        8  libspace.o(.text)
    .text                                    0x08000234   Section        0  sys_exit.o(.text)
    .text                                    0x08000240   Section        2  use_no_semi.o(.text)
    .text                                    0x08000242   Section        0  indicate_semi.o(.text)
    i.ADC_Init                               0x08000242   Section        0  adc.o(i.ADC_Init)
    i.ADC_Read                               0x0800025e   Section        0  adc.o(i.ADC_Read)
    i.BCDToHex                               0x080002b4   Section        0  ds3231.o(i.BCDToHex)
    BCDToHex                                 0x080002b5   Thumb Code    20  ds3231.o(i.BCDToHex)
    i.CMS_GetMoisture                        0x080002c8   Section        0  cms.o(i.CMS_GetMoisture)
    i.CMS_Init                               0x08000304   Section        0  cms.o(i.CMS_Init)
    i.ClearBuffer                            0x08000318   Section        0  main.o(i.ClearBuffer)
    ClearBuffer                              0x08000319   Thumb Code    20  main.o(i.ClearBuffer)
    i.Clock_HSI_8MHz_Init                    0x0800032c   Section        0  clocks.o(i.Clock_HSI_8MHz_Init)
    i.DMA_Rx_BufferFull                      0x08000378   Section        0  dma.o(i.DMA_Rx_BufferFull)
    i.DMA_USART_Rx_Init                      0x080003a4   Section        0  dma.o(i.DMA_USART_Rx_Init)
    i.DS3231_24HourFormat                    0x080003c0   Section        0  ds3231.o(i.DS3231_24HourFormat)
    i.DS3231_GetTime                         0x080003ec   Section        0  ds3231.o(i.DS3231_GetTime)
    i.DS3231_SetAlarm2                       0x08000458   Section        0  ds3231.o(i.DS3231_SetAlarm2)
    i.DS3231_SetTime                         0x08000498   Section        0  ds3231.o(i.DS3231_SetTime)
    i.GPIO_InputInit                         0x080004ec   Section        0  gpio.o(i.GPIO_InputInit)
    i.GPIO_OutputInit                        0x0800050c   Section        0  gpio.o(i.GPIO_OutputInit)
    i.GPIO_OutputRead                        0x08000526   Section        0  gpio.o(i.GPIO_OutputRead)
    i.GPIO_OutputWrite                       0x08000540   Section        0  gpio.o(i.GPIO_OutputWrite)
    i.GPIO_Reset                             0x0800055c   Section        0  gpio.o(i.GPIO_Reset)
    i.HC12_IncompleteRxData                  0x080005bc   Section        0  hc12.o(i.HC12_IncompleteRxData)
    i.HC12_Init                              0x080005d4   Section        0  hc12.o(i.HC12_Init)
    i.HC12_RxBufferFull                      0x08000624   Section        0  hc12.o(i.HC12_RxBufferFull)
    i.HC12_RxBufferInit                      0x08000634   Section        0  hc12.o(i.HC12_RxBufferInit)
    i.HC12_SetPinControl                     0x08000654   Section        0  hc12.o(i.HC12_SetPinControl)
    i.HC12_TransmitByte                      0x08000668   Section        0  hc12.o(i.HC12_TransmitByte)
    i.HC12_TransmitBytes                     0x0800067c   Section        0  hc12.o(i.HC12_TransmitBytes)
    i.HexToBCD                               0x08000694   Section        0  ds3231.o(i.HexToBCD)
    HexToBCD                                 0x08000695   Thumb Code    28  ds3231.o(i.HexToBCD)
    i.I2C_Init                               0x080006b0   Section        0  i2c.o(i.I2C_Init)
    i.I2C_Read2Bytes                         0x080006d6   Section        0  i2c.o(i.I2C_Read2Bytes)
    i.I2C_ReadByte                           0x08000780   Section        0  i2c.o(i.I2C_ReadByte)
    i.I2C_ReadMultiByte                      0x08000820   Section        0  i2c.o(i.I2C_ReadMultiByte)
    i.I2C_WriteByte                          0x08000944   Section        0  i2c.o(i.I2C_WriteByte)
    i.I2C_WriteMultiByte                     0x080009b6   Section        0  i2c.o(i.I2C_WriteMultiByte)
    i.Irrigation_GetMethod                   0x08000a38   Section        0  irrigation.o(i.Irrigation_GetMethod)
    i.Node_StoreRxData                       0x08000a64   Section        0  communication.o(i.Node_StoreRxData)
    i.PWR_ClearStandbyFlag                   0x08000a9c   Section        0  pwr.o(i.PWR_ClearStandbyFlag)
    i.PWR_GoToStandbyMode                    0x08000abc   Section        0  pwr.o(i.PWR_GoToStandbyMode)
    i.Sensor_GetLevel                        0x08000b00   Section        0  sensor.o(i.Sensor_GetLevel)
    i.SetSysClock                            0x08000b1e   Section        0  system_stm32f10x.o(i.SetSysClock)
    SetSysClock                              0x08000b1f   Thumb Code     8  system_stm32f10x.o(i.SetSysClock)
    i.SetSysClockTo72                        0x08000b28   Section        0  system_stm32f10x.o(i.SetSysClockTo72)
    SetSysClockTo72                          0x08000b29   Thumb Code   214  system_stm32f10x.o(i.SetSysClockTo72)
    i.Solenoid_Control                       0x08000c08   Section        0  solenoid.o(i.Solenoid_Control)
    i.Solenoid_Init                          0x08000c1c   Section        0  solenoid.o(i.Solenoid_Init)
    i.Solenoid_IsOn                          0x08000c3c   Section        0  solenoid.o(i.Solenoid_IsOn)
    i.SysTick_DelayMs                        0x08000c4c   Section        0  systick.o(i.SysTick_DelayMs)
    i.SysTick_GetTick                        0x08000c64   Section        0  systick.o(i.SysTick_GetTick)
    i.SysTick_Handler                        0x08000c70   Section        0  systick.o(i.SysTick_Handler)
    i.SysTick_Init                           0x08000c80   Section        0  systick.o(i.SysTick_Init)
    i.SystemInit                             0x08000c9c   Section        0  system_stm32f10x.o(i.SystemInit)
    i.System_ClearStandbyFlag                0x08000cfc   Section        0  system.o(i.System_ClearStandbyFlag)
    i.System_GoToStandbyMode                 0x08000d04   Section        0  system.o(i.System_GoToStandbyMode)
    i.System_Init                            0x08000d0c   Section        0  system.o(i.System_Init)
    i.System_Reset                           0x08000d40   Section        0  system.o(i.System_Reset)
    i.System_TimerDelayMs                    0x08000d6c   Section        0  system.o(i.System_TimerDelayMs)
    i.System_TimerDoneCounting               0x08000d78   Section        0  system.o(i.System_TimerDoneCounting)
    i.System_TimerInit                       0x08000da8   Section        0  system.o(i.System_TimerInit)
    i.USART_Init                             0x08000db2   Section        0  uart.o(i.USART_Init)
    i.USART_RxIdleLineDetected               0x08000e0e   Section        0  uart.o(i.USART_RxIdleLineDetected)
    i.USART_TransmitByte                     0x08000e2a   Section        0  uart.o(i.USART_TransmitByte)
    i.USART_TransmitBytes                    0x08000e3a   Section        0  uart.o(i.USART_TransmitBytes)
    i.main                                   0x08000e68   Section        0  main.o(i.main)
    .constdata                               0x08001020   Section       27  irrigation.o(.constdata)
    .data                                    0x20000000   Section        5  main.o(.data)
    rtc                                      0x20000000   Data           4  main.o(.data)
    soilMoisture                             0x20000004   Data           1  main.o(.data)
    .data                                    0x20000008   Section        4  systick.o(.data)
    numberOfTicks                            0x20000008   Data           4  systick.o(.data)
    .bss                                     0x2000000c   Section       52  main.o(.bss)
    nodeRx                                   0x2000000c   Data          26  main.o(.bss)
    irrigTimer                               0x20000028   Data          12  main.o(.bss)
    rtcTimer                                 0x20000034   Data          12  main.o(.bss)
    .bss                                     0x20000040   Section       96  libspace.o(.bss)
    HEAP                                     0x200000a0   Section      512  startup_stm32f10x_md.o(HEAP)
    Heap_Mem                                 0x200000a0   Data         512  startup_stm32f10x_md.o(HEAP)
    STACK                                    0x200002a0   Section     1024  startup_stm32f10x_md.o(STACK)
    Stack_Mem                                0x200002a0   Data        1024  startup_stm32f10x_md.o(STACK)
    __initial_sp                             0x200006a0   Data           0  startup_stm32f10x_md.o(STACK)

    Global Symbols

    Symbol Name                              Value     Ov Type        Size  Object(Section)

    BuildAttributes$$THM_ISAv4$P$D$K$B$S$PE$A:L22UL41UL21$X:L11$S22US41US21$IEEE1$IW$USESV6$~STKCKD$USESV7$~SHL$OSPACE$ROPI$EBA8$UX$STANDARDLIB$REQ8$PRES8$EABIv2 0x00000000   Number         0  anon$$obj.o ABSOLUTE
    __ARM_use_no_argv                        0x00000000   Number         0  main.o ABSOLUTE
    __ARM_exceptions_init                     - Undefined Weak Reference
    __alloca_initialize                       - Undefined Weak Reference
    __arm_fini_                               - Undefined Weak Reference
    __arm_preinit_                            - Undefined Weak Reference
    __cpp_initialize__aeabi_                  - Undefined Weak Reference
    __cxa_finalize                            - Undefined Weak Reference
    __rt_locale                               - Undefined Weak Reference
    __sigvec_lookup                           - Undefined Weak Reference
    _atexit_init                              - Undefined Weak Reference
    _call_atexit_fns                          - Undefined Weak Reference
    _clock_init                               - Undefined Weak Reference
    _fp_trap_init                             - Undefined Weak Reference
    _fp_trap_shutdown                         - Undefined Weak Reference
    _get_lc_collate                           - Undefined Weak Reference
    _get_lc_ctype                             - Undefined Weak Reference
    _get_lc_monetary                          - Undefined Weak Reference
    _get_lc_numeric                           - Undefined Weak Reference
    _get_lc_time                              - Undefined Weak Reference
    _getenv_init                              - Undefined Weak Reference
    _handle_redirection                       - Undefined Weak Reference
    _init_alloc                               - Undefined Weak Reference
    _init_user_alloc                          - Undefined Weak Reference
    _initio                                   - Undefined Weak Reference
    _rand_init                                - Undefined Weak Reference
    _signal_finish                            - Undefined Weak Reference
    _signal_init                              - Undefined Weak Reference
    _terminate_alloc                          - Undefined Weak Reference
    _terminate_user_alloc                     - Undefined Weak Reference
    _terminateio                              - Undefined Weak Reference
    __Vectors_Size                           0x000000ec   Number         0  startup_stm32f10x_md.o ABSOLUTE
    __Vectors                                0x08000000   Data           4  startup_stm32f10x_md.o(RESET)
    __Vectors_End                            0x080000ec   Data           0  startup_stm32f10x_md.o(RESET)
    __main                                   0x080000ed   Thumb Code     8  __main.o(!!!main)
    __scatterload                            0x080000f5   Thumb Code     0  __scatter.o(!!!scatter)
    __scatterload_rt2                        0x080000f5   Thumb Code    44  __scatter.o(!!!scatter)
    __scatterload_rt2_thumb_only             0x080000f5   Thumb Code     0  __scatter.o(!!!scatter)
    __scatterload_null                       0x08000103   Thumb Code     0  __scatter.o(!!!scatter)
    __scatterload_copy                       0x08000129   Thumb Code    26  __scatter_copy.o(!!handler_copy)
    __scatterload_zeroinit                   0x08000145   Thumb Code    28  __scatter_zi.o(!!handler_zi)
    __rt_lib_init                            0x08000161   Thumb Code     0  libinit.o(.ARM.Collect$$libinit$$00000000)
    __rt_lib_init_alloca_1                   0x08000163   Thumb Code     0  libinit2.o(.ARM.Collect$$libinit$$0000002E)
    __rt_lib_init_argv_1                     0x08000163   Thumb Code     0  libinit2.o(.ARM.Collect$$libinit$$0000002C)
    __rt_lib_init_atexit_1                   0x08000163   Thumb Code     0  libinit2.o(.ARM.Collect$$libinit$$0000001B)
    __rt_lib_init_clock_1                    0x08000163   Thumb Code     0  libinit2.o(.ARM.Collect$$libinit$$00000021)
    __rt_lib_init_cpp_1                      0x08000163   Thumb Code     0  libinit2.o(.ARM.Collect$$libinit$$00000032)
    __rt_lib_init_exceptions_1               0x08000163   Thumb Code     0  libinit2.o(.ARM.Collect$$libinit$$00000030)
    __rt_lib_init_fp_1                       0x08000163   Thumb Code     0  libinit2.o(.ARM.Collect$$libinit$$00000002)
    __rt_lib_init_fp_trap_1                  0x08000163   Thumb Code     0  libinit2.o(.ARM.Collect$$libinit$$0000001F)
    __rt_lib_init_getenv_1                   0x08000163   Thumb Code     0  libinit2.o(.ARM.Collect$$libinit$$00000023)
    __rt_lib_init_heap_1                     0x08000163   Thumb Code     0  libinit2.o(.ARM.Collect$$libinit$$0000000A)
    __rt_lib_init_lc_collate_1               0x08000163   Thumb Code     0  libinit2.o(.ARM.Collect$$libinit$$00000011)
    __rt_lib_init_lc_ctype_1                 0x08000163   Thumb Code     0  libinit2.o(.ARM.Collect$$libinit$$00000013)
    __rt_lib_init_lc_monetary_1              0x08000163   Thumb Code     0  libinit2.o(.ARM.Collect$$libinit$$00000015)
    __rt_lib_init_lc_numeric_1               0x08000163   Thumb Code     0  libinit2.o(.ARM.Collect$$libinit$$00000017)
    __rt_lib_init_lc_time_1                  0x08000163   Thumb Code     0  libinit2.o(.ARM.Collect$$libinit$$00000019)
    __rt_lib_init_preinit_1                  0x08000163   Thumb Code     0  libinit2.o(.ARM.Collect$$libinit$$00000004)
    __rt_lib_init_rand_1                     0x08000163   Thumb Code     0  libinit2.o(.ARM.Collect$$libinit$$0000000E)
    __rt_lib_init_return                     0x08000163   Thumb Code     0  libinit2.o(.ARM.Collect$$libinit$$00000033)
    __rt_lib_init_signal_1                   0x08000163   Thumb Code     0  libinit2.o(.ARM.Collect$$libinit$$0000001D)
    __rt_lib_init_stdio_1                    0x08000163   Thumb Code     0  libinit2.o(.ARM.Collect$$libinit$$00000025)
    __rt_lib_init_user_alloc_1               0x08000163   Thumb Code     0  libinit2.o(.ARM.Collect$$libinit$$0000000C)
    __rt_lib_shutdown                        0x08000165   Thumb Code     0  libshutdown.o(.ARM.Collect$$libshutdown$$00000000)
    __rt_lib_shutdown_cpp_1                  0x08000167   Thumb Code     0  libshutdown2.o(.ARM.Collect$$libshutdown$$00000004)
    __rt_lib_shutdown_fini_1                 0x08000167   Thumb Code     0  libshutdown2.o(.ARM.Collect$$libshutdown$$00000002)
    __rt_lib_shutdown_fp_trap_1              0x08000167   Thumb Code     0  libshutdown2.o(.ARM.Collect$$libshutdown$$00000009)
    __rt_lib_shutdown_heap_1                 0x08000167   Thumb Code     0  libshutdown2.o(.ARM.Collect$$libshutdown$$00000011)
    __rt_lib_shutdown_return                 0x08000167   Thumb Code     0  libshutdown2.o(.ARM.Collect$$libshutdown$$00000012)
    __rt_lib_shutdown_signal_1               0x08000167   Thumb Code     0  libshutdown2.o(.ARM.Collect$$libshutdown$$0000000C)
    __rt_lib_shutdown_stdio_1                0x08000167   Thumb Code     0  libshutdown2.o(.ARM.Collect$$libshutdown$$00000006)
    __rt_lib_shutdown_user_alloc_1           0x08000167   Thumb Code     0  libshutdown2.o(.ARM.Collect$$libshutdown$$0000000E)
    __rt_entry                               0x08000169   Thumb Code     0  __rtentry.o(.ARM.Collect$$rtentry$$00000000)
    __rt_entry_presh_1                       0x08000169   Thumb Code     0  __rtentry2.o(.ARM.Collect$$rtentry$$00000002)
    __rt_entry_sh                            0x08000169   Thumb Code     0  __rtentry4.o(.ARM.Collect$$rtentry$$00000004)
    __rt_entry_li                            0x0800016f   Thumb Code     0  __rtentry2.o(.ARM.Collect$$rtentry$$0000000A)
    __rt_entry_postsh_1                      0x0800016f   Thumb Code     0  __rtentry2.o(.ARM.Collect$$rtentry$$00000009)
    __rt_entry_main                          0x08000173   Thumb Code     0  __rtentry2.o(.ARM.Collect$$rtentry$$0000000D)
    __rt_entry_postli_1                      0x08000173   Thumb Code     0  __rtentry2.o(.ARM.Collect$$rtentry$$0000000C)
    __rt_exit                                0x0800017b   Thumb Code     0  rtexit.o(.ARM.Collect$$rtexit$$00000000)
    __rt_exit_ls                             0x0800017d   Thumb Code     0  rtexit2.o(.ARM.Collect$$rtexit$$00000003)
    __rt_exit_prels_1                        0x0800017d   Thumb Code     0  rtexit2.o(.ARM.Collect$$rtexit$$00000002)
    __rt_exit_exit                           0x08000181   Thumb Code     0  rtexit2.o(.ARM.Collect$$rtexit$$00000004)
    Reset_Handler                            0x08000189   Thumb Code     8  startup_stm32f10x_md.o(.text)
    NMI_Handler                              0x08000191   Thumb Code     2  startup_stm32f10x_md.o(.text)
    HardFault_Handler                        0x08000193   Thumb Code     2  startup_stm32f10x_md.o(.text)
    MemManage_Handler                        0x08000195   Thumb Code     2  startup_stm32f10x_md.o(.text)
    BusFault_Handler                         0x08000197   Thumb Code     2  startup_stm32f10x_md.o(.text)
    UsageFault_Handler                       0x08000199   Thumb Code     2  startup_stm32f10x_md.o(.text)
    SVC_Handler                              0x0800019b   Thumb Code     2  startup_stm32f10x_md.o(.text)
    DebugMon_Handler                         0x0800019d   Thumb Code     2  startup_stm32f10x_md.o(.text)
    PendSV_Handler                           0x0800019f   Thumb Code     2  startup_stm32f10x_md.o(.text)
    ADC1_2_IRQHandler                        0x080001a3   Thumb Code     0  startup_stm32f10x_md.o(.text)
    CAN1_RX1_IRQHandler                      0x080001a3   Thumb Code     0  startup_stm32f10x_md.o(.text)
    CAN1_SCE_IRQHandler                      0x080001a3   Thumb Code     0  startup_stm32f10x_md.o(.text)
    DMA1_Channel1_IRQHandler                 0x080001a3   Thumb Code     0  startup_stm32f10x_md.o(.text)
    DMA1_Channel2_IRQHandler                 0x080001a3   Thumb Code     0  startup_stm32f10x_md.o(.text)
    DMA1_Channel3_IRQHandler                 0x080001a3   Thumb Code     0  startup_stm32f10x_md.o(.text)
    DMA1_Channel4_IRQHandler                 0x080001a3   Thumb Code     0  startup_stm32f10x_md.o(.text)
    DMA1_Channel5_IRQHandler                 0x080001a3   Thumb Code     0  startup_stm32f10x_md.o(.text)
    DMA1_Channel6_IRQHandler                 0x080001a3   Thumb Code     0  startup_stm32f10x_md.o(.text)
    DMA1_Channel7_IRQHandler                 0x080001a3   Thumb Code     0  startup_stm32f10x_md.o(.text)
    EXTI0_IRQHandler                         0x080001a3   Thumb Code     0  startup_stm32f10x_md.o(.text)
    EXTI15_10_IRQHandler                     0x080001a3   Thumb Code     0  startup_stm32f10x_md.o(.text)
    EXTI1_IRQHandler                         0x080001a3   Thumb Code     0  startup_stm32f10x_md.o(.text)
    EXTI2_IRQHandler                         0x080001a3   Thumb Code     0  startup_stm32f10x_md.o(.text)
    EXTI3_IRQHandler                         0x080001a3   Thumb Code     0  startup_stm32f10x_md.o(.text)
    EXTI4_IRQHandler                         0x080001a3   Thumb Code     0  startup_stm32f10x_md.o(.text)
    EXTI9_5_IRQHandler                       0x080001a3   Thumb Code     0  startup_stm32f10x_md.o(.text)
    FLASH_IRQHandler                         0x080001a3   Thumb Code     0  startup_stm32f10x_md.o(.text)
    I2C1_ER_IRQHandler                       0x080001a3   Thumb Code     0  startup_stm32f10x_md.o(.text)
    I2C1_EV_IRQHandler                       0x080001a3   Thumb Code     0  startup_stm32f10x_md.o(.text)
    I2C2_ER_IRQHandler                       0x080001a3   Thumb Code     0  startup_stm32f10x_md.o(.text)
    I2C2_EV_IRQHandler                       0x080001a3   Thumb Code     0  startup_stm32f10x_md.o(.text)
    PVD_IRQHandler                           0x080001a3   Thumb Code     0  startup_stm32f10x_md.o(.text)
    RCC_IRQHandler                           0x080001a3   Thumb Code     0  startup_stm32f10x_md.o(.text)
    RTCAlarm_IRQHandler                      0x080001a3   Thumb Code     0  startup_stm32f10x_md.o(.text)
    RTC_IRQHandler                           0x080001a3   Thumb Code     0  startup_stm32f10x_md.o(.text)
    SPI1_IRQHandler                          0x080001a3   Thumb Code     0  startup_stm32f10x_md.o(.text)
    SPI2_IRQHandler                          0x080001a3   Thumb Code     0  startup_stm32f10x_md.o(.text)
    TAMPER_IRQHandler                        0x080001a3   Thumb Code     0  startup_stm32f10x_md.o(.text)
    TIM1_BRK_IRQHandler                      0x080001a3   Thumb Code     0  startup_stm32f10x_md.o(.text)
    TIM1_CC_IRQHandler                       0x080001a3   Thumb Code     0  startup_stm32f10x_md.o(.text)
    TIM1_TRG_COM_IRQHandler                  0x080001a3   Thumb Code     0  startup_stm32f10x_md.o(.text)
    TIM1_UP_IRQHandler                       0x080001a3   Thumb Code     0  startup_stm32f10x_md.o(.text)
    TIM2_IRQHandler                          0x080001a3   Thumb Code     0  startup_stm32f10x_md.o(.text)
    TIM3_IRQHandler                          0x080001a3   Thumb Code     0  startup_stm32f10x_md.o(.text)
    TIM4_IRQHandler                          0x080001a3   Thumb Code     0  startup_stm32f10x_md.o(.text)
    USART1_IRQHandler                        0x080001a3   Thumb Code     0  startup_stm32f10x_md.o(.text)
    USART2_IRQHandler                        0x080001a3   Thumb Code     0  startup_stm32f10x_md.o(.text)
    USART3_IRQHandler                        0x080001a3   Thumb Code     0  startup_stm32f10x_md.o(.text)
    USBWakeUp_IRQHandler                     0x080001a3   Thumb Code     0  startup_stm32f10x_md.o(.text)
    USB_HP_CAN1_TX_IRQHandler                0x080001a3   Thumb Code     0  startup_stm32f10x_md.o(.text)
    USB_LP_CAN1_RX0_IRQHandler               0x080001a3   Thumb Code     0  startup_stm32f10x_md.o(.text)
    WWDG_IRQHandler                          0x080001a3   Thumb Code     0  startup_stm32f10x_md.o(.text)
    __user_initial_stackheap                 0x080001a5   Thumb Code     0  startup_stm32f10x_md.o(.text)
    __use_two_region_memory                  0x080001c9   Thumb Code     2  heapauxi.o(.text)
    __rt_heap_escrow$2region                 0x080001cb   Thumb Code     2  heapauxi.o(.text)
    __rt_heap_expand$2region                 0x080001cd   Thumb Code     2  heapauxi.o(.text)
    __user_setup_stackheap                   0x080001cf   Thumb Code    74  sys_stackheap_outer.o(.text)
    exit                                     0x08000219   Thumb Code    18  exit.o(.text)
    __user_libspace                          0x0800022d   Thumb Code     8  libspace.o(.text)
    __user_perproc_libspace                  0x0800022d   Thumb Code     0  libspace.o(.text)
    __user_perthread_libspace                0x0800022d   Thumb Code     0  libspace.o(.text)
    _sys_exit                                0x08000235   Thumb Code     8  sys_exit.o(.text)
    __I$use$semihosting                      0x08000241   Thumb Code     0  use_no_semi.o(.text)
    __use_no_semihosting_swi                 0x08000241   Thumb Code     2  use_no_semi.o(.text)
    ADC_Init                                 0x08000243   Thumb Code    28  adc.o(i.ADC_Init)
    __semihosting_library_function           0x08000243   Thumb Code     0  indicate_semi.o(.text)
    ADC_Read                                 0x0800025f   Thumb Code    86  adc.o(i.ADC_Read)
    CMS_GetMoisture                          0x080002c9   Thumb Code    52  cms.o(i.CMS_GetMoisture)
    CMS_Init                                 0x08000305   Thumb Code    16  cms.o(i.CMS_Init)
    Clock_HSI_8MHz_Init                      0x0800032d   Thumb Code    68  clocks.o(i.Clock_HSI_8MHz_Init)
    DMA_Rx_BufferFull                        0x08000379   Thumb Code    44  dma.o(i.DMA_Rx_BufferFull)
    DMA_USART_Rx_Init                        0x080003a5   Thumb Code    26  dma.o(i.DMA_USART_Rx_Init)
    DS3231_24HourFormat                      0x080003c1   Thumb Code    40  ds3231.o(i.DS3231_24HourFormat)
    DS3231_GetTime                           0x080003ed   Thumb Code   102  ds3231.o(i.DS3231_GetTime)
    DS3231_SetAlarm2                         0x08000459   Thumb Code    60  ds3231.o(i.DS3231_SetAlarm2)
    DS3231_SetTime                           0x08000499   Thumb Code    78  ds3231.o(i.DS3231_SetTime)
    GPIO_InputInit                           0x080004ed   Thumb Code    32  gpio.o(i.GPIO_InputInit)
    GPIO_OutputInit                          0x0800050d   Thumb Code    26  gpio.o(i.GPIO_OutputInit)
    GPIO_OutputRead                          0x08000527   Thumb Code    26  gpio.o(i.GPIO_OutputRead)
    GPIO_OutputWrite                         0x08000541   Thumb Code    26  gpio.o(i.GPIO_OutputWrite)
    GPIO_Reset                               0x0800055d   Thumb Code    74  gpio.o(i.GPIO_Reset)
    HC12_IncompleteRxData                    0x080005bd   Thumb Code    18  hc12.o(i.HC12_IncompleteRxData)
    HC12_Init                                0x080005d5   Thumb Code    68  hc12.o(i.HC12_Init)
    HC12_RxBufferFull                        0x08000625   Thumb Code    12  hc12.o(i.HC12_RxBufferFull)
    HC12_RxBufferInit                        0x08000635   Thumb Code    24  hc12.o(i.HC12_RxBufferInit)
    HC12_SetPinControl                       0x08000655   Thumb Code    16  hc12.o(i.HC12_SetPinControl)
    HC12_TransmitByte                        0x08000669   Thumb Code    14  hc12.o(i.HC12_TransmitByte)
    HC12_TransmitBytes                       0x0800067d   Thumb Code    18  hc12.o(i.HC12_TransmitBytes)
    I2C_Init                                 0x080006b1   Thumb Code    38  i2c.o(i.I2C_Init)
    I2C_Read2Bytes                           0x080006d7   Thumb Code   170  i2c.o(i.I2C_Read2Bytes)
    I2C_ReadByte                             0x08000781   Thumb Code   158  i2c.o(i.I2C_ReadByte)
    I2C_ReadMultiByte                        0x08000821   Thumb Code   288  i2c.o(i.I2C_ReadMultiByte)
    I2C_WriteByte                            0x08000945   Thumb Code   114  i2c.o(i.I2C_WriteByte)
    I2C_WriteMultiByte                       0x080009b7   Thumb Code   130  i2c.o(i.I2C_WriteMultiByte)
    Irrigation_GetMethod                     0x08000a39   Thumb Code    38  irrigation.o(i.Irrigation_GetMethod)
    Node_StoreRxData                         0x08000a65   Thumb Code    54  communication.o(i.Node_StoreRxData)
    PWR_ClearStandbyFlag                     0x08000a9d   Thumb Code    26  pwr.o(i.PWR_ClearStandbyFlag)
    PWR_GoToStandbyMode                      0x08000abd   Thumb Code    60  pwr.o(i.PWR_GoToStandbyMode)
    Sensor_GetLevel                          0x08000b01   Thumb Code    30  sensor.o(i.Sensor_GetLevel)
    Solenoid_Control                         0x08000c09   Thumb Code    16  solenoid.o(i.Solenoid_Control)
    Solenoid_Init                            0x08000c1d   Thumb Code    28  solenoid.o(i.Solenoid_Init)
    Solenoid_IsOn                            0x08000c3d   Thumb Code    12  solenoid.o(i.Solenoid_IsOn)
    SysTick_DelayMs                          0x08000c4d   Thumb Code    18  systick.o(i.SysTick_DelayMs)
    SysTick_GetTick                          0x08000c65   Thumb Code     6  systick.o(i.SysTick_GetTick)
    SysTick_Handler                          0x08000c71   Thumb Code    12  systick.o(i.SysTick_Handler)
    SysTick_Init                             0x08000c81   Thumb Code    26  systick.o(i.SysTick_Init)
    SystemInit                               0x08000c9d   Thumb Code    78  system_stm32f10x.o(i.SystemInit)
    System_ClearStandbyFlag                  0x08000cfd   Thumb Code     8  system.o(i.System_ClearStandbyFlag)
    System_GoToStandbyMode                   0x08000d05   Thumb Code     8  system.o(i.System_GoToStandbyMode)
    System_Init                              0x08000d0d   Thumb Code    44  system.o(i.System_Init)
    System_Reset                             0x08000d41   Thumb Code    36  system.o(i.System_Reset)
    System_TimerDelayMs                      0x08000d6d   Thumb Code    12  system.o(i.System_TimerDelayMs)
    System_TimerDoneCounting                 0x08000d79   Thumb Code    48  system.o(i.System_TimerDoneCounting)
    System_TimerInit                         0x08000da9   Thumb Code    10  system.o(i.System_TimerInit)
    USART_Init                               0x08000db3   Thumb Code    92  uart.o(i.USART_Init)
    USART_RxIdleLineDetected                 0x08000e0f   Thumb Code    28  uart.o(i.USART_RxIdleLineDetected)
    USART_TransmitByte                       0x08000e2b   Thumb Code    16  uart.o(i.USART_TransmitByte)
    USART_TransmitBytes                      0x08000e3b   Thumb Code    46  uart.o(i.USART_TransmitBytes)
    main                                     0x08000e69   Thumb Code   408  main.o(i.main)
    irrigMethod                              0x08001020   Data          27  irrigation.o(.constdata)
    Region$$Table$$Base                      0x0800103c   Number         0  anon$$obj.o(Region$$Table)
    Region$$Table$$Limit                     0x0800105c   Number         0  anon$$obj.o(Region$$Table)
    __libspace_start                         0x20000040   Data          96  libspace.o(.bss)
    __temporary_stack_top$libspace           0x200000a0   Data           0  libspace.o(.bss)



==============================================================================

Memory Map of the image

  Image Entry point : 0x08000189

  Load Region LR_1 (Base: 0x08000000, Size: 0x00001068, Max: 0xffffffff, ABSOLUTE)

    Execution Region ER_RO (Exec base: 0x08000000, Load base: 0x08000000, Size: 0x0000105c, Max: 0xffffffff, ABSOLUTE)

    Exec Addr    Load Addr    Size         Type   Attr      Idx    E Section Name        Object

    0x08000000   0x08000000   0x000000ec   Data   RO          766    RESET               startup_stm32f10x_md.o
    0x080000ec   0x080000ec   0x00000008   Code   RO          823  * !!!main             c_w.l(__main.o)
    0x080000f4   0x080000f4   0x00000034   Code   RO          982    !!!scatter          c_w.l(__scatter.o)
    0x08000128   0x08000128   0x0000001a   Code   RO          984    !!handler_copy      c_w.l(__scatter_copy.o)
    0x08000142   0x08000142   0x00000002   PAD
    0x08000144   0x08000144   0x0000001c   Code   RO          986    !!handler_zi        c_w.l(__scatter_zi.o)
    0x08000160   0x08000160   0x00000002   Code   RO          850    .ARM.Collect$$libinit$$00000000  c_w.l(libinit.o)
    0x08000162   0x08000162   0x00000000   Code   RO          857    .ARM.Collect$$libinit$$00000002  c_w.l(libinit2.o)
    0x08000162   0x08000162   0x00000000   Code   RO          859    .ARM.Collect$$libinit$$00000004  c_w.l(libinit2.o)
    0x08000162   0x08000162   0x00000000   Code   RO          862    .ARM.Collect$$libinit$$0000000A  c_w.l(libinit2.o)
    0x08000162   0x08000162   0x00000000   Code   RO          864    .ARM.Collect$$libinit$$0000000C  c_w.l(libinit2.o)
    0x08000162   0x08000162   0x00000000   Code   RO          866    .ARM.Collect$$libinit$$0000000E  c_w.l(libinit2.o)
    0x08000162   0x08000162   0x00000000   Code   RO          869    .ARM.Collect$$libinit$$00000011  c_w.l(libinit2.o)
    0x08000162   0x08000162   0x00000000   Code   RO          871    .ARM.Collect$$libinit$$00000013  c_w.l(libinit2.o)
    0x08000162   0x08000162   0x00000000   Code   RO          873    .ARM.Collect$$libinit$$00000015  c_w.l(libinit2.o)
    0x08000162   0x08000162   0x00000000   Code   RO          875    .ARM.Collect$$libinit$$00000017  c_w.l(libinit2.o)
    0x08000162   0x08000162   0x00000000   Code   RO          877    .ARM.Collect$$libinit$$00000019  c_w.l(libinit2.o)
    0x08000162   0x08000162   0x00000000   Code   RO          879    .ARM.Collect$$libinit$$0000001B  c_w.l(libinit2.o)
    0x08000162   0x08000162   0x00000000   Code   RO          881    .ARM.Collect$$libinit$$0000001D  c_w.l(libinit2.o)
    0x08000162   0x08000162   0x00000000   Code   RO          883    .ARM.Collect$$libinit$$0000001F  c_w.l(libinit2.o)
    0x08000162   0x08000162   0x00000000   Code   RO          885    .ARM.Collect$$libinit$$00000021  c_w.l(libinit2.o)
    0x08000162   0x08000162   0x00000000   Code   RO          887    .ARM.Collect$$libinit$$00000023  c_w.l(libinit2.o)
    0x08000162   0x08000162   0x00000000   Code   RO          889    .ARM.Collect$$libinit$$00000025  c_w.l(libinit2.o)
    0x08000162   0x08000162   0x00000000   Code   RO          893    .ARM.Collect$$libinit$$0000002C  c_w.l(libinit2.o)
    0x08000162   0x08000162   0x00000000   Code   RO          895    .ARM.Collect$$libinit$$0000002E  c_w.l(libinit2.o)
    0x08000162   0x08000162   0x00000000   Code   RO          897    .ARM.Collect$$libinit$$00000030  c_w.l(libinit2.o)
    0x08000162   0x08000162   0x00000000   Code   RO          899    .ARM.Collect$$libinit$$00000032  c_w.l(libinit2.o)
    0x08000162   0x08000162   0x00000002   Code   RO          900    .ARM.Collect$$libinit$$00000033  c_w.l(libinit2.o)
    0x08000164   0x08000164   0x00000002   Code   RO          920    .ARM.Collect$$libshutdown$$00000000  c_w.l(libshutdown.o)
    0x08000166   0x08000166   0x00000000   Code   RO          933    .ARM.Collect$$libshutdown$$00000002  c_w.l(libshutdown2.o)
    0x08000166   0x08000166   0x00000000   Code   RO          935    .ARM.Collect$$libshutdown$$00000004  c_w.l(libshutdown2.o)
    0x08000166   0x08000166   0x00000000   Code   RO          937    .ARM.Collect$$libshutdown$$00000006  c_w.l(libshutdown2.o)
    0x08000166   0x08000166   0x00000000   Code   RO          940    .ARM.Collect$$libshutdown$$00000009  c_w.l(libshutdown2.o)
    0x08000166   0x08000166   0x00000000   Code   RO          943    .ARM.Collect$$libshutdown$$0000000C  c_w.l(libshutdown2.o)
    0x08000166   0x08000166   0x00000000   Code   RO          945    .ARM.Collect$$libshutdown$$0000000E  c_w.l(libshutdown2.o)
    0x08000166   0x08000166   0x00000000   Code   RO          948    .ARM.Collect$$libshutdown$$00000011  c_w.l(libshutdown2.o)
    0x08000166   0x08000166   0x00000002   Code   RO          949    .ARM.Collect$$libshutdown$$00000012  c_w.l(libshutdown2.o)
    0x08000168   0x08000168   0x00000000   Code   RO          825    .ARM.Collect$$rtentry$$00000000  c_w.l(__rtentry.o)
    0x08000168   0x08000168   0x00000000   Code   RO          827    .ARM.Collect$$rtentry$$00000002  c_w.l(__rtentry2.o)
    0x08000168   0x08000168   0x00000006   Code   RO          839    .ARM.Collect$$rtentry$$00000004  c_w.l(__rtentry4.o)
    0x0800016e   0x0800016e   0x00000000   Code   RO          829    .ARM.Collect$$rtentry$$00000009  c_w.l(__rtentry2.o)
    0x0800016e   0x0800016e   0x00000004   Code   RO          830    .ARM.Collect$$rtentry$$0000000A  c_w.l(__rtentry2.o)
    0x08000172   0x08000172   0x00000000   Code   RO          832    .ARM.Collect$$rtentry$$0000000C  c_w.l(__rtentry2.o)
    0x08000172   0x08000172   0x00000008   Code   RO          833    .ARM.Collect$$rtentry$$0000000D  c_w.l(__rtentry2.o)
    0x0800017a   0x0800017a   0x00000002   Code   RO          854    .ARM.Collect$$rtexit$$00000000  c_w.l(rtexit.o)
    0x0800017c   0x0800017c   0x00000000   Code   RO          902    .ARM.Collect$$rtexit$$00000002  c_w.l(rtexit2.o)
    0x0800017c   0x0800017c   0x00000004   Code   RO          903    .ARM.Collect$$rtexit$$00000003  c_w.l(rtexit2.o)
    0x08000180   0x08000180   0x00000006   Code   RO          904    .ARM.Collect$$rtexit$$00000004  c_w.l(rtexit2.o)
    0x08000186   0x08000186   0x00000002   PAD
    0x08000188   0x08000188   0x00000040   Code   RO          767  * .text               startup_stm32f10x_md.o
    0x080001c8   0x080001c8   0x00000006   Code   RO          821    .text               c_w.l(heapauxi.o)
    0x080001ce   0x080001ce   0x0000004a   Code   RO          841    .text               c_w.l(sys_stackheap_outer.o)
    0x08000218   0x08000218   0x00000012   Code   RO          843    .text               c_w.l(exit.o)
    0x0800022a   0x0800022a   0x00000002   PAD
    0x0800022c   0x0800022c   0x00000008   Code   RO          851    .text               c_w.l(libspace.o)
    0x08000234   0x08000234   0x0000000c   Code   RO          912    .text               c_w.l(sys_exit.o)
    0x08000240   0x08000240   0x00000002   Code   RO          923    .text               c_w.l(use_no_semi.o)
    0x08000242   0x08000242   0x00000000   Code   RO          925    .text               c_w.l(indicate_semi.o)
    0x08000242   0x08000242   0x0000001c   Code   RO          420    i.ADC_Init          adc.o
    0x0800025e   0x0800025e   0x00000056   Code   RO          421    i.ADC_Read          adc.o
    0x080002b4   0x080002b4   0x00000014   Code   RO          172    i.BCDToHex          ds3231.o
    0x080002c8   0x080002c8   0x0000003c   Code   RO          136    i.CMS_GetMoisture   cms.o
    0x08000304   0x08000304   0x00000014   Code   RO          137    i.CMS_Init          cms.o
    0x08000318   0x08000318   0x00000014   Code   RO            1    i.ClearBuffer       main.o
    0x0800032c   0x0800032c   0x0000004c   Code   RO          450    i.Clock_HSI_8MHz_Init  clocks.o
    0x08000378   0x08000378   0x0000002c   Code   RO          474    i.DMA_Rx_BufferFull  dma.o
    0x080003a4   0x080003a4   0x0000001a   Code   RO          476    i.DMA_USART_Rx_Init  dma.o
    0x080003be   0x080003be   0x00000002   PAD
    0x080003c0   0x080003c0   0x0000002c   Code   RO          174    i.DS3231_24HourFormat  ds3231.o
    0x080003ec   0x080003ec   0x0000006c   Code   RO          176    i.DS3231_GetTime    ds3231.o
    0x08000458   0x08000458   0x00000040   Code   RO          178    i.DS3231_SetAlarm2  ds3231.o
    0x08000498   0x08000498   0x00000054   Code   RO          179    i.DS3231_SetTime    ds3231.o
    0x080004ec   0x080004ec   0x00000020   Code   RO          510    i.GPIO_InputInit    gpio.o
    0x0800050c   0x0800050c   0x0000001a   Code   RO          513    i.GPIO_OutputInit   gpio.o
    0x08000526   0x08000526   0x0000001a   Code   RO          514    i.GPIO_OutputRead   gpio.o
    0x08000540   0x08000540   0x0000001a   Code   RO          515    i.GPIO_OutputWrite  gpio.o
    0x0800055a   0x0800055a   0x00000002   PAD
    0x0800055c   0x0800055c   0x00000060   Code   RO          517    i.GPIO_Reset        gpio.o
    0x080005bc   0x080005bc   0x00000018   Code   RO          245    i.HC12_IncompleteRxData  hc12.o
    0x080005d4   0x080005d4   0x00000050   Code   RO          246    i.HC12_Init         hc12.o
    0x08000624   0x08000624   0x00000010   Code   RO          247    i.HC12_RxBufferFull  hc12.o
    0x08000634   0x08000634   0x00000020   Code   RO          248    i.HC12_RxBufferInit  hc12.o
    0x08000654   0x08000654   0x00000014   Code   RO          249    i.HC12_SetPinControl  hc12.o
    0x08000668   0x08000668   0x00000014   Code   RO          250    i.HC12_TransmitByte  hc12.o
    0x0800067c   0x0800067c   0x00000018   Code   RO          251    i.HC12_TransmitBytes  hc12.o
    0x08000694   0x08000694   0x0000001c   Code   RO          180    i.HexToBCD          ds3231.o
    0x080006b0   0x080006b0   0x00000026   Code   RO          576    i.I2C_Init          i2c.o
    0x080006d6   0x080006d6   0x000000aa   Code   RO          577    i.I2C_Read2Bytes    i2c.o
    0x08000780   0x08000780   0x0000009e   Code   RO          578    i.I2C_ReadByte      i2c.o
    0x0800081e   0x0800081e   0x00000002   PAD
    0x08000820   0x08000820   0x00000124   Code   RO          579    i.I2C_ReadMultiByte  i2c.o
    0x08000944   0x08000944   0x00000072   Code   RO          580    i.I2C_WriteByte     i2c.o
    0x080009b6   0x080009b6   0x00000082   Code   RO          581    i.I2C_WriteMultiByte  i2c.o
    0x08000a38   0x08000a38   0x0000002c   Code   RO          106    i.Irrigation_GetMethod  irrigation.o
    0x08000a64   0x08000a64   0x00000036   Code   RO           58    i.Node_StoreRxData  communication.o
    0x08000a9a   0x08000a9a   0x00000002   PAD
    0x08000a9c   0x08000a9c   0x00000020   Code   RO          630    i.PWR_ClearStandbyFlag  pwr.o
    0x08000abc   0x08000abc   0x00000044   Code   RO          631    i.PWR_GoToStandbyMode  pwr.o
    0x08000b00   0x08000b00   0x0000001e   Code   RO          121    i.Sensor_GetLevel   sensor.o
    0x08000b1e   0x08000b1e   0x00000008   Code   RO          774    i.SetSysClock       system_stm32f10x.o
    0x08000b26   0x08000b26   0x00000002   PAD
    0x08000b28   0x08000b28   0x000000e0   Code   RO          775    i.SetSysClockTo72   system_stm32f10x.o
    0x08000c08   0x08000c08   0x00000014   Code   RO          311    i.Solenoid_Control  solenoid.o
    0x08000c1c   0x08000c1c   0x00000020   Code   RO          312    i.Solenoid_Init     solenoid.o
    0x08000c3c   0x08000c3c   0x00000010   Code   RO          313    i.Solenoid_IsOn     solenoid.o
    0x08000c4c   0x08000c4c   0x00000018   Code   RO          660    i.SysTick_DelayMs   systick.o
    0x08000c64   0x08000c64   0x0000000c   Code   RO          661    i.SysTick_GetTick   systick.o
    0x08000c70   0x08000c70   0x00000010   Code   RO          662    i.SysTick_Handler   systick.o
    0x08000c80   0x08000c80   0x0000001a   Code   RO          663    i.SysTick_Init      systick.o
    0x08000c9a   0x08000c9a   0x00000002   PAD
    0x08000c9c   0x08000c9c   0x00000060   Code   RO          777    i.SystemInit        system_stm32f10x.o
    0x08000cfc   0x08000cfc   0x00000008   Code   RO          347    i.System_ClearStandbyFlag  system.o
    0x08000d04   0x08000d04   0x00000008   Code   RO          348    i.System_GoToStandbyMode  system.o
    0x08000d0c   0x08000d0c   0x00000034   Code   RO          349    i.System_Init       system.o
    0x08000d40   0x08000d40   0x0000002c   Code   RO          350    i.System_Reset      system.o
    0x08000d6c   0x08000d6c   0x0000000c   Code   RO          351    i.System_TimerDelayMs  system.o
    0x08000d78   0x08000d78   0x00000030   Code   RO          352    i.System_TimerDoneCounting  system.o
    0x08000da8   0x08000da8   0x0000000a   Code   RO          353    i.System_TimerInit  system.o
    0x08000db2   0x08000db2   0x0000005c   Code   RO          704    i.USART_Init        uart.o
    0x08000e0e   0x08000e0e   0x0000001c   Code   RO          705    i.USART_RxIdleLineDetected  uart.o
    0x08000e2a   0x08000e2a   0x00000010   Code   RO          706    i.USART_TransmitByte  uart.o
    0x08000e3a   0x08000e3a   0x0000002e   Code   RO          707    i.USART_TransmitBytes  uart.o
    0x08000e68   0x08000e68   0x000001b8   Code   RO            2    i.main              main.o
    0x08001020   0x08001020   0x0000001b   Data   RO          107    .constdata          irrigation.o
    0x0800103b   0x0800103b   0x00000001   PAD
    0x0800103c   0x0800103c   0x00000020   Data   RO          980    Region$$Table       anon$$obj.o


    Execution Region ER_RW (Exec base: 0x20000000, Load base: 0x0800105c, Size: 0x0000000c, Max: 0xffffffff, ABSOLUTE)

    Exec Addr    Load Addr    Size         Type   Attr      Idx    E Section Name        Object

    0x20000000   0x0800105c   0x00000005   Data   RW            4    .data               main.o
    0x20000005   0x08001061   0x00000003   PAD
    0x20000008   0x08001064   0x00000004   Data   RW          664    .data               systick.o


    Execution Region ER_ZI (Exec base: 0x2000000c, Load base: 0x08001068, Size: 0x00000694, Max: 0xffffffff, ABSOLUTE)

    Exec Addr    Load Addr    Size         Type   Attr      Idx    E Section Name        Object

    0x2000000c        -       0x00000034   Zero   RW            3    .bss                main.o
    0x20000040        -       0x00000060   Zero   RW          852    .bss                c_w.l(libspace.o)
    0x200000a0        -       0x00000200   Zero   RW          765    HEAP                startup_stm32f10x_md.o
    0x200002a0        -       0x00000400   Zero   RW          764    STACK               startup_stm32f10x_md.o


==============================================================================

Image component sizes


      Code (inc. data)   RO Data    RW Data    ZI Data      Debug   Object Name

       114          0          0          0          0       1506   adc.o
        76          8          0          0          0        450   clocks.o
        80         12          0          0          0        961   cms.o
        54          0          0          0          0     203139   communication.o
        70          0          0          0          0       1752   dma.o
       348         20          0          0          0       3879   ds3231.o
       206         22          0          0          0       3373   gpio.o
       216         46          0          0          0       4006   hc12.o
       902          4          0          0          0       4868   i2c.o
        44          6         27          0          0       1293   irrigation.o
       460         32          0          5         52       8575   main.o
       100         14          0          0          0        873   pwr.o
        30          0          0          0          0        622   sensor.o
        68         12          0          0          0       1439   solenoid.o
        64         26        236          0       1536        852   startup_stm32f10x_md.o
       182         16          0          0          0      28823   system.o
       328         28          0          0          0       2137   system_stm32f10x.o
        78         16          0          4          0       2369   systick.o
       182          0          0          0          0       2799   uart.o

    ----------------------------------------------------------------------
      3614        262        296         12       1588     273716   Object Totals
         0          0         32          0          0          0   (incl. Generated)
        12          0          1          3          0          0   (incl. Padding)

    ----------------------------------------------------------------------

      Code (inc. data)   RO Data    RW Data    ZI Data      Debug   Library Member Name

         8          0          0          0          0         68   __main.o
         0          0          0          0          0          0   __rtentry.o
        12          0          0          0          0          0   __rtentry2.o
         6          0          0          0          0          0   __rtentry4.o
        52          8          0          0          0          0   __scatter.o
        26          0          0          0          0          0   __scatter_copy.o
        28          0          0          0          0          0   __scatter_zi.o
        18          0          0          0          0         80   exit.o
         6          0          0          0          0        152   heapauxi.o
         0          0          0          0          0          0   indicate_semi.o
         2          0          0          0          0          0   libinit.o
         2          0          0          0          0          0   libinit2.o
         2          0          0          0          0          0   libshutdown.o
         2          0          0          0          0          0   libshutdown2.o
         8          4          0          0         96         68   libspace.o
         2          0          0          0          0          0   rtexit.o
        10          0          0          0          0          0   rtexit2.o
        12          4          0          0          0         68   sys_exit.o
        74          0          0          0          0         80   sys_stackheap_outer.o
         2          0          0          0          0         68   use_no_semi.o

    ----------------------------------------------------------------------
       278         16          0          0         96        584   Library Totals
         6          0          0          0          0          0   (incl. Padding)

    ----------------------------------------------------------------------

      Code (inc. data)   RO Data    RW Data    ZI Data      Debug   Library Name

       272         16          0          0         96        584   c_w.l

    ----------------------------------------------------------------------
       278         16          0          0         96        584   Library Totals

    ----------------------------------------------------------------------

==============================================================================


      Code (inc. data)   RO Data    RW Data    ZI Data      Debug   

      3892        278        296         12       1684     271280   Grand Totals
      3892        278        296         12       1684     271280   ELF Image Totals
      3892        278        296         12          0          0   ROM Totals

==============================================================================

    Total RO  Size (Code + RO Data)                 4188 (   4.09kB)
    Total RW  Size (RW Data + ZI Data)              1696 (   1.66kB)
    Total ROM Size (Code + RO Data + RW Data)       4200 (   4.10kB)

==============================================================================

