Component: ARM Compiler 5.06 update 7 (build 960) Tool: armlink [4d3601]

==============================================================================

Section Cross References

    main.o(i.main) refers to system.o(i.System_Init) for System_Init
    main.o(i.main) refers to keypad.o(i.Keypad_Init) for Keypad_Init
    main.o(i.main) refers to lcd.o(i.LCD_Init) for LCD_Init
    main.o(i.main) refers to hc12.o(i.HC12_Init) for HC12_Init
    main.o(i.main) refers to hc12.o(i.HC12_RxBufferInit) for HC12_RxBufferInit
    main.o(i.main) refers to bme280.o(i.BME280_Init) for BME280_Init
    main.o(i.main) refers to hmi.o(i.HMI_Init) for HMI_Init
    main.o(i.main) refers to hc12.o(i.HC12_TransmitBytes) for HC12_TransmitBytes
    main.o(i.main) refers to hmi.o(i.HMI_Execute) for HMI_Execute
    main.o(i.main) refers to main.o(.data) for nodeToMasterData
    hmi.o(i.FSM_DisplayBme280Data) refers to bme280.o(i.BME280_GetData) for BME280_GetData
    hmi.o(i.FSM_DisplayBme280Data) refers to display.o(i.Display_Bme280Data) for Display_Bme280Data
    hmi.o(i.FSM_DisplayBme280Data) refers to hmi.o(i.FSM_StateTransition) for FSM_StateTransition
    hmi.o(i.FSM_Humidity) refers to display.o(i.Display_Threshold) for Display_Threshold
    hmi.o(i.FSM_Humidity) refers to hmi.o(i.FSM_StateTransition) for FSM_StateTransition
    hmi.o(i.FSM_Humidity) refers to hmi.o(i.Reset_MasterToNode8bitData) for Reset_MasterToNode8bitData
    hmi.o(i.FSM_Humidity) refers to keypad.o(i.Keypad_StrTo8bitInt) for Keypad_StrTo8bitInt
    hmi.o(i.FSM_Humidity) refers to communication.o(i.Master_EncodeTxData) for Master_EncodeTxData
    hmi.o(i.FSM_Humidity) refers to hmi.o(.data) for maxHum
    hmi.o(i.FSM_IrrigTime) refers to display.o(i.Display_Threshold) for Display_Threshold
    hmi.o(i.FSM_IrrigTime) refers to hmi.o(i.FSM_StateTransition) for FSM_StateTransition
    hmi.o(i.FSM_IrrigTime) refers to hmi.o(i.Reset_MasterToNode16bitData) for Reset_MasterToNode16bitData
    hmi.o(i.FSM_IrrigTime) refers to keypad.o(i.Keypad_StrTo16bitInt) for Keypad_StrTo16bitInt
    hmi.o(i.FSM_IrrigTime) refers to communication.o(i.Master_EncodeTxData) for Master_EncodeTxData
    hmi.o(i.FSM_IrrigTime) refers to hmi.o(.data) for maxIrrigTime
    hmi.o(i.FSM_Moisture) refers to display.o(i.Display_Threshold) for Display_Threshold
    hmi.o(i.FSM_Moisture) refers to hmi.o(i.FSM_StateTransition) for FSM_StateTransition
    hmi.o(i.FSM_Moisture) refers to hmi.o(i.Reset_MasterToNode8bitData) for Reset_MasterToNode8bitData
    hmi.o(i.FSM_Moisture) refers to keypad.o(i.Keypad_StrTo8bitInt) for Keypad_StrTo8bitInt
    hmi.o(i.FSM_Moisture) refers to communication.o(i.Master_EncodeTxData) for Master_EncodeTxData
    hmi.o(i.FSM_Moisture) refers to hmi.o(.data) for maxMoist
    hmi.o(i.FSM_Node) refers to display.o(i.Display_NodeData) for Display_NodeData
    hmi.o(i.FSM_Node) refers to hmi.o(i.FSM_StateTransition) for FSM_StateTransition
    hmi.o(i.FSM_Node) refers to hmi.o(i.Reset_MasterToNode8bitData) for Reset_MasterToNode8bitData
    hmi.o(i.FSM_Node) refers to keypad.o(i.Keypad_StrTo8bitInt) for Keypad_StrTo8bitInt
    hmi.o(i.FSM_Node) refers to communication.o(i.Master_EncodeTxData) for Master_EncodeTxData
    hmi.o(i.FSM_Node) refers to hmi.o(.data) for ptrNodeToMasterArray
    hmi.o(i.FSM_StateTransition) refers to keypad.o(i.Keypad_GetChar) for Keypad_GetChar
    hmi.o(i.FSM_StateTransition) refers to lcd.o(i.LCD_Clear) for LCD_Clear
    hmi.o(i.FSM_StateTransition) refers to hmi.o(.data) for currentState
    hmi.o(i.FSM_Temperature) refers to display.o(i.Display_Threshold) for Display_Threshold
    hmi.o(i.FSM_Temperature) refers to hmi.o(i.FSM_StateTransition) for FSM_StateTransition
    hmi.o(i.FSM_Temperature) refers to hmi.o(i.Reset_MasterToNode8bitData) for Reset_MasterToNode8bitData
    hmi.o(i.FSM_Temperature) refers to keypad.o(i.Keypad_StrTo8bitInt) for Keypad_StrTo8bitInt
    hmi.o(i.FSM_Temperature) refers to communication.o(i.Master_EncodeTxData) for Master_EncodeTxData
    hmi.o(i.FSM_Temperature) refers to hmi.o(.data) for maxTemp
    hmi.o(i.HMI_Execute) refers to keypad.o(i.Keypad_GetChar) for Keypad_GetChar
    hmi.o(i.HMI_Execute) refers to bme280.o(i.BME280_GetData) for BME280_GetData
    hmi.o(i.HMI_Execute) refers to communication.o(i.Master_EncodeTxData) for Master_EncodeTxData
    hmi.o(i.HMI_Execute) refers to lcd.o(i.LCD_Clear) for LCD_Clear
    hmi.o(i.HMI_Execute) refers to lcd.o(i.LCD_WriteString) for LCD_WriteString
    hmi.o(i.HMI_Execute) refers to lcd.o(i.LCD_SetCursor) for LCD_SetCursor
    hmi.o(i.HMI_Execute) refers to communication.o(i.Master_TransmitReceive) for Master_TransmitReceive
    hmi.o(i.HMI_Execute) refers to hmi.o(.data) for pStateFunction
    hmi.o(i.HMI_Init) refers to hmi.o(.data) for ptrMasterToNode
    hmi.o(i.Reset_MasterToNode16bitData) refers to aeabi_memset.o(.text) for __aeabi_memset
    hmi.o(i.Reset_MasterToNode16bitData) refers to hmi.o(.data) for currentSubstate
[...]
    ds3231.o(i.DS3231_12HourFormat) refers to i2c.o(i.I2C_ReadByte) for I2C_ReadByte
    ds3231.o(i.DS3231_12HourFormat) refers to i2c.o(i.I2C_WriteByte) for I2C_WriteByte
    ds3231.o(i.DS3231_24HourFormat) refers to i2c.o(i.I2C_ReadByte) for I2C_ReadByte
    ds3231.o(i.DS3231_24HourFormat) refers to i2c.o(i.I2C_WriteByte) for I2C_WriteByte
    ds3231.o(i.DS3231_GetAlarm2_Status) refers to i2c.o(i.I2C_ReadByte) for I2C_ReadByte
    ds3231.o(i.DS3231_GetTime) refers to i2c.o(i.I2C_ReadMultiByte) for I2C_ReadMultiByte
    ds3231.o(i.DS3231_GetTime) refers to ds3231.o(i.BCDToHex) for BCDToHex
    ds3231.o(i.DS3231_Init) refers to gpio.o(i.GPIO_OutputInit) for GPIO_OutputInit
    ds3231.o(i.DS3231_Init) refers to i2c.o(i.I2C_Init) for I2C_Init
    ds3231.o(i.DS3231_ResetAlarm2) refers to i2c.o(i.I2C_ReadByte) for I2C_ReadByte
    ds3231.o(i.DS3231_ResetAlarm2) refers to i2c.o(i.I2C_WriteByte) for I2C_WriteByte
    ds3231.o(i.DS3231_SetAlarm2) refers to ds3231.o(i.HexToBCD) for HexToBCD
    ds3231.o(i.DS3231_SetAlarm2) refers to i2c.o(i.I2C_WriteMultiByte) for I2C_WriteMultiByte
    ds3231.o(i.DS3231_SetAlarm2) refers to i2c.o(i.I2C_WriteByte) for I2C_WriteByte
    ds3231.o(i.DS3231_SetTime) refers to ds3231.o(i.HexToBCD) for HexToBCD
    ds3231.o(i.DS3231_SetTime) refers to i2c.o(i.I2C_ReadByte) for I2C_ReadByte
    ds3231.o(i.DS3231_SetTime) refers to i2c.o(i.I2C_WriteMultiByte) for I2C_WriteMultiByte
    wifi.o(i.WiFi_Init) refers to gpio.o(i.GPIO_OutputInit) for GPIO_OutputInit
    wifi.o(i.WiFi_Init) refers to gpio.o(i.GPIO_InputInit) for GPIO_InputInit
    wifi.o(i.WiFi_Init) refers to uart.o(i.USART_Init) for USART_Init
    wifi.o(i.WiFi_TransmitBytes) refers to uart.o(i.USART_TransmitBytes) for USART_TransmitBytes
    keypad.o(i.ActivateColumn) refers to gpio.o(i.GPIO_OutputClearReg) for GPIO_OutputClearReg
    keypad.o(i.ActivateColumn) refers to gpio.o(i.GPIO_OutputRegWrite) for GPIO_OutputRegWrite
    keypad.o(i.Keypad_GetChar) refers to keypad.o(i.ActivateColumn) for ActivateColumn
    keypad.o(i.Keypad_GetChar) refers to gpio.o(i.GPIO_InputRead) for GPIO_InputRead
    keypad.o(i.Keypad_GetChar) refers to systick.o(i.SysTick_DelayMs) for SysTick_DelayMs
    keypad.o(i.Keypad_GetChar) refers to keypad.o(.constdata) for keypadRowPin
    keypad.o(i.Keypad_Init) refers to gpio.o(i.GPIO_OutputInit) for GPIO_OutputInit
    keypad.o(i.Keypad_Init) refers to gpio.o(i.GPIO_InputInitReg) for GPIO_InputInitReg
    keypad.o(i.Keypad_StrTo16bitInt) refers to keypad.o(i.Keypad_GetChar) for Keypad_GetChar
    keypad.o(i.Keypad_StrTo16bitInt) refers to keypad.o(i.IsDigit) for IsDigit
    keypad.o(i.Keypad_StrTo16bitInt) refers to keypad.o(i.Keypad_StoreKeyPress) for Keypad_StoreKeyPress
    keypad.o(i.Keypad_StrTo16bitInt) refers to conversions.o(i.Conv_StringToInteger) for Conv_StringToInteger
    keypad.o(i.Keypad_StrTo8bitInt) refers to keypad.o(i.Keypad_GetChar) for Keypad_GetChar
    keypad.o(i.Keypad_StrTo8bitInt) refers to keypad.o(i.IsDigit) for IsDigit
    keypad.o(i.Keypad_StrTo8bitInt) refers to keypad.o(i.Keypad_StoreKeyPress) for Keypad_StoreKeyPress
    keypad.o(i.Keypad_StrTo8bitInt) refers to conversions.o(i.Conv_StringToInteger) for Conv_StringToInteger
    i2c.o(i.I2C_ReadMultiByte) refers to i2c.o(i.I2C_ReadByte) for I2C_ReadByte
    i2c.o(i.I2C_ReadMultiByte) refers to i2c.o(i.I2C_Read2Bytes) for I2C_Read2Bytes
    systick.o(i.SysTick_DelayMs) refers to systick.o(.data) for numberOfTicks
    systick.o(i.SysTick_GetTick) refers to systick.o(.data) for numberOfTicks
    systick.o(i.SysTick_Handler) refers to systick.o(.data) for numberOfTicks
    conversions.o(i.Conv_StringToInteger) refers to strlen.o(.text) for strlen
    conversions.o(i.Conv_StringToInteger) refers to conversions.o(.constdata) for powerOfTen
    startup_stm32f10x_md.o(STACK) refers (Special) to heapauxi.o(.text) for __use_two_region_memory
    startup_stm32f10x_md.o(HEAP) refers (Special) to heapauxi.o(.text) for __use_two_region_memory
    startup_stm32f10x_md.o(RESET) refers (Special) to heapauxi.o(.text) for __use_two_region_memory
    startup_stm32f10x_md.o(RESET) refers to startup_stm32f10x_md.o(STACK) for __initial_sp
    startup_stm32f10x_md.o(RESET) refers to startup_stm32f10x_md.o(.text) for Reset_Handler
    startup_stm32f10x_md.o(RESET) refers to systick.o(i.SysTick_Handler) for SysTick_Handler
    startup_stm32f10x_md.o(.text) refers (Special) to heapauxi.o(.text) for __use_two_region_memory
    startup_stm32f10x_md.o(.text) refers to system_stm32f10x.o(i.SystemInit) for SystemInit
    startup_stm32f10x_md.o(.text) refers to __main.o(!!!main) for __main
    startup_stm32f10x_md.o(.text) refers to startup_stm32f10x_md.o(HEAP) for Heap_Mem
    startup_stm32f10x_md.o(.text) refers to startup_stm32f10x_md.o(STACK) for Stack_Mem
    system_stm32f10x.o(i.SetSysClock) refers to system_stm32f10x.o(i.SetSysClockTo72) for SetSysClockTo72
    system_stm32f10x.o(i.SystemCoreClockUpdate) refers to system_stm32f10x.o(.data) for SystemCoreClock
    system_stm32f10x.o(i.SystemInit) refers to system_stm32f10x.o(i.SetSysClock) for SetSysClock
    aeabi_memset.o(.text) refers to rt_memclr.o(.text) for _memset
    __main.o(!!!main) refers to __rtentry.o(.ARM.Collect$$rtentry$$00000000) for __rt_entry
    __rtentry.o(.ARM.Collect$$rtentry$$00000000) refers (Special) to __rtentry2.o(.ARM.Collect$$rtentry$$0000000A) for __rt_entry_li
    __rtentry.o(.ARM.Collect$$rtentry$$00000000) refers (Special) to __rtentry2.o(.ARM.Collect$$rtentry$$0000000D) for __rt_entry_main
    __rtentry.o(.ARM.Collect$$rtentry$$00000000) refers (Special) to __rtentry2.o(.ARM.Collect$$rtentry$$0000000C) for __rt_entry_postli_1
    __rtentry.o(.ARM.Collect$$rtentry$$00000000) refers (Special) to __rtentry2.o(.ARM.Collect$$rtentry$$00000009) for __rt_entry_postsh_1
    __rtentry.o(.ARM.Collect$$rtentry$$00000000) refers (Special) to __rtentry2.o(.ARM.Collect$$rtentry$$00000002) for __rt_entry_presh_1
    __rtentry.o(.ARM.Collect$$rtentry$$00000000) refers (Special) to __rtentry4.o(.ARM.Collect$$rtentry$$00000004) for __rt_entry_sh
    rt_memclr.o(.text) refers to rt_memclr_w.o(.text) for _memset_w
    __rtentry2.o(.ARM.Collect$$rtentry$$00000008) refers to boardinit2.o(.text) for _platform_post_stackheap_init
    __rtentry2.o(.ARM.Collect$$rtentry$$0000000A) refers to libinit.o(.ARM.Collect$$libinit$$00000000) for __rt_lib_init
    __rtentry2.o(.ARM.Collect$$rtentry$$0000000B) refers to boardinit3.o(.text) for _platform_post_lib_init
    __rtentry2.o(.ARM.Collect$$rtentry$$0000000D) refers to main.o(i.main) for main
    __rtentry2.o(.ARM.Collect$$rtentry$$0000000D) refers to exit.o(.text) for exit
    __rtentry2.o(.ARM.exidx) refers to __rtentry2.o(.ARM.Collect$$rtentry$$00000001) for .ARM.Collect$$rtentry$$00000001
    __rtentry2.o(.ARM.exidx) refers to __rtentry2.o(.ARM.Collect$$rtentry$$00000008) for .ARM.Collect$$rtentry$$00000008
    __rtentry2.o(.ARM.exidx) refers to __rtentry2.o(.ARM.Collect$$rtentry$$0000000A) for .ARM.Collect$$rtentry$$0000000A
    __rtentry2.o(.ARM.exidx) refers to __rtentry2.o(.ARM.Collect$$rtentry$$0000000B) for .ARM.Collect$$rtentry$$0000000B
    __rtentry2.o(.ARM.exidx) refers to __rtentry2.o(.ARM.Collect$$rtentry$$0000000D) for .ARM.Collect$$rtentry$$0000000D
    __rtentry4.o(.ARM.Collect$$rtentry$$00000004) refers to sys_stackheap_outer.o(.text) for __user_setup_stackheap
    __rtentry4.o(.ARM.exidx) refers to __rtentry4.o(.ARM.Collect$$rtentry$$00000004) for .ARM.Collect$$rtentry$$00000004
    sys_stackheap_outer.o(.text) refers to libspace.o(.text) for __user_perproc_libspace
    sys_stackheap_outer.o(.text) refers to startup_stm32f10x_md.o(.text) for __user_initial_stackheap
    exit.o(.text) refers to rtexit.o(.ARM.Collect$$rtexit$$00000000) for __rt_exit
    libinit.o(.ARM.Collect$$libinit$$00000000) refers (Special) to libinit2.o(.ARM.Collect$$libinit$$0000002E) for __rt_lib_init_alloca_1
    libinit.o(.ARM.Collect$$libinit$$00000000) refers (Special) to libinit2.o(.ARM.Collect$$libinit$$0000002C) for __rt_lib_init_argv_1
    libinit.o(.ARM.Collect$$libinit$$00000000) refers (Special) to libinit2.o(.ARM.Collect$$libinit$$0000001B) for __rt_lib_init_atexit_1
    libinit.o(.ARM.Collect$$libinit$$00000000) refers (Special) to libinit2.o(.ARM.Collect$$libinit$$00000021) for __rt_lib_init_clock_1
    libinit.o(.ARM.Collect$$libinit$$00000000) refers (Special) to libinit2.o(.ARM.Collect$$libinit$$00000032) for __rt_lib_init_cpp_1
    libinit.o(.ARM.Collect$$libinit$$00000000) refers (Special) to libinit2.o(.ARM.Collect$$libinit$$00000030) for __rt_lib_init_exceptions_1
    libinit.o(.ARM.Collect$$libinit$$00000000) refers (Special) to libinit2.o(.ARM.Collect$$libinit$$00000002) for __rt_lib_init_fp_1
    libinit.o(.ARM.Collect$$libinit$$00000000) refers (Special) to libinit2.o(.ARM.Collect$$libinit$$0000001F) for __rt_lib_init_fp_trap_1
    libinit.o(.ARM.Collect$$libinit$$00000000) refers (Special) to libinit2.o(.ARM.Collect$$libinit$$00000023) for __rt_lib_init_getenv_1
    libinit.o(.ARM.Collect$$libinit$$00000000) refers (Special) to libinit2.o(.ARM.Collect$$libinit$$0000000A) for __rt_lib_init_heap_1
    libinit.o(.ARM.Collect$$libinit$$00000000) refers (Special) to libinit2.o(.ARM.Collect$$libinit$$00000011) for __rt_lib_init_lc_collate_1
    libinit.o(.ARM.Collect$$libinit$$00000000) refers (Special) to libinit2.o(.ARM.Collect$$libinit$$00000013) for __rt_lib_init_lc_ctype_1
    libinit.o(.ARM.Collect$$libinit$$00000000) refers (Special) to libinit2.o(.ARM.Collect$$libinit$$00000015) for __rt_lib_init_lc_monetary_1
    libinit.o(.ARM.Collect$$libinit$$00000000) refers (Special) to libinit2.o(.ARM.Collect$$libinit$$00000017) for __rt_lib_init_lc_numeric_1
    libinit.o(.ARM.Collect$$libinit$$00000000) refers (Special) to libinit2.o(.ARM.Collect$$libinit$$00000019) for __rt_lib_init_lc_time_1
    libinit.o(.ARM.Collect$$libinit$$00000000) refers (Special) to libinit2.o(.ARM.Collect$$libinit$$00000004) for __rt_lib_init_preinit_1
    libinit.o(.ARM.Collect$$libinit$$00000000) refers (Special) to libinit2.o(.ARM.Collect$$libinit$$0000000E) for __rt_lib_init_rand_1
    libinit.o(.ARM.Collect$$libinit$$00000000) refers (Special) to libinit2.o(.ARM.Collect$$libinit$$00000033) for __rt_lib_init_return
    libinit.o(.ARM.Collect$$libinit$$00000000) refers (Special) to libinit2.o(.ARM.Collect$$libinit$$0000001D) for __rt_lib_init_signal_1
    libinit.o(.ARM.Collect$$libinit$$00000000) refers (Special) to libinit2.o(.ARM.Collect$$libinit$$00000025) for __rt_lib_init_stdio_1
    libinit.o(.ARM.Collect$$libinit$$00000000) refers (Special) to libinit2.o(.ARM.Collect$$libinit$$0000000C) for __rt_lib_init_user_alloc_1
    libspace.o(.text) refers to libspace.o(.bss) for __libspace_start
    rtexit.o(.ARM.Collect$$rtexit$$00000000) refers (Special) to rtexit2.o(.ARM.Collect$$rtexit$$00000004) for __rt_exit_exit
    rtexit.o(.ARM.Collect$$rtexit$$00000000) refers (Special) to rtexit2.o(.ARM.Collect$$rtexit$$00000003) for __rt_exit_ls
    rtexit.o(.ARM.Collect$$rtexit$$00000000) refers (Special) to rtexit2.o(.ARM.Collect$$rtexit$$00000002) for __rt_exit_prels_1
    rtexit.o(.ARM.exidx) refers (Special) to rtexit2.o(.ARM.Collect$$rtexit$$00000004) for __rt_exit_exit
    rtexit.o(.ARM.exidx) refers (Special) to rtexit2.o(.ARM.Collect$$rtexit$$00000003) for __rt_exit_ls
    rtexit.o(.ARM.exidx) refers (Special) to rtexit2.o(.ARM.Collect$$rtexit$$00000002) for __rt_exit_prels_1
    rtexit.o(.ARM.exidx) refers to rtexit.o(.ARM.Collect$$rtexit$$00000000) for .ARM.Collect$$rtexit$$00000000
    libinit2.o(.ARM.Collect$$libinit$$00000010) refers to libinit2.o(.ARM.Collect$$libinit$$0000000F) for .ARM.Collect$$libinit$$0000000F
    libinit2.o(.ARM.Collect$$libinit$$00000012) refers to libinit2.o(.ARM.Collect$$libinit$$0000000F) for .ARM.Collect$$libinit$$0000000F
    libinit2.o(.ARM.Collect$$libinit$$00000014) refers to libinit2.o(.ARM.Collect$$libinit$$0000000F) for .ARM.Collect$$libinit$$0000000F
    libinit2.o(.ARM.Collect$$libinit$$00000016) refers to libinit2.o(.ARM.Collect$$libinit$$0000000F) for .ARM.Collect$$libinit$$0000000F
    libinit2.o(.ARM.Collect$$libinit$$00000018) refers to libinit2.o(.ARM.Collect$$libinit$$0000000F) for .ARM.Collect$$libinit$$0000000F
    libinit2.o(.ARM.Collect$$libinit$$00000026) refers to argv_veneer.o(.emb_text) for __ARM_argv_veneer
    libinit2.o(.ARM.Collect$$libinit$$00000027) refers to argv_veneer.o(.emb_text) for __ARM_argv_veneer
    rtexit2.o(.ARM.Collect$$rtexit$$00000003) refers to libshutdown.o(.ARM.Collect$$libshutdown$$00000000) for __rt_lib_shutdown
    rtexit2.o(.ARM.Collect$$rtexit$$00000004) refers to sys_exit.o(.text) for _sys_exit
    rtexit2.o(.ARM.exidx) refers to rtexit2.o(.ARM.Collect$$rtexit$$00000001) for .ARM.Collect$$rtexit$$00000001
    rtexit2.o(.ARM.exidx) refers to rtexit2.o(.ARM.Collect$$rtexit$$00000003) for .ARM.Collect$$rtexit$$00000003
    rtexit2.o(.ARM.exidx) refers to rtexit2.o(.ARM.Collect$$rtexit$$00000004) for .ARM.Collect$$rtexit$$00000004
    argv_veneer.o(.emb_text) refers to no_argv.o(.text) for __ARM_get_argv
    sys_exit.o(.text) refers (Special) to use_no_semi.o(.text) for __I$use$semihosting
    sys_exit.o(.text) refers (Special) to indicate_semi.o(.text) for __semihosting_library_function
    _get_argv_nomalloc.o(.text) refers (Special) to hrguard.o(.text) for __heap_region$guard
    _get_argv_nomalloc.o(.text) refers to defsig_rtmem_outer.o(.text) for __rt_SIGRTMEM
    _get_argv_nomalloc.o(.text) refers to sys_command.o(.text) for _sys_command_string
    libshutdown.o(.ARM.Collect$$libshutdown$$00000000) refers (Special) to libshutdown2.o(.ARM.Collect$$libshutdown$$00000004) for __rt_lib_shutdown_cpp_1
    libshutdown.o(.ARM.Collect$$libshutdown$$00000000) refers (Special) to libshutdown2.o(.ARM.Collect$$libshutdown$$00000002) for __rt_lib_shutdown_fini_1
    libshutdown.o(.ARM.Collect$$libshutdown$$00000000) refers (Special) to libshutdown2.o(.ARM.Collect$$libshutdown$$00000009) for __rt_lib_shutdown_fp_trap_1
    libshutdown.o(.ARM.Collect$$libshutdown$$00000000) refers (Special) to libshutdown2.o(.ARM.Collect$$libshutdown$$00000011) for __rt_lib_shutdown_heap_1
    libshutdown.o(.ARM.Collect$$libshutdown$$00000000) refers (Special) to libshutdown2.o(.ARM.Collect$$libshutdown$$00000012) for __rt_lib_shutdown_return
    libshutdown.o(.ARM.Collect$$libshutdown$$00000000) refers (Special) to libshutdown2.o(.ARM.Collect$$libshutdown$$0000000C) for __rt_lib_shutdown_signal_1
    libshutdown.o(.ARM.Collect$$libshutdown$$00000000) refers (Special) to libshutdown2.o(.ARM.Collect$$libshutdown$$00000006) for __rt_lib_shutdown_stdio_1
    libshutdown.o(.ARM.Collect$$libshutdown$$00000000) refers (Special) to libshutdown2.o(.ARM.Collect$$libshutdown$$0000000E) for __rt_lib_shutdown_user_alloc_1
    sys_command.o(.text) refers (Special) to use_no_semi.o(.text) for __I$use$semihosting
    sys_command.o(.text) refers (Special) to indicate_semi.o(.text) for __semihosting_library_function
    defsig_rtmem_outer.o(.text) refers to defsig_rtmem_inner.o(.text) for __rt_SIGRTMEM_inner
    defsig_rtmem_outer.o(.text) refers to defsig_exit.o(.text) for __sig_exit
    defsig_rtmem_formal.o(.text) refers to rt_raise.o(.text) for __rt_raise
    rt_raise.o(.text) refers to __raise.o(.text) for __raise
    rt_raise.o(.text) refers to sys_exit.o(.text) for _sys_exit
    defsig_exit.o(.text) refers to sys_exit.o(.text) for _sys_exit
    defsig_rtmem_inner.o(.text) refers to defsig_general.o(.text) for __default_signal_display
    __raise.o(.text) refers to defsig.o(CL$$defsig) for __default_signal_handler
    defsig_general.o(.text) refers to sys_wrch.o(.text) for _ttywrch
    sys_wrch.o(.text) refers (Special) to use_no_semi.o(.text) for __I$use$semihosting
    sys_wrch.o(.text) refers (Special) to indicate_semi.o(.text) for __semihosting_library_function
    defsig.o(CL$$defsig) refers to defsig_rtmem_inner.o(.text) for __rt_SIGRTMEM_inner
    defsig_abrt_inner.o(.text) refers to defsig_general.o(.text) for __default_signal_display
    defsig_fpe_inner.o(.text) refers to defsig_general.o(.text) for __default_signal_display
    defsig_rtred_inner.o(.text) refers to defsig_general.o(.text) for __default_signal_display
    defsig_stak_inner.o(.text) refers to defsig_general.o(.text) for __default_signal_display
    defsig_pvfn_inner.o(.text) refers to defsig_general.o(.text) for __default_signal_display
    defsig_cppl_inner.o(.text) refers to defsig_general.o(.text) for __default_signal_display
    defsig_segv_inner.o(.text) refers to defsig_general.o(.text) for __default_signal_display
    defsig_other.o(.text) refers to defsig_general.o(.text) for __default_signal_display


==============================================================================

Removing Unused input sections from the image.

    Removing bluetooth.o(.rev16_text), (4 bytes).
    Removing bluetooth.o(.revsh_text), (4 bytes).
    Removing bluetooth.o(.rrx_text), (6 bytes).
    Removing bluetooth.o(i.Bluetooth_Init), (56 bytes).
    Removing bluetooth.o(i.Bluetooth_NumberOfBytesReceived), (20 bytes).
    Removing bluetooth.o(i.Bluetooth_RxBufferInit), (32 bytes).
    Removing bluetooth.o(i.Bluetooth_RxStatus), (40 bytes).
    Removing bme280.o(.rev16_text), (4 bytes).
    Removing bme280.o(.revsh_text), (4 bytes).
    Removing bme280.o(.rrx_text), (6 bytes).
    Removing eeprom24c16.o(.rev16_text), (4 bytes).
    Removing eeprom24c16.o(.revsh_text), (4 bytes).
    Removing eeprom24c16.o(.rrx_text), (6 bytes).
    Removing eeprom24c16.o(i.EEPROM_GetData), (96 bytes).
    Removing eeprom24c16.o(i.EEPROM_Init), (40 bytes).
    Removing eeprom24c16.o(i.EEPROM_ReadPage), (76 bytes).
    Removing eeprom24c16.o(i.EEPROM_StoreData), (96 bytes).
    Removing eeprom24c16.o(i.EEPROM_WritePage), (80 bytes).
    Removing hc12.o(.rev16_text), (4 bytes).
    Removing hc12.o(.revsh_text), (4 bytes).
    Removing hc12.o(.rrx_text), (6 bytes).
    Removing lcd.o(.rev16_text), (4 bytes).
    Removing lcd.o(.revsh_text), (4 bytes).
    Removing lcd.o(.rrx_text), (6 bytes).
    Removing system.o(.rev16_text), (4 bytes).
    Removing system.o(.revsh_text), (4 bytes).
    Removing system.o(.rrx_text), (6 bytes).
    Removing system.o(i.System_ClearStandbyFlag), (8 bytes).
    Removing system.o(i.System_GoToStandbyMode), (8 bytes).
    Removing system.o(i.System_TimerDoneCounting), (48 bytes).
    Removing system.o(i.System_TimerInit), (10 bytes).
    Removing ds3231.o(.rev16_text), (4 bytes).
    Removing ds3231.o(.revsh_text), (4 bytes).
    Removing ds3231.o(.rrx_text), (6 bytes).
    Removing ds3231.o(i.BCDToHex), (20 bytes).
    Removing ds3231.o(i.DS3231_12HourFormat), (72 bytes).
    Removing ds3231.o(i.DS3231_24HourFormat), (44 bytes).
    Removing ds3231.o(i.DS3231_GetAlarm2_Status), (32 bytes).
    Removing ds3231.o(i.DS3231_GetTime), (108 bytes).
    Removing ds3231.o(i.DS3231_Init), (40 bytes).
    Removing ds3231.o(i.DS3231_ResetAlarm2), (44 bytes).
    Removing ds3231.o(i.DS3231_SetAlarm2), (64 bytes).
    Removing ds3231.o(i.DS3231_SetTime), (84 bytes).
    Removing ds3231.o(i.HexToBCD), (28 bytes).
    Removing wifi.o(.rev16_text), (4 bytes).
    Removing wifi.o(.revsh_text), (4 bytes).
    Removing wifi.o(.rrx_text), (6 bytes).
    Removing wifi.o(i.WiFi_Init), (56 bytes).
    Removing wifi.o(i.WiFi_TransmitBytes), (24 bytes).
    Removing keypad.o(.rev16_text), (4 bytes).
    Removing keypad.o(.revsh_text), (4 bytes).
    Removing keypad.o(.rrx_text), (6 bytes).
    Removing clocks.o(.rev16_text), (4 bytes).
    Removing clocks.o(.revsh_text), (4 bytes).
    Removing clocks.o(.rrx_text), (6 bytes).
    Removing gpio.o(.rev16_text), (4 bytes).
    Removing gpio.o(.revsh_text), (4 bytes).
    Removing gpio.o(.rrx_text), (6 bytes).
    Removing gpio.o(i.GPIO_OutputRead), (26 bytes).
    Removing i2c.o(.rev16_text), (4 bytes).
    Removing i2c.o(.revsh_text), (4 bytes).
    Removing i2c.o(.rrx_text), (6 bytes).
    Removing i2c.o(i.I2C_WriteMultiByte), (130 bytes).
    Removing systick.o(.rev16_text), (4 bytes).
    Removing systick.o(.revsh_text), (4 bytes).
    Removing systick.o(.rrx_text), (6 bytes).
    Removing systick.o(i.SysTick_GetTick), (12 bytes).
    Removing uart.o(.rev16_text), (4 bytes).
    Removing uart.o(.revsh_text), (4 bytes).
    Removing uart.o(.rrx_text), (6 bytes).
    Removing uart.o(i.USART_RxBufferFull), (20 bytes).
    Removing uart.o(i.USART_RxIdleLineDetected), (20 bytes).
    Removing uart.o(i.USART_TransmitByte), (16 bytes).
    Removing pwr.o(.rev16_text), (4 bytes).
    Removing pwr.o(.revsh_text), (4 bytes).
    Removing pwr.o(.rrx_text), (6 bytes).
    Removing pwr.o(i.PWR_ClearStandbyFlag), (32 bytes).
    Removing pwr.o(i.PWR_GoToStandbyMode), (68 bytes).
    Removing dma.o(.rev16_text), (4 bytes).
    Removing dma.o(.revsh_text), (4 bytes).
    Removing dma.o(.rrx_text), (6 bytes).
    Removing dma.o(i.DMA_Rx_CNDTR), (8 bytes).
    Removing system_stm32f10x.o(.rev16_text), (4 bytes).
    Removing system_stm32f10x.o(.revsh_text), (4 bytes).
    Removing system_stm32f10x.o(.rrx_text), (6 bytes).
    Removing system_stm32f10x.o(i.SystemCoreClockUpdate), (164 bytes).
    Removing system_stm32f10x.o(.data), (20 bytes).

87 unused section(s) (total 1980 bytes) removed from the image.

==============================================================================

Image Symbol Table

    Local Symbols

    Symbol Name                              Value     Ov Type        Size  Object(Section)

    ../clib/angel/boardlib.s                 0x00000000   Number         0  boardinit2.o ABSOLUTE
    ../clib/angel/boardlib.s                 0x00000000   Number         0  boardinit3.o ABSOLUTE
    ../clib/angel/boardlib.s                 0x00000000   Number         0  boardshut.o ABSOLUTE
    ../clib/angel/boardlib.s                 0x00000000   Number         0  boardinit1.o ABSOLUTE
    ../clib/angel/handlers.s                 0x00000000   Number         0  __scatter_zi.o ABSOLUTE
    ../clib/angel/handlers.s                 0x00000000   Number         0  __scatter_copy.o ABSOLUTE
    ../clib/angel/kernel.s                   0x00000000   Number         0  rtexit.o ABSOLUTE
    ../clib/angel/kernel.s                   0x00000000   Number         0  __rtentry4.o ABSOLUTE
    ../clib/angel/kernel.s                   0x00000000   Number         0  rtexit2.o ABSOLUTE
    ../clib/angel/kernel.s                   0x00000000   Number         0  __rtentry2.o ABSOLUTE
    ../clib/angel/kernel.s                   0x00000000   Number         0  __rtentry.o ABSOLUTE
    ../clib/angel/rt.s                       0x00000000   Number         0  rt_raise.o ABSOLUTE
    ../clib/angel/scatter.s                  0x00000000   Number         0  __scatter.o ABSOLUTE
    ../clib/angel/startup.s                  0x00000000   Number         0  __main.o ABSOLUTE
    ../clib/angel/sys.s                      0x00000000   Number         0  sys_stackheap_outer.o ABSOLUTE
    ../clib/angel/sys.s                      0x00000000   Number         0  use_no_semi.o ABSOLUTE
    ../clib/angel/sys.s                      0x00000000   Number         0  indicate_semi.o ABSOLUTE
    ../clib/angel/sys.s                      0x00000000   Number         0  libspace.o ABSOLUTE
    ../clib/angel/sysapp.c                   0x00000000   Number         0  sys_wrch.o ABSOLUTE
    ../clib/angel/sysapp.c                   0x00000000   Number         0  sys_command.o ABSOLUTE
    ../clib/angel/sysapp.c                   0x00000000   Number         0  sys_exit.o ABSOLUTE
    ../clib/armsys.c                         0x00000000   Number         0  argv_veneer.o ABSOLUTE
    ../clib/armsys.c                         0x00000000   Number         0  no_argv.o ABSOLUTE
    ../clib/armsys.c                         0x00000000   Number         0  argv_veneer.o ABSOLUTE
    ../clib/armsys.c                         0x00000000   Number         0  _get_argv_nomalloc.o ABSOLUTE
    ../clib/heapalloc.c                      0x00000000   Number         0  hrguard.o ABSOLUTE
    ../clib/heapaux.c                        0x00000000   Number         0  heapauxi.o ABSOLUTE
    ../clib/libinit.s                        0x00000000   Number         0  libinit.o ABSOLUTE
    ../clib/libinit.s                        0x00000000   Number         0  libshutdown.o ABSOLUTE
    ../clib/libinit.s                        0x00000000   Number         0  libinit2.o ABSOLUTE
    ../clib/libinit.s                        0x00000000   Number         0  libshutdown2.o ABSOLUTE
    ../clib/memcpset.s                       0x00000000   Number         0  aeabi_memset.o ABSOLUTE
    ../clib/memcpset.s                       0x00000000   Number         0  rt_memclr.o ABSOLUTE
    ../clib/memcpset.s                       0x00000000   Number         0  rt_memclr_w.o ABSOLUTE
    ../clib/signal.c                         0x00000000   Number         0  defsig_general.o ABSOLUTE
    ../clib/signal.c                         0x00000000   Number         0  defsig_rtmem_formal.o ABSOLUTE
    ../clib/signal.c                         0x00000000   Number         0  defsig_abrt_inner.o ABSOLUTE
    ../clib/signal.c                         0x00000000   Number         0  defsig_fpe_inner.o ABSOLUTE
    ../clib/signal.c                         0x00000000   Number         0  defsig_rtred_inner.o ABSOLUTE
    ../clib/signal.c                         0x00000000   Number         0  defsig_stak_inner.o ABSOLUTE
    ../clib/signal.c                         0x00000000   Number         0  defsig_pvfn_inner.o ABSOLUTE
    ../clib/signal.c                         0x00000000   Number         0  defsig_cppl_inner.o ABSOLUTE
    ../clib/signal.c                         0x00000000   Number         0  defsig_segv_inner.o ABSOLUTE
    ../clib/signal.c                         0x00000000   Number         0  defsig_rtmem_outer.o ABSOLUTE
    ../clib/signal.c                         0x00000000   Number         0  defsig_other.o ABSOLUTE
    ../clib/signal.c                         0x00000000   Number         0  defsig_exit.o ABSOLUTE
    ../clib/signal.c                         0x00000000   Number         0  defsig_rtmem_inner.o ABSOLUTE
    ../clib/signal.c                         0x00000000   Number         0  __raise.o ABSOLUTE
    ../clib/signal.s                         0x00000000   Number         0  defsig.o ABSOLUTE
    ../clib/stdlib.c                         0x00000000   Number         0  exit.o ABSOLUTE
    ../clib/string.c                         0x00000000   Number         0  strlen.o ABSOLUTE
    ../fplib/fpinit.s                        0x00000000   Number         0  fpinit.o ABSOLUTE
    RTE\Device\STM32F103C8\startup_stm32f10x_md.s 0x00000000   Number         0  startup_stm32f10x_md.o ABSOLUTE
    RTE\Device\STM32F103C8\system_stm32f10x.c 0x00000000   Number         0  system_stm32f10x.o ABSOLUTE
    RTE\\Device\\STM32F103C8\\system_stm32f10x.c 0x00000000   Number         0  system_stm32f10x.o ABSOLUTE
    bluetooth.c                              0x00000000   Number         0  bluetooth.o ABSOLUTE
    bluetooth.c                              0x00000000   Number         0  bluetooth.o ABSOLUTE
    bme280.c                                 0x00000000   Number         0  bme280.o ABSOLUTE
    bme280.c                                 0x00000000   Number         0  bme280.o ABSOLUTE
    clocks.c                                 0x00000000   Number         0  clocks.o ABSOLUTE
    clocks.c                                 0x00000000   Number         0  clocks.o ABSOLUTE
    communication.c                          0x00000000   Number         0  communication.o ABSOLUTE
    conversions.c                            0x00000000   Number         0  conversions.o ABSOLUTE
    dc.s                                     0x00000000   Number         0  dc.o ABSOLUTE
    display.c                                0x00000000   Number         0  display.o ABSOLUTE
    dma.c                                    0x00000000   Number         0  dma.o ABSOLUTE
    dma.c                                    0x00000000   Number         0  dma.o ABSOLUTE
    ds3231.c                                 0x00000000   Number         0  ds3231.o ABSOLUTE
    ds3231.c                                 0x00000000   Number         0  ds3231.o ABSOLUTE
    eeprom24c16.c                            0x00000000   Number         0  eeprom24c16.o ABSOLUTE
    eeprom24c16.c                            0x00000000   Number         0  eeprom24c16.o ABSOLUTE
    gpio.c                                   0x00000000   Number         0  gpio.o ABSOLUTE
    gpio.c                                   0x00000000   Number         0  gpio.o ABSOLUTE
    hc12.c                                   0x00000000   Number         0  hc12.o ABSOLUTE
    hc12.c                                   0x00000000   Number         0  hc12.o ABSOLUTE
    hmi.c                                    0x00000000   Number         0  hmi.o ABSOLUTE
    i2c.c                                    0x00000000   Number         0  i2c.o ABSOLUTE
    i2c.c                                    0x00000000   Number         0  i2c.o ABSOLUTE
    keypad.c                                 0x00000000   Number         0  keypad.o ABSOLUTE
    keypad.c                                 0x00000000   Number         0  keypad.o ABSOLUTE
    lcd.c                                    0x00000000   Number         0  lcd.o ABSOLUTE
    lcd.c                                    0x00000000   Number         0  lcd.o ABSOLUTE
    main.c                                   0x00000000   Number         0  main.o ABSOLUTE
    pwr.c                                    0x00000000   Number         0  pwr.o ABSOLUTE
    pwr.c                                    0x00000000   Number         0  pwr.o ABSOLUTE
    system.c                                 0x00000000   Number         0  system.o ABSOLUTE
    system.c                                 0x00000000   Number         0  system.o ABSOLUTE
    systick.c                                0x00000000   Number         0  systick.o ABSOLUTE
    systick.c                                0x00000000   Number         0  systick.o ABSOLUTE
    uart.c                                   0x00000000   Number         0  uart.o ABSOLUTE
    uart.c                                   0x00000000   Number         0  uart.o ABSOLUTE
    wifi.c                                   0x00000000   Number         0  wifi.o ABSOLUTE
    wifi.c                                   0x00000000   Number         0  wifi.o ABSOLUTE
    RESET                                    0x08000000   Section      236  startup_stm32f10x_md.o(RESET)
    !!!main                                  0x080000ec   Section        8  __main.o(!!!main)
    !!!scatter                               0x080000f4   Section       52  __scatter.o(!!!scatter)
    !!handler_copy                           0x08000128   Section       26  __scatter_copy.o(!!handler_copy)
    !!handler_zi                             0x08000144   Section       28  __scatter_zi.o(!!handler_zi)
    .ARM.Collect$$libinit$$00000000          0x08000160   Section        2  libinit.o(.ARM.Collect$$libinit$$00000000)
    .ARM.Collect$$libinit$$00000002          0x08000162   Section        0  libinit2.o(.ARM.Collect$$libinit$$00000002)
    .ARM.Collect$$libinit$$00000004          0x08000162   Section        0  libinit2.o(.ARM.Collect$$libinit$$00000004)
    .ARM.Collect$$libinit$$0000000A          0x08000162   Section        0  libinit2.o(.ARM.Collect$$libinit$$0000000A)
    .ARM.Collect$$libinit$$0000000C          0x08000162   Section        0  libinit2.o(.ARM.Collect$$libinit$$0000000C)
    .ARM.Collect$$libinit$$0000000E          0x08000162   Section        0  libinit2.o(.ARM.Collect$$libinit$$0000000E)
    .ARM.Collect$$libinit$$00000011          0x08000162   Section        0  libinit2.o(.ARM.Collect$$libinit$$00000011)
    .ARM.Collect$$libinit$$00000013          0x08000162   Section        0  libinit2.o(.ARM.Collect$$libinit$$00000013)
    .ARM.Collect$$libinit$$00000015          0x08000162   Section        0  libinit2.o(.ARM.Collect$$libinit$$00000015)
    .ARM.Collect$$libinit$$00000017          0x08000162   Section        0  libinit2.o(.ARM.Collect$$libinit$$00000017)
    .ARM.Collect$$libinit$$00000019          0x08000162   Section        0  libinit2.o(.ARM.Collect$$libinit$$00000019)
    .ARM.Collect$$libinit$$0000001B          0x08000162   Section        0  libinit2.o(.ARM.Collect$$libinit$$0000001B)
    .ARM.Collect$$libinit$$0000001D          0x08000162   Section        0  libinit2.o(.ARM.Collect$$libinit$$0000001D)
    .ARM.Collect$$libinit$$0000001F          0x08000162   Section        0  libinit2.o(.ARM.Collect$$libinit$$0000001F)
    .ARM.Collect$$libinit$$00000021          0x08000162   Section        0  libinit2.o(.ARM.Collect$$libinit$$00000021)
    .ARM.Collect$$libinit$$00000023          0x08000162   Section        0  libinit2.o(.ARM.Collect$$libinit$$00000023)
    .ARM.Collect$$libinit$$00000025          0x08000162   Section        0  libinit2.o(.ARM.Collect$$libinit$$00000025)
    .ARM.Collect$$libinit$$0000002C          0x08000162   Section        0  libinit2.o(.ARM.Collect$$libinit$$0000002C)
    .ARM.Collect$$libinit$$0000002E          0x08000162   Section        0  libinit2.o(.ARM.Collect$$libinit$$0000002E)
    .ARM.Collect$$libinit$$00000030          0x08000162   Section        0  libinit2.o(.ARM.Collect$$libinit$$00000030)
    .ARM.Collect$$libinit$$00000032          0x08000162   Section        0  libinit2.o(.ARM.Collect$$libinit$$00000032)
    .ARM.Collect$$libinit$$00000033          0x08000162   Section        2  libinit2.o(.ARM.Collect$$libinit$$00000033)
    .ARM.Collect$$libshutdown$$00000000      0x08000164   Section        2  libshutdown.o(.ARM.Collect$$libshutdown$$00000000)
    .ARM.Collect$$libshutdown$$00000002      0x08000166   Section        0  libshutdown2.o(.ARM.Collect$$libshutdown$$00000002)
    .ARM.Collect$$libshutdown$$00000004      0x08000166   Section        0  libshutdown2.o(.ARM.Collect$$libshutdown$$00000004)
    .ARM.Collect$$libshutdown$$00000006      0x08000166   Section        0  libshutdown2.o(.ARM.Collect$$libshutdown$$00000006)
    .ARM.Collect$$libshutdown$$00000009      0x08000166   Section        0  libshutdown2.o(.ARM.Collect$$libshutdown$$00000009)
    .ARM.Collect$$libshutdown$$0000000C      0x08000166   Section        0  libshutdown2.o(.ARM.Collect$$libshutdown$$0000000C)
    .ARM.Collect$$libshutdown$$0000000E      0x08000166   Section        0  libshutdown2.o(.ARM.Collect$$libshutdown$$0000000E)
    .ARM.Collect$$libshutdown$$00000011      0x08000166   Section        0  libshutdown2.o(.ARM.Collect$$libshutdown$$00000011)
    .ARM.Collect$$libshutdown$$00000012      0x08000166   Section        2  libshutdown2.o(.ARM.Collect$$libshutdown$$00000012)
    .ARM.Collect$$rtentry$$00000000          0x08000168   Section        0  __rtentry.o(.ARM.Collect$$rtentry$$00000000)
    .ARM.Collect$$rtentry$$00000002          0x08000168   Section        0  __rtentry2.o(.ARM.Collect$$rtentry$$00000002)
    .ARM.Collect$$rtentry$$00000004          0x08000168   Section        6  __rtentry4.o(.ARM.Collect$$rtentry$$00000004)
    .ARM.Collect$$rtentry$$00000009          0x0800016e   Section        0  __rtentry2.o(.ARM.Collect$$rtentry$$00000009)
    .ARM.Collect$$rtentry$$0000000A          0x0800016e   Section        4  __rtentry2.o(.ARM.Collect$$rtentry$$0000000A)
    .ARM.Collect$$rtentry$$0000000C          0x08000172   Section        0  __rtentry2.o(.ARM.Collect$$rtentry$$0000000C)
    .ARM.Collect$$rtentry$$0000000D          0x08000172   Section        8  __rtentry2.o(.ARM.Collect$$rtentry$$0000000D)
    .ARM.Collect$$rtexit$$00000000           0x0800017a   Section        2  rtexit.o(.ARM.Collect$$rtexit$$00000000)
    .ARM.Collect$$rtexit$$00000002           0x0800017c   Section        0  rtexit2.o(.ARM.Collect$$rtexit$$00000002)
    .ARM.Collect$$rtexit$$00000003           0x0800017c   Section        4  rtexit2.o(.ARM.Collect$$rtexit$$00000003)
    .ARM.Collect$$rtexit$$00000004           0x08000180   Section        6  rtexit2.o(.ARM.Collect$$rtexit$$00000004)
    .text                                    0x08000188   Section       64  startup_stm32f10x_md.o(.text)
    .text                                    0x080001c8   Section        0  strlen.o(.text)
    .text                                    0x08000206   Section       16  aeabi_memset.o(.text)
    .text                                    0x08000216   Section        0  heapauxi.o(.text)
    .text                                    0x0800021c   Section       68  rt_memclr.o(.text)
    .text                                    0x08000260   Section       78  rt_memclr_w.o(.text)
    .text                                    0x080002ae   Section       74  sys_stackheap_outer.o(.text)
    .text                                    0x080002f8   Section        0  exit.o(.text)
    .text                                    0x0800030c   Section        8  libspace.o(.text)
    .text                                    0x08000314   Section        0  sys_exit.o(.text)
    .text                                    0x08000320   Section        2  use_no_semi.o(.text)
    .text                                    0x08000322   Section        0  indicate_semi.o(.text)
    i.ActivateColumn                         0x08000324   Section        0  keypad.o(i.ActivateColumn)
    ActivateColumn                           0x08000325   Thumb Code   108  keypad.o(i.ActivateColumn)
    i.BME280_GetData                         0x08000394   Section        0  bme280.o(i.BME280_GetData)
    i.BME280_Init                            0x080004d0   Section        0  bme280.o(i.BME280_Init)
    i.BME280_Store_Compensation_Parameters   0x08000530   Section        0  bme280.o(i.BME280_Store_Compensation_Parameters)
    BME280_Store_Compensation_Parameters     0x08000531   Thumb Code    86  bme280.o(i.BME280_Store_Compensation_Parameters)
    i.Clocks_Init                            0x08000588   Section        0  clocks.o(i.Clocks_Init)
    i.Conv_IntegerToString                   0x080005f0   Section        0  conversions.o(i.Conv_IntegerToString)
    i.Conv_StringToInteger                   0x08000634   Section        0  conversions.o(i.Conv_StringToInteger)
    i.DMA_Rx_BufferFull                      0x08000668   Section        0  dma.o(i.DMA_Rx_BufferFull)
    i.DMA_USART_Rx_Init                      0x08000694   Section        0  dma.o(i.DMA_USART_Rx_Init)
    i.Display_Bme280Data                     0x080006b0   Section        0  display.o(i.Display_Bme280Data)
    i.Display_NodeData                       0x08000748   Section        0  display.o(i.Display_NodeData)
    i.Display_Threshold                      0x0800087c   Section        0  display.o(i.Display_Threshold)
    i.FSM_DisplayBme280Data                  0x08000a3c   Section        0  hmi.o(i.FSM_DisplayBme280Data)
    FSM_DisplayBme280Data                    0x08000a3d   Thumb Code    46  hmi.o(i.FSM_DisplayBme280Data)
    i.FSM_Humidity                           0x08000a7c   Section        0  hmi.o(i.FSM_Humidity)
    FSM_Humidity                             0x08000a7d   Thumb Code   232  hmi.o(i.FSM_Humidity)
    i.FSM_IrrigTime                          0x08000b84   Section        0  hmi.o(i.FSM_IrrigTime)
    FSM_IrrigTime                            0x08000b85   Thumb Code   212  hmi.o(i.FSM_IrrigTime)
    i.FSM_Moisture                           0x08000c80   Section        0  hmi.o(i.FSM_Moisture)
    FSM_Moisture                             0x08000c81   Thumb Code   232  hmi.o(i.FSM_Moisture)
    i.FSM_Node                               0x08000d90   Section        0  hmi.o(i.FSM_Node)
    FSM_Node                                 0x08000d91   Thumb Code   126  hmi.o(i.FSM_Node)
    i.FSM_StateTransition                    0x08000e38   Section        0  hmi.o(i.FSM_StateTransition)
    FSM_StateTransition                      0x08000e39   Thumb Code    36  hmi.o(i.FSM_StateTransition)
    i.FSM_Temperature                        0x08000e64   Section        0  hmi.o(i.FSM_Temperature)
    FSM_Temperature                          0x08000e65   Thumb Code   232  hmi.o(i.FSM_Temperature)
    i.GPIO_InputInit                         0x08000f74   Section        0  gpio.o(i.GPIO_InputInit)
    i.GPIO_InputInitReg                      0x08000f94   Section        0  gpio.o(i.GPIO_InputInitReg)
    i.GPIO_InputRead                         0x08000fb0   Section        0  gpio.o(i.GPIO_InputRead)
    i.GPIO_OutputClearReg                    0x08000fca   Section        0  gpio.o(i.GPIO_OutputClearReg)
    i.GPIO_OutputInit                        0x08000fd2   Section        0  gpio.o(i.GPIO_OutputInit)
    i.GPIO_OutputRegWrite                    0x08000fec   Section        0  gpio.o(i.GPIO_OutputRegWrite)
    i.GPIO_OutputWrite                       0x08000ff4   Section        0  gpio.o(i.GPIO_OutputWrite)
    i.GPIO_Reset                             0x08001010   Section        0  gpio.o(i.GPIO_Reset)
    i.HC12_Init                              0x08001070   Section        0  hc12.o(i.HC12_Init)
    i.HC12_RxBufferInit                      0x080010a8   Section        0  hc12.o(i.HC12_RxBufferInit)
    i.HC12_Rx_BufferFull                     0x080010c8   Section        0  hc12.o(i.HC12_Rx_BufferFull)
    i.HC12_TransmitBytes                     0x080010d8   Section        0  hc12.o(i.HC12_TransmitBytes)
    i.HMI_Execute                            0x080010f0   Section        0  hmi.o(i.HMI_Execute)
    i.HMI_Init                               0x080011a0   Section        0  hmi.o(i.HMI_Init)
    i.I2C_Init                               0x080011bc   Section        0  i2c.o(i.I2C_Init)
    i.I2C_Read2Bytes                         0x080011e2   Section        0  i2c.o(i.I2C_Read2Bytes)
    i.I2C_ReadByte                           0x0800128c   Section        0  i2c.o(i.I2C_ReadByte)
    i.I2C_ReadMultiByte                      0x0800132c   Section        0  i2c.o(i.I2C_ReadMultiByte)
    i.I2C_WriteByte                          0x08001450   Section        0  i2c.o(i.I2C_WriteByte)
    i.IsDigit                                0x080014c2   Section        0  keypad.o(i.IsDigit)
    IsDigit                                  0x080014c3   Thumb Code    18  keypad.o(i.IsDigit)
    i.Keypad_GetChar                         0x080014d4   Section        0  keypad.o(i.Keypad_GetChar)
    i.Keypad_Init                            0x08001520   Section        0  keypad.o(i.Keypad_Init)
    i.Keypad_StoreKeyPress                   0x0800155c   Section        0  keypad.o(i.Keypad_StoreKeyPress)
    Keypad_StoreKeyPress                     0x0800155d   Thumb Code    30  keypad.o(i.Keypad_StoreKeyPress)
    i.Keypad_StrTo16bitInt                   0x0800157a   Section        0  keypad.o(i.Keypad_StrTo16bitInt)
    i.Keypad_StrTo8bitInt                    0x080015a8   Section        0  keypad.o(i.Keypad_StrTo8bitInt)
    i.LCD_Clear                              0x080015d6   Section        0  lcd.o(i.LCD_Clear)
    i.LCD_Init                               0x080015e4   Section        0  lcd.o(i.LCD_Init)
    i.LCD_SetCursor                          0x08001658   Section        0  lcd.o(i.LCD_SetCursor)
    i.LCD_Write                              0x08001684   Section        0  lcd.o(i.LCD_Write)
    LCD_Write                                0x08001685   Thumb Code   174  lcd.o(i.LCD_Write)
    i.LCD_WriteByte                          0x0800173c   Section        0  lcd.o(i.LCD_WriteByte)
    i.LCD_WriteString                        0x0800174a   Section        0  lcd.o(i.LCD_WriteString)
    i.Master_EncodeTxData                    0x08001760   Section        0  communication.o(i.Master_EncodeTxData)
    i.Master_TransmitReceive                 0x08001780   Section        0  communication.o(i.Master_TransmitReceive)
    i.RefreshRow                             0x080017c8   Section        0  display.o(i.RefreshRow)
    RefreshRow                               0x080017c9   Thumb Code    32  display.o(i.RefreshRow)
    i.Reset_MasterToNode16bitData            0x080017e8   Section        0  hmi.o(i.Reset_MasterToNode16bitData)
    Reset_MasterToNode16bitData              0x080017e9   Thumb Code    38  hmi.o(i.Reset_MasterToNode16bitData)
    i.Reset_MasterToNode8bitData             0x08001814   Section        0  hmi.o(i.Reset_MasterToNode8bitData)
    Reset_MasterToNode8bitData               0x08001815   Thumb Code    38  hmi.o(i.Reset_MasterToNode8bitData)
    i.SetSysClock                            0x08001840   Section        0  system_stm32f10x.o(i.SetSysClock)
    SetSysClock                              0x08001841   Thumb Code     8  system_stm32f10x.o(i.SetSysClock)
    i.SetSysClockTo72                        0x08001848   Section        0  system_stm32f10x.o(i.SetSysClockTo72)
    SetSysClockTo72                          0x08001849   Thumb Code   214  system_stm32f10x.o(i.SetSysClockTo72)
    i.SysTick_DelayMs                        0x08001928   Section        0  systick.o(i.SysTick_DelayMs)
    i.SysTick_Handler                        0x08001940   Section        0  systick.o(i.SysTick_Handler)
    i.SysTick_Init                           0x08001950   Section        0  systick.o(i.SysTick_Init)
    i.SystemInit                             0x0800196c   Section        0  system_stm32f10x.o(i.SystemInit)
    i.System_Init                            0x080019cc   Section        0  system.o(i.System_Init)
    i.System_TimerDelayMs                    0x080019dc   Section        0  system.o(i.System_TimerDelayMs)
    i.USART_Init                             0x080019e8   Section        0  uart.o(i.USART_Init)
    i.USART_TransmitBytes                    0x08001a4a   Section        0  uart.o(i.USART_TransmitBytes)
    i.main                                   0x08001a6c   Section        0  main.o(i.main)
    .constdata                               0x08001ab0   Section       29  display.o(.constdata)
    .constdata                               0x08001acd   Section       32  lcd.o(.constdata)
    .constdata                               0x08001aed   Section       20  keypad.o(.constdata)
    .constdata                               0x08001b04   Section       20  conversions.o(.constdata)
    .data                                    0x20000000   Section       15  main.o(.data)
    nodeToMasterData                         0x20000000   Data           1  main.o(.data)
    masterToNodeData                         0x20000001   Data          13  main.o(.data)
    nodeToMasterDataArray                    0x2000000e   Data           1  main.o(.data)
    .data                                    0x20000010   Section       72  hmi.o(.data)
    ptrMasterToNode                          0x20000010   Data           4  hmi.o(.data)
    ptrNodeToMaster                          0x20000014   Data           4  hmi.o(.data)
    ptrNodeToMasterArray                     0x20000018   Data           4  hmi.o(.data)
    currentState                             0x2000001c   Data           1  hmi.o(.data)
    currentSubstate                          0x2000001d   Data           1  hmi.o(.data)
    nodeID                                   0x2000001e   Data           1  hmi.o(.data)
    keyBuffer                                0x2000001f   Data           3  hmi.o(.data)
    minMoist                                 0x20000022   Data           1  hmi.o(.data)
    maxMoist                                 0x20000023   Data           1  hmi.o(.data)
    keyBuffer                                0x20000024   Data           3  hmi.o(.data)
    minHum                                   0x20000027   Data           1  hmi.o(.data)
    maxHum                                   0x20000028   Data           1  hmi.o(.data)
    keyBuffer                                0x20000029   Data           3  hmi.o(.data)
    minTemp                                  0x2000002c   Data           1  hmi.o(.data)
    maxTemp                                  0x2000002d   Data           1  hmi.o(.data)
    keyBuffer                                0x2000002e   Data           3  hmi.o(.data)
    minIrrigTime                             0x20000032   Data           2  hmi.o(.data)
    maxIrrigTime                             0x20000034   Data           2  hmi.o(.data)
    keyBuffer                                0x20000036   Data           5  hmi.o(.data)
    bme280Data                               0x2000003b   Data           2  hmi.o(.data)
    pStateFunction                           0x20000040   Data          24  hmi.o(.data)
    .data                                    0x20000058   Section        6  display.o(.data)
    prevRow1Data                             0x20000058   Data           1  display.o(.data)
    prevRow2Data                             0x20000059   Data           1  display.o(.data)
    prevRow1Data                             0x2000005a   Data           1  display.o(.data)
    prevRow2Data                             0x2000005b   Data           1  display.o(.data)
    prevMinValue                             0x2000005c   Data           1  display.o(.data)
    prevMaxValue                             0x2000005d   Data           1  display.o(.data)
    .data                                    0x20000060   Section       12  bme280.o(.data)
    rawAdcValue                              0x20000060   Data           8  bme280.o(.data)
    t_fine                                   0x20000068   Data           4  bme280.o(.data)
    .data                                    0x2000006c   Section        4  systick.o(.data)
    numberOfTicks                            0x2000006c   Data           4  systick.o(.data)
    .bss                                     0x20000070   Section       60  bme280.o(.bss)
    bme280                                   0x20000070   Data          18  bme280.o(.bss)
    bme280Calib00_25                         0x20000082   Data          26  bme280.o(.bss)
    bme280Calib26_41                         0x2000009c   Data          16  bme280.o(.bss)
    .bss                                     0x200000ac   Section       96  libspace.o(.bss)
    HEAP                                     0x20000110   Section      512  startup_stm32f10x_md.o(HEAP)
    Heap_Mem                                 0x20000110   Data         512  startup_stm32f10x_md.o(HEAP)
    STACK                                    0x20000310   Section     1024  startup_stm32f10x_md.o(STACK)
    Stack_Mem                                0x20000310   Data        1024  startup_stm32f10x_md.o(STACK)
    __initial_sp                             0x20000710   Data           0  startup_stm32f10x_md.o(STACK)

    Global Symbols

    Symbol Name                              Value     Ov Type        Size  Object(Section)

    BuildAttributes$$THM_ISAv4$P$D$K$B$S$PE$A:L22UL41UL21$X:L11$S22US41US21$IEEE1$IW$USESV6$~STKCKD$USESV7$~SHL$OSPACE$ROPI$EBA8$UX$STANDARDLIB$REQ8$PRES8$EABIv2 0x00000000   Number         0  anon$$obj.o ABSOLUTE
    __ARM_use_no_argv                        0x00000000   Number         0  main.o ABSOLUTE
    __ARM_exceptions_init                     - Undefined Weak Reference
    __alloca_initialize                       - Undefined Weak Reference
    __arm_fini_                               - Undefined Weak Reference
    __arm_preinit_                            - Undefined Weak Reference
    __cpp_initialize__aeabi_                  - Undefined Weak Reference
    __cxa_finalize                            - Undefined Weak Reference
    __rt_locale                               - Undefined Weak Reference
    __sigvec_lookup                           - Undefined Weak Reference
    _atexit_init                              - Undefined Weak Reference
    _call_atexit_fns                          - Undefined Weak Reference
    _clock_init                               - Undefined Weak Reference
    _fp_trap_init                             - Undefined Weak Reference
    _fp_trap_shutdown                         - Undefined Weak Reference
    _get_lc_collate                           - Undefined Weak Reference
    _get_lc_ctype                             - Undefined Weak Reference
    _get_lc_monetary                          - Undefined Weak Reference
    _get_lc_numeric                           - Undefined Weak Reference
    _get_lc_time                              - Undefined Weak Reference
    _getenv_init                              - Undefined Weak Reference
    _handle_redirection                       - Undefined Weak Reference
    _init_alloc                               - Undefined Weak Reference
    _init_user_alloc                          - Undefined Weak Reference
    _initio                                   - Undefined Weak Reference
    _rand_init                                - Undefined Weak Reference
    _signal_finish                            - Undefined Weak Reference
    _signal_init                              - Undefined Weak Reference
    _terminate_alloc                          - Undefined Weak Reference
    _terminate_user_alloc                     - Undefined Weak Reference
    _terminateio                              - Undefined Weak Reference
    __Vectors_Size                           0x000000ec   Number         0  startup_stm32f10x_md.o ABSOLUTE
    __Vectors                                0x08000000   Data           4  startup_stm32f10x_md.o(RESET)
    __Vectors_End                            0x080000ec   Data           0  startup_stm32f10x_md.o(RESET)
    __main                                   0x080000ed   Thumb Code     8  __main.o(!!!main)
    __scatterload                            0x080000f5   Thumb Code     0  __scatter.o(!!!scatter)
    __scatterload_rt2                        0x080000f5   Thumb Code    44  __scatter.o(!!!scatter)
    __scatterload_rt2_thumb_only             0x080000f5   Thumb Code     0  __scatter.o(!!!scatter)
    __scatterload_null                       0x08000103   Thumb Code     0  __scatter.o(!!!scatter)
    __scatterload_copy                       0x08000129   Thumb Code    26  __scatter_copy.o(!!handler_copy)
    __scatterload_zeroinit                   0x08000145   Thumb Code    28  __scatter_zi.o(!!handler_zi)
    __rt_lib_init                            0x08000161   Thumb Code     0  libinit.o(.ARM.Collect$$libinit$$00000000)
    __rt_lib_init_alloca_1                   0x08000163   Thumb Code     0  libinit2.o(.ARM.Collect$$libinit$$0000002E)
    __rt_lib_init_argv_1                     0x08000163   Thumb Code     0  libinit2.o(.ARM.Collect$$libinit$$0000002C)
    __rt_lib_init_atexit_1                   0x08000163   Thumb Code     0  libinit2.o(.ARM.Collect$$libinit$$0000001B)
    __rt_lib_init_clock_1                    0x08000163   Thumb Code     0  libinit2.o(.ARM.Collect$$libinit$$00000021)
    __rt_lib_init_cpp_1                      0x08000163   Thumb Code     0  libinit2.o(.ARM.Collect$$libinit$$00000032)
    __rt_lib_init_exceptions_1               0x08000163   Thumb Code     0  libinit2.o(.ARM.Collect$$libinit$$00000030)
    __rt_lib_init_fp_1                       0x08000163   Thumb Code     0  libinit2.o(.ARM.Collect$$libinit$$00000002)
    __rt_lib_init_fp_trap_1                  0x08000163   Thumb Code     0  libinit2.o(.ARM.Collect$$libinit$$0000001F)
    __rt_lib_init_getenv_1                   0x08000163   Thumb Code     0  libinit2.o(.ARM.Collect$$libinit$$00000023)
    __rt_lib_init_heap_1                     0x08000163   Thumb Code     0  libinit2.o(.ARM.Collect$$libinit$$0000000A)
    __rt_lib_init_lc_collate_1               0x08000163   Thumb Code     0  libinit2.o(.ARM.Collect$$libinit$$00000011)
    __rt_lib_init_lc_ctype_1                 0x08000163   Thumb Code     0  libinit2.o(.ARM.Collect$$libinit$$00000013)
    __rt_lib_init_lc_monetary_1              0x08000163   Thumb Code     0  libinit2.o(.ARM.Collect$$libinit$$00000015)
    __rt_lib_init_lc_numeric_1               0x08000163   Thumb Code     0  libinit2.o(.ARM.Collect$$libinit$$00000017)
    __rt_lib_init_lc_time_1                  0x08000163   Thumb Code     0  libinit2.o(.ARM.Collect$$libinit$$00000019)
    __rt_lib_init_preinit_1                  0x08000163   Thumb Code     0  libinit2.o(.ARM.Collect$$libinit$$00000004)
    __rt_lib_init_rand_1                     0x08000163   Thumb Code     0  libinit2.o(.ARM.Collect$$libinit$$0000000E)
    __rt_lib_init_return                     0x08000163   Thumb Code     0  libinit2.o(.ARM.Collect$$libinit$$00000033)
    __rt_lib_init_signal_1                   0x08000163   Thumb Code     0  libinit2.o(.ARM.Collect$$libinit$$0000001D)
    __rt_lib_init_stdio_1                    0x08000163   Thumb Code     0  libinit2.o(.ARM.Collect$$libinit$$00000025)
    __rt_lib_init_user_alloc_1               0x08000163   Thumb Code     0  libinit2.o(.ARM.Collect$$libinit$$0000000C)
    __rt_lib_shutdown                        0x08000165   Thumb Code     0  libshutdown.o(.ARM.Collect$$libshutdown$$00000000)
    __rt_lib_shutdown_cpp_1                  0x08000167   Thumb Code     0  libshutdown2.o(.ARM.Collect$$libshutdown$$00000004)
    __rt_lib_shutdown_fini_1                 0x08000167   Thumb Code     0  libshutdown2.o(.ARM.Collect$$libshutdown$$00000002)
    __rt_lib_shutdown_fp_trap_1              0x08000167   Thumb Code     0  libshutdown2.o(.ARM.Collect$$libshutdown$$00000009)
    __rt_lib_shutdown_heap_1                 0x08000167   Thumb Code     0  libshutdown2.o(.ARM.Collect$$libshutdown$$00000011)
    __rt_lib_shutdown_return                 0x08000167   Thumb Code     0  libshutdown2.o(.ARM.Collect$$libshutdown$$00000012)
    __rt_lib_shutdown_signal_1               0x08000167   Thumb Code     0  libshutdown2.o(.ARM.Collect$$libshutdown$$0000000C)
    __rt_lib_shutdown_stdio_1                0x08000167   Thumb Code     0  libshutdown2.o(.ARM.Collect$$libshutdown$$00000006)
    __rt_lib_shutdown_user_alloc_1           0x08000167   Thumb Code     0  libshutdown2.o(.ARM.Collect$$libshutdown$$0000000E)
    __rt_entry                               0x08000169   Thumb Code     0  __rtentry.o(.ARM.Collect$$rtentry$$00000000)
    __rt_entry_presh_1                       0x08000169   Thumb Code     0  __rtentry2.o(.ARM.Collect$$rtentry$$00000002)
    __rt_entry_sh                            0x08000169   Thumb Code     0  __rtentry4.o(.ARM.Collect$$rtentry$$00000004)
    __rt_entry_li                            0x0800016f   Thumb Code     0  __rtentry2.o(.ARM.Collect$$rtentry$$0000000A)
    __rt_entry_postsh_1                      0x0800016f   Thumb Code     0  __rtentry2.o(.ARM.Collect$$rtentry$$00000009)
    __rt_entry_main                          0x08000173   Thumb Code     0  __rtentry2.o(.ARM.Collect$$rtentry$$0000000D)
    __rt_entry_postli_1                      0x08000173   Thumb Code     0  __rtentry2.o(.ARM.Collect$$rtentry$$0000000C)
    __rt_exit                                0x0800017b   Thumb Code     0  rtexit.o(.ARM.Collect$$rtexit$$00000000)
    __rt_exit_ls                             0x0800017d   Thumb Code     0  rtexit2.o(.ARM.Collect$$rtexit$$00000003)
    __rt_exit_prels_1                        0x0800017d   Thumb Code     0  rtexit2.o(.ARM.Collect$$rtexit$$00000002)
    __rt_exit_exit                           0x08000181   Thumb Code     0  rtexit2.o(.ARM.Collect$$rtexit$$00000004)
    Reset_Handler                            0x08000189   Thumb Code     8  startup_stm32f10x_md.o(.text)
    NMI_Handler                              0x08000191   Thumb Code     2  startup_stm32f10x_md.o(.text)
    HardFault_Handler                        0x08000193   Thumb Code     2  startup_stm32f10x_md.o(.text)
    MemManage_Handler                        0x08000195   Thumb Code     2  startup_stm32f10x_md.o(.text)
    BusFault_Handler                         0x08000197   Thumb Code     2  startup_stm32f10x_md.o(.text)
    UsageFault_Handler                       0x08000199   Thumb Code     2  startup_stm32f10x_md.o(.text)
    SVC_Handler                              0x0800019b   Thumb Code     2  startup_stm32f10x_md.o(.text)
    DebugMon_Handler                         0x0800019d   Thumb Code     2  startup_stm32f10x_md.o(.text)
    PendSV_Handler                           0x0800019f   Thumb Code     2  startup_stm32f10x_md.o(.text)
    ADC1_2_IRQHandler                        0x080001a3   Thumb Code     0  startup_stm32f10x_md.o(.text)
    CAN1_RX1_IRQHandler                      0x080001a3   Thumb Code     0  startup_stm32f10x_md.o(.text)
    CAN1_SCE_IRQHandler                      0x080001a3   Thumb Code     0  startup_stm32f10x_md.o(.text)
    DMA1_Channel1_IRQHandler                 0x080001a3   Thumb Code     0  startup_stm32f10x_md.o(.text)
    DMA1_Channel2_IRQHandler                 0x080001a3   Thumb Code     0  startup_stm32f10x_md.o(.text)
    DMA1_Channel3_IRQHandler                 0x080001a3   Thumb Code     0  startup_stm32f10x_md.o(.text)
    DMA1_Channel4_IRQHandler                 0x080001a3   Thumb Code     0  startup_stm32f10x_md.o(.text)
    DMA1_Channel5_IRQHandler                 0x080001a3   Thumb Code     0  startup_stm32f10x_md.o(.text)
    DMA1_Channel6_IRQHandler                 0x080001a3   Thumb Code     0  startup_stm32f10x_md.o(.text)
    DMA1_Channel7_IRQHandler                 0x080001a3   Thumb Code     0  startup_stm32f10x_md.o(.text)
    EXTI0_IRQHandler                         0x080001a3   Thumb Code     0  startup_stm32f10x_md.o(.text)
    EXTI15_10_IRQHandler                     0x080001a3   Thumb Code     0  startup_stm32f10x_md.o(.text)
    EXTI1_IRQHandler                         0x080001a3   Thumb Code     0  startup_stm32f10x_md.o(.text)
    EXTI2_IRQHandler                         0x080001a3   Thumb Code     0  startup_stm32f10x_md.o(.text)
    EXTI3_IRQHandler                         0x080001a3   Thumb Code     0  startup_stm32f10x_md.o(.text)
    EXTI4_IRQHandler                         0x080001a3   Thumb Code     0  startup_stm32f10x_md.o(.text)
    EXTI9_5_IRQHandler                       0x080001a3   Thumb Code     0  startup_stm32f10x_md.o(.text)
    FLASH_IRQHandler                         0x080001a3   Thumb Code     0  startup_stm32f10x_md.o(.text)
    I2C1_ER_IRQHandler                       0x080001a3   Thumb Code     0  startup_stm32f10x_md.o(.text)
    I2C1_EV_IRQHandler                       0x080001a3   Thumb Code     0  startup_stm32f10x_md.o(.text)
    I2C2_ER_IRQHandler                       0x080001a3   Thumb Code     0  startup_stm32f10x_md.o(.text)
    I2C2_EV_IRQHandler                       0x080001a3   Thumb Code     0  startup_stm32f10x_md.o(.text)
    PVD_IRQHandler                           0x080001a3   Thumb Code     0  startup_stm32f10x_md.o(.text)
    RCC_IRQHandler                           0x080001a3   Thumb Code     0  startup_stm32f10x_md.o(.text)
    RTCAlarm_IRQHandler                      0x080001a3   Thumb Code     0  startup_stm32f10x_md.o(.text)
    RTC_IRQHandler                           0x080001a3   Thumb Code     0  startup_stm32f10x_md.o(.text)
    SPI1_IRQHandler                          0x080001a3   Thumb Code     0  startup_stm32f10x_md.o(.text)
    SPI2_IRQHandler                          0x080001a3   Thumb Code     0  startup_stm32f10x_md.o(.text)
    TAMPER_IRQHandler                        0x080001a3   Thumb Code     0  startup_stm32f10x_md.o(.text)
    TIM1_BRK_IRQHandler                      0x080001a3   Thumb Code     0  startup_stm32f10x_md.o(.text)
    TIM1_CC_IRQHandler                       0x080001a3   Thumb Code     0  startup_stm32f10x_md.o(.text)
    TIM1_TRG_COM_IRQHandler                  0x080001a3   Thumb Code     0  startup_stm32f10x_md.o(.text)
    TIM1_UP_IRQHandler                       0x080001a3   Thumb Code     0  startup_stm32f10x_md.o(.text)
    TIM2_IRQHandler                          0x080001a3   Thumb Code     0  startup_stm32f10x_md.o(.text)
    TIM3_IRQHandler                          0x080001a3   Thumb Code     0  startup_stm32f10x_md.o(.text)
    TIM4_IRQHandler                          0x080001a3   Thumb Code     0  startup_stm32f10x_md.o(.text)
    USART1_IRQHandler                        0x080001a3   Thumb Code     0  startup_stm32f10x_md.o(.text)
    USART2_IRQHandler                        0x080001a3   Thumb Code     0  startup_stm32f10x_md.o(.text)
    USART3_IRQHandler                        0x080001a3   Thumb Code     0  startup_stm32f10x_md.o(.text)
    USBWakeUp_IRQHandler                     0x080001a3   Thumb Code     0  startup_stm32f10x_md.o(.text)
    USB_HP_CAN1_TX_IRQHandler                0x080001a3   Thumb Code     0  startup_stm32f10x_md.o(.text)
    USB_LP_CAN1_RX0_IRQHandler               0x080001a3   Thumb Code     0  startup_stm32f10x_md.o(.text)
    WWDG_IRQHandler                          0x080001a3   Thumb Code     0  startup_stm32f10x_md.o(.text)
    __user_initial_stackheap                 0x080001a5   Thumb Code     0  startup_stm32f10x_md.o(.text)
    strlen                                   0x080001c9   Thumb Code    62  strlen.o(.text)
    __aeabi_memset                           0x08000207   Thumb Code    16  aeabi_memset.o(.text)
    __use_two_region_memory                  0x08000217   Thumb Code     2  heapauxi.o(.text)
    __rt_heap_escrow$2region                 0x08000219   Thumb Code     2  heapauxi.o(.text)
    __rt_heap_expand$2region                 0x0800021b   Thumb Code     2  heapauxi.o(.text)
    __aeabi_memclr                           0x0800021d   Thumb Code     0  rt_memclr.o(.text)
    __rt_memclr                              0x0800021d   Thumb Code    68  rt_memclr.o(.text)
    _memset                                  0x08000221   Thumb Code     0  rt_memclr.o(.text)
    __aeabi_memclr4                          0x08000261   Thumb Code     0  rt_memclr_w.o(.text)
    __aeabi_memclr8                          0x08000261   Thumb Code     0  rt_memclr_w.o(.text)
    __rt_memclr_w                            0x08000261   Thumb Code    78  rt_memclr_w.o(.text)
    _memset_w                                0x08000265   Thumb Code     0  rt_memclr_w.o(.text)
    __user_setup_stackheap                   0x080002af   Thumb Code    74  sys_stackheap_outer.o(.text)
    exit                                     0x080002f9   Thumb Code    18  exit.o(.text)
    __user_libspace                          0x0800030d   Thumb Code     8  libspace.o(.text)
    __user_perproc_libspace                  0x0800030d   Thumb Code     0  libspace.o(.text)
    __user_perthread_libspace                0x0800030d   Thumb Code     0  libspace.o(.text)
    _sys_exit                                0x08000315   Thumb Code     8  sys_exit.o(.text)
    __I$use$semihosting                      0x08000321   Thumb Code     0  use_no_semi.o(.text)
    __use_no_semihosting_swi                 0x08000321   Thumb Code     2  use_no_semi.o(.text)
    __semihosting_library_function           0x08000323   Thumb Code     0  indicate_semi.o(.text)
    BME280_GetData                           0x08000395   Thumb Code   298  bme280.o(i.BME280_GetData)
    BME280_Init                              0x080004d1   Thumb Code    74  bme280.o(i.BME280_Init)
    Clocks_Init                              0x08000589   Thumb Code    94  clocks.o(i.Clocks_Init)
    Conv_IntegerToString                     0x080005f1   Thumb Code    68  conversions.o(i.Conv_IntegerToString)
    Conv_StringToInteger                     0x08000635   Thumb Code    48  conversions.o(i.Conv_StringToInteger)
    DMA_Rx_BufferFull                        0x08000669   Thumb Code    44  dma.o(i.DMA_Rx_BufferFull)
    DMA_USART_Rx_Init                        0x08000695   Thumb Code    26  dma.o(i.DMA_USART_Rx_Init)
    Display_Bme280Data                       0x080006b1   Thumb Code   138  display.o(i.Display_Bme280Data)
    Display_NodeData                         0x08000749   Thumb Code   288  display.o(i.Display_NodeData)
    Display_Threshold                        0x0800087d   Thumb Code   430  display.o(i.Display_Threshold)
    GPIO_InputInit                           0x08000f75   Thumb Code    32  gpio.o(i.GPIO_InputInit)
    GPIO_InputInitReg                        0x08000f95   Thumb Code    28  gpio.o(i.GPIO_InputInitReg)
    GPIO_InputRead                           0x08000fb1   Thumb Code    26  gpio.o(i.GPIO_InputRead)
    GPIO_OutputClearReg                      0x08000fcb   Thumb Code     8  gpio.o(i.GPIO_OutputClearReg)
    GPIO_OutputInit                          0x08000fd3   Thumb Code    26  gpio.o(i.GPIO_OutputInit)
    GPIO_OutputRegWrite                      0x08000fed   Thumb Code     8  gpio.o(i.GPIO_OutputRegWrite)
    GPIO_OutputWrite                         0x08000ff5   Thumb Code    26  gpio.o(i.GPIO_OutputWrite)
    GPIO_Reset                               0x08001011   Thumb Code    74  gpio.o(i.GPIO_Reset)
    HC12_Init                                0x08001071   Thumb Code    46  hc12.o(i.HC12_Init)
    HC12_RxBufferInit                        0x080010a9   Thumb Code    24  hc12.o(i.HC12_RxBufferInit)
    HC12_Rx_BufferFull                       0x080010c9   Thumb Code    12  hc12.o(i.HC12_Rx_BufferFull)
    HC12_TransmitBytes                       0x080010d9   Thumb Code    18  hc12.o(i.HC12_TransmitBytes)
    HMI_Execute                              0x080010f1   Thumb Code   118  hmi.o(i.HMI_Execute)
    HMI_Init                                 0x080011a1   Thumb Code    14  hmi.o(i.HMI_Init)
    I2C_Init                                 0x080011bd   Thumb Code    38  i2c.o(i.I2C_Init)
    I2C_Read2Bytes                           0x080011e3   Thumb Code   170  i2c.o(i.I2C_Read2Bytes)
    I2C_ReadByte                             0x0800128d   Thumb Code   158  i2c.o(i.I2C_ReadByte)
    I2C_ReadMultiByte                        0x0800132d   Thumb Code   288  i2c.o(i.I2C_ReadMultiByte)
    I2C_WriteByte                            0x08001451   Thumb Code   114  i2c.o(i.I2C_WriteByte)
    Keypad_GetChar                           0x080014d5   Thumb Code    64  keypad.o(i.Keypad_GetChar)
    Keypad_Init                              0x08001521   Thumb Code    46  keypad.o(i.Keypad_Init)
    Keypad_StrTo16bitInt                     0x0800157b   Thumb Code    46  keypad.o(i.Keypad_StrTo16bitInt)
    Keypad_StrTo8bitInt                      0x080015a9   Thumb Code    46  keypad.o(i.Keypad_StrTo8bitInt)
    LCD_Clear                                0x080015d7   Thumb Code    12  lcd.o(i.LCD_Clear)
    LCD_Init                                 0x080015e5   Thumb Code   104  lcd.o(i.LCD_Init)
    LCD_SetCursor                            0x08001659   Thumb Code    38  lcd.o(i.LCD_SetCursor)
    LCD_WriteByte                            0x0800173d   Thumb Code    14  lcd.o(i.LCD_WriteByte)
    LCD_WriteString                          0x0800174b   Thumb Code    22  lcd.o(i.LCD_WriteString)
    Master_EncodeTxData                      0x08001761   Thumb Code    32  communication.o(i.Master_EncodeTxData)
    Master_TransmitReceive                   0x08001781   Thumb Code    72  communication.o(i.Master_TransmitReceive)
    SysTick_DelayMs                          0x08001929   Thumb Code    18  systick.o(i.SysTick_DelayMs)
    SysTick_Handler                          0x08001941   Thumb Code    12  systick.o(i.SysTick_Handler)
    SysTick_Init                             0x08001951   Thumb Code    26  systick.o(i.SysTick_Init)
    SystemInit                               0x0800196d   Thumb Code    78  system_stm32f10x.o(i.SystemInit)
    System_Init                              0x080019cd   Thumb Code    16  system.o(i.System_Init)
    System_TimerDelayMs                      0x080019dd   Thumb Code    12  system.o(i.System_TimerDelayMs)
    USART_Init                               0x080019e9   Thumb Code    98  uart.o(i.USART_Init)
    USART_TransmitBytes                      0x08001a4b   Thumb Code    34  uart.o(i.USART_TransmitBytes)
    main                                     0x08001a6d   Thumb Code    54  main.o(i.main)
    ddramAddr                                0x08001acd   Data          32  lcd.o(.constdata)
    keypadRowPin                             0x08001aed   Data           4  keypad.o(.constdata)
    keypad                                   0x08001af1   Data          16  keypad.o(.constdata)
    powerOfTen                               0x08001b04   Data          20  conversions.o(.constdata)
    Region$$Table$$Base                      0x08001b18   Number         0  anon$$obj.o(Region$$Table)
    Region$$Table$$Limit                     0x08001b38   Number         0  anon$$obj.o(Region$$Table)
    __libspace_start                         0x200000ac   Data          96  libspace.o(.bss)
    __temporary_stack_top$libspace           0x2000010c   Data           0  libspace.o(.bss)



==============================================================================

Memory Map of the image

  Image Entry point : 0x08000189

  Load Region LR_1 (Base: 0x08000000, Size: 0x00001ba8, Max: 0xffffffff, ABSOLUTE)

    Execution Region ER_RO (Exec base: 0x08000000, Load base: 0x08000000, Size: 0x00001b38, Max: 0xffffffff, ABSOLUTE)

    Exec Addr    Load Addr    Size         Type   Attr      Idx    E Section Name        Object

    0x08000000   0x08000000   0x000000ec   Data   RO         1000    RESET               startup_stm32f10x_md.o
    0x080000ec   0x080000ec   0x00000008   Code   RO         1059  * !!!main             c_w.l(__main.o)
    0x080000f4   0x080000f4   0x00000034   Code   RO         1222    !!!scatter          c_w.l(__scatter.o)
    0x08000128   0x08000128   0x0000001a   Code   RO         1224    !!handler_copy      c_w.l(__scatter_copy.o)
    0x08000142   0x08000142   0x00000002   PAD
    0x08000144   0x08000144   0x0000001c   Code   RO         1226    !!handler_zi        c_w.l(__scatter_zi.o)
    0x08000160   0x08000160   0x00000002   Code   RO         1090    .ARM.Collect$$libinit$$00000000  c_w.l(libinit.o)
    0x08000162   0x08000162   0x00000000   Code   RO         1097    .ARM.Collect$$libinit$$00000002  c_w.l(libinit2.o)
    0x08000162   0x08000162   0x00000000   Code   RO         1099    .ARM.Collect$$libinit$$00000004  c_w.l(libinit2.o)
    0x08000162   0x08000162   0x00000000   Code   RO         1102    .ARM.Collect$$libinit$$0000000A  c_w.l(libinit2.o)
    0x08000162   0x08000162   0x00000000   Code   RO         1104    .ARM.Collect$$libinit$$0000000C  c_w.l(libinit2.o)
    0x08000162   0x08000162   0x00000000   Code   RO         1106    .ARM.Collect$$libinit$$0000000E  c_w.l(libinit2.o)
    0x08000162   0x08000162   0x00000000   Code   RO         1109    .ARM.Collect$$libinit$$00000011  c_w.l(libinit2.o)
    0x08000162   0x08000162   0x00000000   Code   RO         1111    .ARM.Collect$$libinit$$00000013  c_w.l(libinit2.o)
    0x08000162   0x08000162   0x00000000   Code   RO         1113    .ARM.Collect$$libinit$$00000015  c_w.l(libinit2.o)
    0x08000162   0x08000162   0x00000000   Code   RO         1115    .ARM.Collect$$libinit$$00000017  c_w.l(libinit2.o)
    0x08000162   0x08000162   0x00000000   Code   RO         1117    .ARM.Collect$$libinit$$00000019  c_w.l(libinit2.o)
    0x08000162   0x08000162   0x00000000   Code   RO         1119    .ARM.Collect$$libinit$$0000001B  c_w.l(libinit2.o)
    0x08000162   0x08000162   0x00000000   Code   RO         1121    .ARM.Collect$$libinit$$0000001D  c_w.l(libinit2.o)
    0x08000162   0x08000162   0x00000000   Code   RO         1123    .ARM.Collect$$libinit$$0000001F  c_w.l(libinit2.o)
    0x08000162   0x08000162   0x00000000   Code   RO         1125    .ARM.Collect$$libinit$$00000021  c_w.l(libinit2.o)
    0x08000162   0x08000162   0x00000000   Code   RO         1127    .ARM.Collect$$libinit$$00000023  c_w.l(libinit2.o)
    0x08000162   0x08000162   0x00000000   Code   RO         1129    .ARM.Collect$$libinit$$00000025  c_w.l(libinit2.o)
    0x08000162   0x08000162   0x00000000   Code   RO         1133    .ARM.Collect$$libinit$$0000002C  c_w.l(libinit2.o)
    0x08000162   0x08000162   0x00000000   Code   RO         1135    .ARM.Collect$$libinit$$0000002E  c_w.l(libinit2.o)
    0x08000162   0x08000162   0x00000000   Code   RO         1137    .ARM.Collect$$libinit$$00000030  c_w.l(libinit2.o)
    0x08000162   0x08000162   0x00000000   Code   RO         1139    .ARM.Collect$$libinit$$00000032  c_w.l(libinit2.o)
    0x08000162   0x08000162   0x00000002   Code   RO         1140    .ARM.Collect$$libinit$$00000033  c_w.l(libinit2.o)
    0x08000164   0x08000164   0x00000002   Code   RO         1160    .ARM.Collect$$libshutdown$$00000000  c_w.l(libshutdown.o)
    0x08000166   0x08000166   0x00000000   Code   RO         1173    .ARM.Collect$$libshutdown$$00000002  c_w.l(libshutdown2.o)
    0x08000166   0x08000166   0x00000000   Code   RO         1175    .ARM.Collect$$libshutdown$$00000004  c_w.l(libshutdown2.o)
    0x08000166   0x08000166   0x00000000   Code   RO         1177    .ARM.Collect$$libshutdown$$00000006  c_w.l(libshutdown2.o)
    0x08000166   0x08000166   0x00000000   Code   RO         1180    .ARM.Collect$$libshutdown$$00000009  c_w.l(libshutdown2.o)
    0x08000166   0x08000166   0x00000000   Code   RO         1183    .ARM.Collect$$libshutdown$$0000000C  c_w.l(libshutdown2.o)
    0x08000166   0x08000166   0x00000000   Code   RO         1185    .ARM.Collect$$libshutdown$$0000000E  c_w.l(libshutdown2.o)
    0x08000166   0x08000166   0x00000000   Code   RO         1188    .ARM.Collect$$libshutdown$$00000011  c_w.l(libshutdown2.o)
    0x08000166   0x08000166   0x00000002   Code   RO         1189    .ARM.Collect$$libshutdown$$00000012  c_w.l(libshutdown2.o)
    0x08000168   0x08000168   0x00000000   Code   RO         1061    .ARM.Collect$$rtentry$$00000000  c_w.l(__rtentry.o)
    0x08000168   0x08000168   0x00000000   Code   RO         1065    .ARM.Collect$$rtentry$$00000002  c_w.l(__rtentry2.o)
    0x08000168   0x08000168   0x00000006   Code   RO         1077    .ARM.Collect$$rtentry$$00000004  c_w.l(__rtentry4.o)
    0x0800016e   0x0800016e   0x00000000   Code   RO         1067    .ARM.Collect$$rtentry$$00000009  c_w.l(__rtentry2.o)
    0x0800016e   0x0800016e   0x00000004   Code   RO         1068    .ARM.Collect$$rtentry$$0000000A  c_w.l(__rtentry2.o)
    0x08000172   0x08000172   0x00000000   Code   RO         1070    .ARM.Collect$$rtentry$$0000000C  c_w.l(__rtentry2.o)
    0x08000172   0x08000172   0x00000008   Code   RO         1071    .ARM.Collect$$rtentry$$0000000D  c_w.l(__rtentry2.o)
    0x0800017a   0x0800017a   0x00000002   Code   RO         1094    .ARM.Collect$$rtexit$$00000000  c_w.l(rtexit.o)
    0x0800017c   0x0800017c   0x00000000   Code   RO         1142    .ARM.Collect$$rtexit$$00000002  c_w.l(rtexit2.o)
    0x0800017c   0x0800017c   0x00000004   Code   RO         1143    .ARM.Collect$$rtexit$$00000003  c_w.l(rtexit2.o)
    0x08000180   0x08000180   0x00000006   Code   RO         1144    .ARM.Collect$$rtexit$$00000004  c_w.l(rtexit2.o)
    0x08000186   0x08000186   0x00000002   PAD
    0x08000188   0x08000188   0x00000040   Code   RO         1001  * .text               startup_stm32f10x_md.o
    0x080001c8   0x080001c8   0x0000003e   Code   RO         1053    .text               c_w.l(strlen.o)
    0x08000206   0x08000206   0x00000010   Code   RO         1055    .text               c_w.l(aeabi_memset.o)
    0x08000216   0x08000216   0x00000006   Code   RO         1057    .text               c_w.l(heapauxi.o)
    0x0800021c   0x0800021c   0x00000044   Code   RO         1062    .text               c_w.l(rt_memclr.o)
    0x08000260   0x08000260   0x0000004e   Code   RO         1079    .text               c_w.l(rt_memclr_w.o)
    0x080002ae   0x080002ae   0x0000004a   Code   RO         1081    .text               c_w.l(sys_stackheap_outer.o)
    0x080002f8   0x080002f8   0x00000012   Code   RO         1083    .text               c_w.l(exit.o)
    0x0800030a   0x0800030a   0x00000002   PAD
    0x0800030c   0x0800030c   0x00000008   Code   RO         1091    .text               c_w.l(libspace.o)
    0x08000314   0x08000314   0x0000000c   Code   RO         1152    .text               c_w.l(sys_exit.o)
    0x08000320   0x08000320   0x00000002   Code   RO         1163    .text               c_w.l(use_no_semi.o)
    0x08000322   0x08000322   0x00000000   Code   RO         1165    .text               c_w.l(indicate_semi.o)
    0x08000322   0x08000322   0x00000002   PAD
    0x08000324   0x08000324   0x00000070   Code   RO          612    i.ActivateColumn    keypad.o
    0x08000394   0x08000394   0x0000013c   Code   RO          256    i.BME280_GetData    bme280.o
    0x080004d0   0x080004d0   0x00000060   Code   RO          257    i.BME280_Init       bme280.o
    0x08000530   0x08000530   0x00000056   Code   RO          258    i.BME280_Store_Compensation_Parameters  bme280.o
    0x08000586   0x08000586   0x00000002   PAD
    0x08000588   0x08000588   0x00000068   Code   RO          672    i.Clocks_Init       clocks.o
    0x080005f0   0x080005f0   0x00000044   Code   RO          977    i.Conv_IntegerToString  conversions.o
    0x08000634   0x08000634   0x00000034   Code   RO          978    i.Conv_StringToInteger  conversions.o
    0x08000668   0x08000668   0x0000002c   Code   RO          944    i.DMA_Rx_BufferFull  dma.o
    0x08000694   0x08000694   0x0000001a   Code   RO          946    i.DMA_USART_Rx_Init  dma.o
    0x080006ae   0x080006ae   0x00000002   PAD
    0x080006b0   0x080006b0   0x00000098   Code   RO          129    i.Display_Bme280Data  display.o
    0x08000748   0x08000748   0x00000134   Code   RO          130    i.Display_NodeData  display.o
    0x0800087c   0x0800087c   0x000001c0   Code   RO          131    i.Display_Threshold  display.o
    0x08000a3c   0x08000a3c   0x00000040   Code   RO           58    i.FSM_DisplayBme280Data  hmi.o
    0x08000a7c   0x08000a7c   0x00000108   Code   RO           59    i.FSM_Humidity      hmi.o
    0x08000b84   0x08000b84   0x000000fc   Code   RO           60    i.FSM_IrrigTime     hmi.o
    0x08000c80   0x08000c80   0x00000110   Code   RO           61    i.FSM_Moisture      hmi.o
    0x08000d90   0x08000d90   0x000000a8   Code   RO           62    i.FSM_Node          hmi.o
    0x08000e38   0x08000e38   0x0000002c   Code   RO           63    i.FSM_StateTransition  hmi.o
    0x08000e64   0x08000e64   0x00000110   Code   RO           64    i.FSM_Temperature   hmi.o
    0x08000f74   0x08000f74   0x00000020   Code   RO          696    i.GPIO_InputInit    gpio.o
    0x08000f94   0x08000f94   0x0000001c   Code   RO          697    i.GPIO_InputInitReg  gpio.o
    0x08000fb0   0x08000fb0   0x0000001a   Code   RO          698    i.GPIO_InputRead    gpio.o
    0x08000fca   0x08000fca   0x00000008   Code   RO          699    i.GPIO_OutputClearReg  gpio.o
    0x08000fd2   0x08000fd2   0x0000001a   Code   RO          700    i.GPIO_OutputInit   gpio.o
    0x08000fec   0x08000fec   0x00000008   Code   RO          702    i.GPIO_OutputRegWrite  gpio.o
    0x08000ff4   0x08000ff4   0x0000001a   Code   RO          703    i.GPIO_OutputWrite  gpio.o
    0x0800100e   0x0800100e   0x00000002   PAD
    0x08001010   0x08001010   0x00000060   Code   RO          704    i.GPIO_Reset        gpio.o
    0x08001070   0x08001070   0x00000038   Code   RO          348    i.HC12_Init         hc12.o
    0x080010a8   0x080010a8   0x00000020   Code   RO          349    i.HC12_RxBufferInit  hc12.o
    0x080010c8   0x080010c8   0x00000010   Code   RO          350    i.HC12_Rx_BufferFull  hc12.o
    0x080010d8   0x080010d8   0x00000018   Code   RO          351    i.HC12_TransmitBytes  hc12.o
    0x080010f0   0x080010f0   0x000000b0   Code   RO           65    i.HMI_Execute       hmi.o
    0x080011a0   0x080011a0   0x0000001c   Code   RO           66    i.HMI_Init          hmi.o
    0x080011bc   0x080011bc   0x00000026   Code   RO          768    i.I2C_Init          i2c.o
    0x080011e2   0x080011e2   0x000000aa   Code   RO          769    i.I2C_Read2Bytes    i2c.o
    0x0800128c   0x0800128c   0x0000009e   Code   RO          770    i.I2C_ReadByte      i2c.o
    0x0800132a   0x0800132a   0x00000002   PAD
    0x0800132c   0x0800132c   0x00000124   Code   RO          771    i.I2C_ReadMultiByte  i2c.o
    0x08001450   0x08001450   0x00000072   Code   RO          772    i.I2C_WriteByte     i2c.o
    0x080014c2   0x080014c2   0x00000012   Code   RO          613    i.IsDigit           keypad.o
    0x080014d4   0x080014d4   0x0000004c   Code   RO          614    i.Keypad_GetChar    keypad.o
    0x08001520   0x08001520   0x0000003c   Code   RO          615    i.Keypad_Init       keypad.o
    0x0800155c   0x0800155c   0x0000001e   Code   RO          616    i.Keypad_StoreKeyPress  keypad.o
    0x0800157a   0x0800157a   0x0000002e   Code   RO          617    i.Keypad_StrTo16bitInt  keypad.o
    0x080015a8   0x080015a8   0x0000002e   Code   RO          618    i.Keypad_StrTo8bitInt  keypad.o
    0x080015d6   0x080015d6   0x0000000c   Code   RO          390    i.LCD_Clear         lcd.o
    0x080015e2   0x080015e2   0x00000002   PAD
    0x080015e4   0x080015e4   0x00000074   Code   RO          391    i.LCD_Init          lcd.o
    0x08001658   0x08001658   0x0000002c   Code   RO          392    i.LCD_SetCursor     lcd.o
    0x08001684   0x08001684   0x000000b8   Code   RO          393    i.LCD_Write         lcd.o
    0x0800173c   0x0800173c   0x0000000e   Code   RO          394    i.LCD_WriteByte     lcd.o
    0x0800174a   0x0800174a   0x00000016   Code   RO          395    i.LCD_WriteString   lcd.o
    0x08001760   0x08001760   0x00000020   Code   RO          160    i.Master_EncodeTxData  communication.o
    0x08001780   0x08001780   0x00000048   Code   RO          161    i.Master_TransmitReceive  communication.o
    0x080017c8   0x080017c8   0x00000020   Code   RO          132    i.RefreshRow        display.o
    0x080017e8   0x080017e8   0x0000002c   Code   RO           67    i.Reset_MasterToNode16bitData  hmi.o
    0x08001814   0x08001814   0x0000002c   Code   RO           68    i.Reset_MasterToNode8bitData  hmi.o
    0x08001840   0x08001840   0x00000008   Code   RO         1008    i.SetSysClock       system_stm32f10x.o
    0x08001848   0x08001848   0x000000e0   Code   RO         1009    i.SetSysClockTo72   system_stm32f10x.o
    0x08001928   0x08001928   0x00000018   Code   RO          822    i.SysTick_DelayMs   systick.o
    0x08001940   0x08001940   0x00000010   Code   RO          824    i.SysTick_Handler   systick.o
    0x08001950   0x08001950   0x0000001a   Code   RO          825    i.SysTick_Init      systick.o
    0x0800196a   0x0800196a   0x00000002   PAD
    0x0800196c   0x0800196c   0x00000060   Code   RO         1011    i.SystemInit        system_stm32f10x.o
    0x080019cc   0x080019cc   0x00000010   Code   RO          448    i.System_Init       system.o
    0x080019dc   0x080019dc   0x0000000c   Code   RO          449    i.System_TimerDelayMs  system.o
    0x080019e8   0x080019e8   0x00000062   Code   RO          866    i.USART_Init        uart.o
    0x08001a4a   0x08001a4a   0x00000022   Code   RO          870    i.USART_TransmitBytes  uart.o
    0x08001a6c   0x08001a6c   0x00000044   Code   RO            1    i.main              main.o
    0x08001ab0   0x08001ab0   0x0000001d   Data   RO          133    .constdata          display.o
    0x08001acd   0x08001acd   0x00000020   Data   RO          396    .constdata          lcd.o
    0x08001aed   0x08001aed   0x00000014   Data   RO          619    .constdata          keypad.o
    0x08001b01   0x08001b01   0x00000003   PAD
    0x08001b04   0x08001b04   0x00000014   Data   RO          979    .constdata          conversions.o
    0x08001b18   0x08001b18   0x00000020   Data   RO         1220    Region$$Table       anon$$obj.o


    Execution Region ER_RW (Exec base: 0x20000000, Load base: 0x08001b38, Size: 0x00000070, Max: 0xffffffff, ABSOLUTE)

    Exec Addr    Load Addr    Size         Type   Attr      Idx    E Section Name        Object

    0x20000000   0x08001b38   0x0000000f   Data   RW            2    .data               main.o
    0x2000000f   0x08001b47   0x00000001   PAD
    0x20000010   0x08001b48   0x00000048   Data   RW           69    .data               hmi.o
    0x20000058   0x08001b90   0x00000006   Data   RW          134    .data               display.o
    0x2000005e   0x08001b96   0x00000002   PAD
    0x20000060   0x08001b98   0x0000000c   Data   RW          260    .data               bme280.o
    0x2000006c   0x08001ba4   0x00000004   Data   RW          826    .data               systick.o


    Execution Region ER_ZI (Exec base: 0x20000070, Load base: 0x08001ba8, Size: 0x000006a0, Max: 0xffffffff, ABSOLUTE)

    Exec Addr    Load Addr    Size         Type   Attr      Idx    E Section Name        Object

    0x20000070        -       0x0000003c   Zero   RW          259    .bss                bme280.o
    0x200000ac        -       0x00000060   Zero   RW         1092    .bss                c_w.l(libspace.o)
    0x2000010c   0x08001ba8   0x00000004   PAD
    0x20000110        -       0x00000200   Zero   RW          999    HEAP                startup_stm32f10x_md.o
    0x20000310        -       0x00000400   Zero   RW          998    STACK               startup_stm32f10x_md.o


==============================================================================

Image component sizes


      Code (inc. data)   RO Data    RW Data    ZI Data      Debug   Object Name

         0          0          0          0          0     201896   bluetooth.o
       498         40          0         12         60       3363   bme280.o
       104         10          0          0          0        458   clocks.o
       104          0          0          0          0       1859   communication.o
       120          4         20          0          0       2011   conversions.o
       940         52         29          6          0       3644   display.o
        70          0          0          0          0       1784   dma.o
       250         22          0          0          0       5188   gpio.o
       128         28          0          0          0       2534   hc12.o
      1628        304          0         72          0       7701   hmi.o
       772          4          0          0          0       4119   i2c.o
       388         30         20          0          0       5094   keypad.o
       392         28         32          0          0       4253   lcd.o
        68         14          0         15          0       5999   main.o
        64         26        236          0       1536        860   startup_stm32f10x_md.o
        28          0          0          0          0        980   system.o
       328         28          0          0          0       2177   system_stm32f10x.o
        66         10          0          4          0       1975   systick.o
       132          0          0          0          0       1707   uart.o

    ----------------------------------------------------------------------
      6092        600        372        112       1596     257602   Object Totals
         0          0         32          0          0          0   (incl. Generated)
        12          0          3          3          0          0   (incl. Padding)

    ----------------------------------------------------------------------

      Code (inc. data)   RO Data    RW Data    ZI Data      Debug   Library Member Name

         8          0          0          0          0         68   __main.o
         0          0          0          0          0          0   __rtentry.o
        12          0          0          0          0          0   __rtentry2.o
         6          0          0          0          0          0   __rtentry4.o
        52          8          0          0          0          0   __scatter.o
        26          0          0          0          0          0   __scatter_copy.o
        28          0          0          0          0          0   __scatter_zi.o
        16          0          0          0          0         68   aeabi_memset.o
        18          0          0          0          0         80   exit.o
         6          0          0          0          0        152   heapauxi.o
         0          0          0          0          0          0   indicate_semi.o
         2          0          0          0          0          0   libinit.o
         2          0          0          0          0          0   libinit2.o
         2          0          0          0          0          0   libshutdown.o
         2          0          0          0          0          0   libshutdown2.o
         8          4          0          0         96         68   libspace.o
        68          0          0          0          0         68   rt_memclr.o
        78          0          0          0          0         80   rt_memclr_w.o
         2          0          0          0          0          0   rtexit.o
        10          0          0          0          0          0   rtexit2.o
        62          0          0          0          0         76   strlen.o
        12          4          0          0          0         68   sys_exit.o
        74          0          0          0          0         80   sys_stackheap_outer.o
         2          0          0          0          0         68   use_no_semi.o

    ----------------------------------------------------------------------
       504         16          0          0        100        876   Library Totals
         8          0          0          0          4          0   (incl. Padding)

    ----------------------------------------------------------------------

      Code (inc. data)   RO Data    RW Data    ZI Data      Debug   Library Name

       496         16          0          0         96        876   c_w.l

    ----------------------------------------------------------------------
       504         16          0          0        100        876   Library Totals

    ----------------------------------------------------------------------

==============================================================================


      Code (inc. data)   RO Data    RW Data    ZI Data      Debug   

      6596        616        372        112       1696     254834   Grand Totals
      6596        616        372        112       1696     254834   ELF Image Totals
      6596        616        372        112          0          0   ROM Totals

==============================================================================

    Total RO  Size (Code + RO Data)                 6968 (   6.80kB)
    Total RW  Size (RW Data + ZI Data)              1808 (   1.77kB)
    Total ROM Size (Code + RO Data + RW Data)       7080 (   6.91kB)

==============================================================================

